******************************************************************************
                  TI ARM Linker PC v16.9.1                     
******************************************************************************
>> Linked Thu Jun 08 11:08:17 2017

OUTPUT FILE NAME:   <airu-dev-1.out>
ENTRY POINT SYMBOL: "_c_int00"  address: 200137e1


MEMORY CONFIGURATION

         name            origin    length      used     unused   attr    fill
----------------------  --------  ---------  --------  --------  ----  --------
  SRAM_CODE             20004000   00013000  00010d28  000022d8  RW X
  SRAM_DATA             20017000   00019000  00006a6b  00012595  RW X


SEGMENT ALLOCATION MAP

run origin  load origin   length   init length attrs members
----------  ----------- ---------- ----------- ----- -------
20004000    20004000    00010d30   00010d30    r-x
  20004000    20004000    00000400   00000400    r-- .intvecs
  20004400    20004400    00010266   00010266    r-x .text
  20014668    20014668    0000063a   0000063a    r-- .const
  20014ca8    20014ca8    00000088   00000088    r-- .cinit
20017000    20017000    00004a6c   00000000    rw-
  20017000    20017000    00004000   00000000    rw- .sysmem
  2001b000    2001b000    000008c7   00000000    rw- .bss
  2001b8c8    2001b8c8    000001a4   00000000    rw- .data
2002e000    2002e000    00002000   00000000    rw-
  2002e000    2002e000    00002000   00000000    rw- .stack


SECTION ALLOCATION MAP

 output                                  attributes/
section   page    origin      length       input sections
--------  ----  ----------  ----------   ----------------
.intvecs   0    20004000    00000400     
                  20004000    00000400     startup_ccs.obj (.intvecs)

.init_array 
*          0    20004000    00000000     UNINITIALIZED

.text      0    20004400    00010266     
                  20004400    00002de4     ff.obj (.text)
                  200071e4    00000004     rtsv7M4_T_le_eabi.lib : pre_init.obj (.text)
                  200071e8    00001b58     main.obj (.text)
                  20008d40    0000125c     free_rtos.a : tasks.obj (.text)
                  20009f9c    00001122     rtsv7M4_T_le_eabi.lib : _printfi.obj (.text)
                  2000b0be    00000002     driverlib.a : interrupt.obj (.text:IntDefaultHandler)
                  2000b0c0    00000b24     free_rtos.a : queue.obj (.text)
                  2000bbe4    00000002     rtsv7M4_T_le_eabi.lib : mpu_init.obj (.text)
                  2000bbe6    00000002                           : startup.obj (.text)
                  2000bbe8    0000062c     diskio.obj (.text)
                  2000c214    00000590     simplelink.a : driver.obj (.text:_SlDrvMsgRead)
                  2000c7a4    00000004     --HOLE-- [fill = 0]
                  2000c7a8    000004ac     gpio_if.obj (.text)
                  2000cc54    0000045c     free_rtos.a : osi_freertos.obj (.text)
                  2000d0b0    000003d0     rtsv7M4_T_le_eabi.lib : memory.obj (.text)
                  2000d480    00000392     simplelink_if.obj (.text)
                  2000d812    00000006     driverlib.a : utils.obj (.text:UtilsDelay)
                  2000d818    0000032e     i2c_if.obj (.text)
                  2000db46    00000002     --HOLE-- [fill = 0]
                  2000db48    0000032a     uart_if.obj (.text)
                  2000de72    00000006     --HOLE-- [fill = 0]
                  2000de78    000002a8     pms_if.obj (.text)
                  2000e120    0000024c     simplelink.a : driver.obj (.text:_SlDrvRxHdrRead)
                  2000e36c    00000004     --HOLE-- [fill = 0]
                  2000e370    0000020e     timer_if.obj (.text)
                  2000e57e    000001f4     rtsv7M4_T_le_eabi.lib : ull_div_t2.obj (.text)
                  2000e772    00000002     --HOLE-- [fill = 0]
                  2000e774    000001e0     simplelink.a : driver.obj (.text:_SlDrvDataReadOp)
                  2000e954    000001d0                  : driver.obj (.text:_SlDrvReleasePoolObj)
                  2000eb24    00000004     --HOLE-- [fill = 0]
                  2000eb28    000001ce     device_status.obj (.text)
                  2000ecf6    000001b6     rtsv7M4_T_le_eabi.lib : fd_add_t2.obj (.text)
                  2000eeac    000001b0     simplelink.a : netapp.obj (.text:sl_NetAppPingStart)
                  2000f05c    00000004     --HOLE-- [fill = 0]
                  2000f060    000001ac     HDC1080.obj (.text)
                  2000f20c    0000019c     simplelink.a : driver.obj (.text:_SlDrvMsgWrite)
                  2000f3a8    00000190                  : driver.obj (.text:_SlDrvDriverCBInit)
                  2000f538    00000190                  : driver.obj (.text:_SlDrvWaitForPoolObj)
                  2000f6c8    00000178     driverlib.a : prcm.obj (.text:PRCMCC3200MCUInit)
                  2000f840    00000170     simplelink.a : driver.obj (.text:_SlFindAndSetActiveObj)
                  2000f9b0    00000150                  : cc_pal.obj (.text:spi_Open)
                  2000fb00    0000014c                  : driver.obj (.text:_SlDrvDataWriteOp)
                  2000fc4c    00000144                  : netapp.obj (.text:sl_NetAppDnsGetHostByName)
                  2000fd90    00000144                  : socket.obj (.text:sl_SendTo)
                  2000fed4    0000013c                  : driver.obj (.text:_SlDrvMsgReadCmdCtx)
                  20010010    0000013c                  : socket.obj (.text:sl_RecvFrom)
                  2001014c    00000136     rtsv7M4_T_le_eabi.lib : fd_div_t2.obj (.text)
                  20010282    0000012a     free_rtos.a : list.obj (.text)
                  200103ac    00000124     simplelink.a : driver.obj (.text:_SlDrvDriverCBDeinit)
                  200104d0    00000110     free_rtos.a : port.obj (.text)
                  200105e0    00000106     pinmux.obj (.text)
                  200106e6    00000104     simplelink.a : netapp.obj (.text:_SlDrvNetAppEventHandler)
                  200107ea    000000fc     rtsv7M4_T_le_eabi.lib : fd_mul_t2.obj (.text)
                  200108e6    000000fa                           : fs_add_t2.obj (.text)
                  200109e0    000000f0     simplelink.a : device.obj (.text:sl_Stop)
                  20010ad0    000000f0     driverlib.a : udma.obj (.text:uDMAChannelTransferSet)
                  20010bc0    000000ec     simplelink.a : device.obj (.text:sl_Start)
                  20010cac    000000e8                  : driver.obj (.text:_SlAsyncEventGenericHandler)
                  20010d94    000000e8                  : driver.obj (.text:_SlDrvMsgReadSpawnCtx)
                  20010e7c    000000e4                  : netapp.obj (.text:sl_NetAppMDNSRegisterUnregisterService)
                  20010f60    000000dc                  : driver.obj (.text:_SlDrvClassifyRxMsg)
                  2001103c    000000dc                  : cc_pal.obj (.text:spi_Read)
                  20011118    000000d8                  : netcfg.obj (.text:sl_NetCfgGet)
                  200111f0    000000d0     rtsv7M4_T_le_eabi.lib : s_scalbn.obj (.text)
                  200112c0    000000cc     simplelink.a : netapp.obj (.text:_sl_HandleAsync_DnsGetHostByService)
                  2001138c    000000cc                  : wlan.obj (.text:sl_WlanGet)
                  20011458    000000c4                  : driver.obj (.text:_SlRemoveFromList)
                  2001151c    000000c0                  : driver.obj (.text:_SlDrvCmdOp)
                  200115dc    000000ba     free_rtos.a : portasm.obj (.text)
                  20011696    00000002     --HOLE-- [fill = 0]
                  20011698    000000b8     simplelink.a : socket.obj (.text:sl_Bind)
                  20011750    000000b8                  : netapp.obj (.text:sl_NetAppGet)
                  20011808    000000a8     driverlib.a : interrupt.obj (.text:IntDisable)
                  200118b0    000000a8                 : interrupt.obj (.text:IntEnable)
                  20011958    000000a0                 : spi.obj (.text:SPIConfigSetExpClk)
                  200119f8    000000a0     simplelink.a : driver.obj (.text:_SlDriverHandleError)
                  20011a98    0000009c     rtsv7M4_T_le_eabi.lib : memcpy_t2.obj (.text)
                  20011b34    0000009a     simplelink.a : device.obj (.text:_SlDrvDeviceEventHandler)
                  20011bce    00000002     --HOLE-- [fill = 0]
                  20011bd0    00000098                  : netapp.obj (.text:sl_NetAppSet)
                  20011c68    00000098                  : socket.obj (.text:sl_SetSockOpt)
                  20011d00    00000098                  : wlan.obj (.text:sl_WlanSet)
                  20011d98    00000094     driverlib.a : prcm.obj (.text:PRCMPeripheralClockGet)
                  20011e2c    00000092     rtsv7M4_T_le_eabi.lib : fs_div_t2.obj (.text)
                  20011ebe    00000002     --HOLE-- [fill = 0]
                  20011ec0    00000090     simplelink.a : netapp.obj (.text:_sl_HandleAsync_DnsGetHostByName)
                  20011f50    00000090                  : netapp.obj (.text:_sl_HandleAsync_PingResponse)
                  20011fe0    0000008c                  : cc_pal.obj (.text:SetupDMAReceive)
                  2001206c    0000008c                  : cc_pal.obj (.text:SetupDMASend)
                  200120f8    0000008c                  : driver.obj (.text:_SlDrvIsTimeoutExpired)
                  20012184    0000008c                  : device.obj (.text:_sl_HandleAsync_InitComplete)
                  20012210    0000008c                  : socket.obj (.text:sl_Socket)
                  2001229c    0000008c                  : cc_pal.obj (.text:spi_Write)
                  20012328    00000088     driverlib.a : pin.obj (.text:PinConfigSet)
                  200123b0    00000088     rtsv7M4_T_le_eabi.lib : vsnprintf.obj (.text)
                  20012438    00000086                           : fd_cmp_t2.obj (.text:__aeabi_cdcmple)
                  200124be    00000086                           : fd_cmp_t2.obj (.text:__aeabi_cdrcmple)
                  20012544    00000084     driverlib.a : i2c.obj (.text:I2CMasterInitExpClk)
                  200125c8    00000082                 : gpio.obj (.text:GPIOIntTypeSet)
                  2001264a    00000002     --HOLE-- [fill = 0]
                  2001264c    00000080     simplelink.a : socket.obj (.text:_sl_HandleAsync_Connect)
                  200126cc    00000080                  : cc_pal.obj (.text:spi_Read_CPU)
                  2001274c    00000080                  : cc_pal.obj (.text:spi_Write_CPU)
                  200127cc    0000007c     driverlib.a : sdhost.obj (.text:SDHostInit)
                  20012848    0000007a     rtsv7M4_T_le_eabi.lib : fs_mul_t2.obj (.text)
                  200128c2    0000007a                           : memset_t2.obj (.text)
                  2001293c    00000078     simplelink.a : cc_pal.obj (.text:spi_Close)
                  200129b4    00000076     driverlib.a : uart.obj (.text:UARTConfigSetExpClk)
                  20012a2a    00000002     --HOLE-- [fill = 0]
                  20012a2c    00000070     rtsv7M4_T_le_eabi.lib : autoinit.obj (.text)
                  20012a9c    0000006c     simplelink.a : driver.obj (.text:_SlDrvCmdSend)
                  20012b08    0000006c                  : netapp.obj (.text:_sl_NetAppSendTokenValue)
                  20012b74    00000068     driverlib.a : timer.obj (.text:TimerIntUnregister)
                  20012bdc    00000068     rtsv7M4_T_le_eabi.lib : copy_decompress_lzss.obj (.text:decompress:lzss)
                  20012c44    00000068     simplelink.a : netapp.obj (.text:sl_NetAppMDNSRegisterService)
                  20012cac    00000066     driverlib.a : sdhost.obj (.text:SDHostSetExpClk)
                  20012d12    00000002     --HOLE-- [fill = 0]
                  20012d14    00000064     simplelink.a : socket.obj (.text:_sl_HandleAsync_Accept)
                  20012d78    00000064                  : netapp.obj (.text:sl_NetAppMDNSUnRegisterService)
                  20012ddc    00000064     driverlib.a : udma.obj (.text:uDMAChannelAttributeDisable)
                  20012e40    00000064                 : udma.obj (.text:uDMAChannelAttributeEnable)
                  20012ea4    00000060     rtsv7M4_T_le_eabi.lib : sprintf.obj (.text)
                  20012f04    00000060     simplelink.a : socket.obj (.text:sl_Close)
                  20012f64    00000060                  : wlan.obj (.text:sl_WlanSetMode)
                  20012fc4    0000005c     rtsv7M4_T_le_eabi.lib : s_frexp.obj (.text)
                  20013020    00000058     driverlib.a : interrupt.obj (.text:IntPendClear)
                  20013078    00000058                 : prcm.obj (.text:PRCMPeripheralReset)
                  200130d0    00000058     simplelink.a : netapp.obj (.text:sl_NetAppStart)
                  20013128    00000058                  : netapp.obj (.text:sl_NetAppStop)
                  20013180    00000054     driverlib.a : interrupt.obj (.text:IntPrioritySet)
                  200131d4    00000054     simplelink.a : socket.obj (.text:_sl_HandleAsync_Select)
                  20013228    00000054     rtsv7M4_T_le_eabi.lib : exit.obj (.text)
                  2001327c    00000054                           : ltoa.obj (.text)
                  200132d0    00000050     simplelink.a : driver.obj (.text:_SlDrvRxIrqHandler)
                  20013320    00000050                  : device.obj (.text:_sl_HandleAsync_Stop)
                  20013370    0000004c     driverlib.a : spi.obj (.text:SPIIntEnable)
                  200133bc    0000004c     simplelink.a : driver.obj (.text:_SlDrvProtectAsyncRespSetting)
                  20013408    0000004c                  : socket.obj (.text:_sl_BuildAddress)
                  20013454    0000004c     rtsv7M4_T_le_eabi.lib : atoi.obj (.text)
                  200134a0    0000004c                           : cpy_tbl.obj (.text)
                  200134ec    0000004c     driverlib.a : udma.obj (.text:uDMAChannelAssign)
                  20013538    00000048                 : spi.obj (.text:SPIIntClear)
                  20013580    00000048     simplelink.a : driver.obj (.text:_SlDrvBasicCmd)
                  200135c8    00000048     rtsv7M4_T_le_eabi.lib : fd_toi_t2.obj (.text)
                  20013610    00000044     driverlib.a : spi.obj (.text:SPIDmaMaskGet)
                  20013654    00000044                 : timer.obj (.text:TimerConfigure)
                  20013698    00000044                 : uart.obj (.text:UARTIntNumberGet)
                  200136dc    00000044     simplelink.a : cc_pal.obj (.text:cc_SetupTransfer)
                  20013720    00000040     driverlib.a : pin.obj (.text:PinModeSet)
                  20013760    00000040     simplelink.a : driver.obj (.text:_SlDrvSyncObjWaitTimeout)
                  200137a0    00000040                  : socket.obj (.text:_sl_TruncatePayloadByProtocol)
                  200137e0    00000040     rtsv7M4_T_le_eabi.lib : boot.obj (.text)
                  20013820    0000003e     driverlib.a : sdhost.obj (.text:SDHostCmdSend)
                  2001385e    0000003c     simplelink.a : netapp.obj (.text:CopyPingResultsToReport)
                  2001389a    00000002     --HOLE-- [fill = 0]
                  2001389c    0000003c     driverlib.a : prcm.obj (.text:PRCMPeripheralClkEnable)
                  200138d8    0000003c                 : pin.obj (.text:PinDirModeSet)
                  20013914    0000003c     simplelink.a : cc_pal.obj (.text:simplelink_timerA2_start)
                  20013950    0000003c     driverlib.a : udma.obj (.text:uDMAChannelControlSet)
                  2001398c    00000038     simplelink.a : cc_pal.obj (.text:NwpPowerOff)
                  200139c4    00000038     free_rtos.a : heap_3.obj (.text)
                  200139fc    00000038     rtsv7M4_T_le_eabi.lib : fs_tod_t2.obj (.text)
                  20013a34    00000038                           : i_tofs_t2.obj (.text)
                  20013a6c    00000036     driverlib.a : gpio.obj (.text:GPIODirModeSet)
                  20013aa2    00000002     --HOLE-- [fill = 0]
                  20013aa4    00000034                 : prcm.obj (.text:PRCMPeripheralStatusGet)
                  20013ad8    00000034                 : sdhost.obj (.text:SDHostRespGet)
                  20013b0c    00000034                 : spi.obj (.text:SPIFIFOLevelSet)
                  20013b40    00000032     hooks.obj (.text)
                  20013b72    00000030     driverlib.a : pin.obj (.text:PinTypeGPIO)
                  20013ba2    00000002     --HOLE-- [fill = 0]
                  20013ba4    00000030                 : uart.obj (.text:UARTDisable)
                  20013bd4    0000002e     rtsv7M4_T_le_eabi.lib : i_tofd_t2.obj (.text)
                  20013c02    00000002     --HOLE-- [fill = 0]
                  20013c04    0000002c     simplelink.a : cc_pal.obj (.text:DmaSpiSwIntHandler)
                  20013c30    0000002c     driverlib.a : i2c.obj (.text:I2CMasterErr)
                  20013c5c    0000002c     simplelink.a : cc_pal.obj (.text:NwpPowerOn)
                  20013c88    0000002c     driverlib.a : prcm.obj (.text:PRCMSysResetCauseGet)
                  20013cb4    0000002c                 : sdhost.obj (.text:SDHostIntStatus)
                  20013ce0    0000002a                 : timer.obj (.text:TimerLoadSet)
                  20013d0a    0000002a                 : timer.obj (.text:TimerPrescaleSet)
                  20013d34    00000028                 : prcm.obj (.text:PRCMPeripheralClkDisable)
                  20013d5c    00000028                 : sdhost.obj (.text:SDHostBlockSizeSet)
                  20013d84    00000028     simplelink.a : driver.obj (.text:_SlDrvObjGlobalLockWaitForever)
                  20013dac    00000028                  : driver.obj (.text:_SlDrvProtectionObjLockWaitForever)
                  20013dd4    00000026                  : cc_pal.obj (.text:NwpRegisterInterruptHandler)
                  20013dfa    00000026     driverlib.a : sdhost.obj (.text:SDHostBlockCountSet)
                  20013e20    00000024                 : interrupt.obj (.text:IntUnregister)
                  20013e44    00000024                 : sdhost.obj (.text:SDHostIntClear)
                  20013e68    00000024                 : uart.obj (.text:UARTEnable)
                  20013e8c    00000024     simplelink.a : driver.obj (.text:_SlDrvGlobalObjUnLock)
                  20013eb0    00000024                  : driver.obj (.text:_SlDrvProtectionObjUnLock)
                  20013ed4    00000024                  : driver.obj (.text:_SlDrvSyncObjWaitForever)
                  20013ef8    00000024     rtsv7M4_T_le_eabi.lib : memcmp.obj (.text)
                  20013f1c    00000024                           : memmov.obj (.text)
                  20013f40    00000024                           : u_tofs_t2.obj (.text)
                  20013f64    00000022     driverlib.a : i2c.obj (.text:I2CMasterSlaveAddrSet)
                  20013f86    00000022                 : sdhost.obj (.text:SDHostCmdReset)
                  20013fa8    00000022                 : spi.obj (.text:SPIReset)
                  20013fca    00000022                 : spi.obj (.text:SPIWordCountSet)
                  20013fec    00000022     simplelink.a : driver.obj (.text:_SlDrvObjLockWaitForever)
                  2001400e    00000002     --HOLE-- [fill = 0]
                  20014010    00000022     startup_ccs.obj (.text)
                  20014032    00000020     driverlib.a : gpio.obj (.text:GPIOPinWrite)
                  20014052    00000002     --HOLE-- [fill = 0]
                  20014054    00000020                 : interrupt.obj (.text:IntRegister)
                  20014074    00000020     simplelink.a : cc_pal.obj (.text:NwpPrePowerOffTimout0)
                  20014094    00000020     driverlib.a : sdhost.obj (.text:SDHostDataRead)
                  200140b4    00000020     simplelink.a : cc_pal.obj (.text:TimerGetCurrentTimestamp)
                  200140d4    0000001e     driverlib.a : i2c.obj (.text:I2CMasterIntStatusEx)
                  200140f2    0000001e                 : sdhost.obj (.text:SDHostDataWrite)
                  20014110    0000001e                 : timer.obj (.text:TimerDisable)
                  2001412e    0000001e                 : timer.obj (.text:TimerEnable)
                  2001414c    0000001e                 : timer.obj (.text:TimerIntStatus)
                  2001416a    0000001e                 : uart.obj (.text:UARTCharPut)
                  20014188    0000001e                 : uart.obj (.text:UARTIntRegister)
                  200141a6    0000001e     simplelink.a : driver.obj (.text:_SlDrvObjUnLock)
                  200141c4    0000001e                  : driver.obj (.text:_SlDrvSyncObjSignal)
                  200141e2    0000001e                  : cc_pal.obj (.text:cc_UDMAChannelSelect)
                  20014200    0000001e     rtsv7M4_T_le_eabi.lib : strcat.obj (.text)
                  2001421e    0000001c     driverlib.a : pin.obj (.text:PinTypeI2C)
                  2001423a    0000001c                 : timer.obj (.text:TimerValueGet)
                  20014256    0000001c                 : uart.obj (.text:UARTCharGetNonBlocking)
                  20014272    0000001c     simplelink.a : driver.obj (.text:_SlDrvStartMeasureTimeout)
                  2001428e    0000001c     rtsv7M4_T_le_eabi.lib : memccpy.obj (.text)
                  200142aa    00000002     --HOLE-- [fill = 0]
                  200142ac    0000001c     driverlib.a : udma.obj (.text:uDMAChannelEnable)
                  200142c8    0000001a                 : gpio.obj (.text:GPIOIntEnable)
                  200142e2    0000001a                 : pin.obj (.text:PinTypeSDHost)
                  200142fc    0000001a                 : pin.obj (.text:PinTypeUART)
                  20014316    0000001a                 : spi.obj (.text:SPIDmaDisable)
                  20014330    0000001a                 : spi.obj (.text:SPIDmaEnable)
                  2001434a    0000001a                 : spi.obj (.text:SPIFIFODisable)
                  20014364    0000001a                 : spi.obj (.text:SPIFIFOEnable)
                  2001437e    00000018                 : gpio.obj (.text:GPIOPinRead)
                  20014396    00000018                 : spi.obj (.text:SPICSDisable)
                  200143ae    00000018                 : spi.obj (.text:SPICSEnable)
                  200143c6    00000018                 : spi.obj (.text:SPIDisable)
                  200143de    00000018                 : spi.obj (.text:SPIEnable)
                  200143f6    00000018                 : timer.obj (.text:TimerIntDisable)
                  2001440e    00000018                 : timer.obj (.text:TimerIntEnable)
                  20014426    00000018                 : uart.obj (.text:UARTCharsAvail)
                  2001443e    00000018                 : uart.obj (.text:UARTIntEnable)
                  20014456    00000002     --HOLE-- [fill = 0]
                  20014458    00000018     simplelink.a : device.obj (.text:_sl_GetStartResponseConvert)
                  20014470    00000018     rtsv7M4_T_le_eabi.lib : args_main.obj (.text)
                  20014488    00000016     driverlib.a : i2c.obj (.text:I2CMasterDataPut)
                  2001449e    00000016                 : i2c.obj (.text:I2CMasterEnable)
                  200144b4    00000016                 : prcm.obj (.text:PRCMHIBRegRead)
                  200144ca    00000016                 : prcm.obj (.text:PRCMHIBRegWrite)
                  200144e0    00000016                 : uart.obj (.text:UARTFIFODisable)
                  200144f6    00000016     simplelink.a : driver.obj (.text:_SlDrvMemZero)
                  2001450c    00000016     rtsv7M4_T_le_eabi.lib : strchr.obj (.text)
                  20014522    00000014     driverlib.a : cpu.obj (.text:CPUcpsie)
                  20014536    00000014                 : gpio.obj (.text:GPIOIntClear)
                  2001454a    00000002     --HOLE-- [fill = 0]
                  2001454c    00000014                 : interrupt.obj (.text:IntVTableBaseSet)
                  20014560    00000014     rtsv7M4_T_le_eabi.lib : _lock.obj (.text)
                  20014574    00000014                           : strcpy.obj (.text)
                  20014588    00000014                           : strlen.obj (.text)
                  2001459c    00000012     driverlib.a : i2c.obj (.text:I2CMasterControl)
                  200145ae    00000012                 : i2c.obj (.text:I2CMasterIntClearEx)
                  200145c0    00000012                 : i2c.obj (.text:I2CMasterTimeoutSet)
                  200145d2    00000012                 : timer.obj (.text:TimerIntClear)
                  200145e4    00000012                 : uart.obj (.text:UARTIntClear)
                  200145f6    00000010     simplelink.a : driver.obj (.text:_SlDrvDispatchHttpServerEvents)
                  20014606    0000000e     driverlib.a : i2c.obj (.text:I2CMasterDataGet)
                  20014614    0000000e     simplelink.a : driver.obj (.text:_SlDrvResetCmdExt)
                  20014622    0000000e     rtsv7M4_T_le_eabi.lib : copy_decompress_none.obj (.text:decompress:none)
                  20014630    0000000c     simplelink.a : cc_pal.obj (.text:NwpMaskInterrupt)
                  2001463c    0000000c                  : cc_pal.obj (.text:NwpUnMaskInterrupt)
                  20014648    0000000c     rtsv7M4_T_le_eabi.lib : copy_zero_init.obj (.text:decompress:ZI)
                  20014654    0000000a     driverlib.a : interrupt.obj (.text:IntMasterEnable)
                  2001465e    00000008     rtsv7M4_T_le_eabi.lib : s_copysign.obj (.text)

.const     0    20014668    0000063a     
                  20014668    00000101     rtsv7M4_T_le_eabi.lib : ctype.obj (.const:.string:_ctypes_)
                  20014769    00000003     --HOLE-- [fill = 0]
                  2001476c    00000100     driverlib.a : pin.obj (.const:g_ulPinToPadMap)
                  2001486c    000000d4                 : interrupt.obj (.const:g_pulRegs)
                  20014940    000000a8                 : prcm.obj (.const:PRCM_PeriphRegsList)
                  200149e8    0000003c     simplelink.a : driver.obj (.const:OpcodeTranslateTable)
                  20014a24    00000038                  : driver.obj (.const:_SlActionLookupTable)
                  20014a5c    00000024     main.obj (.const:g_acMonthOfYear)
                  20014a80    00000021     simplelink_if.obj (.const:.string:$P$T2$7)
                  20014aa1    00000020     simplelink_if.obj (.const:.string:$P$T0$5)
                  20014ac1    00000020     simplelink_if.obj (.const:.string:$P$T1$6)
                  20014ae1    00000003     --HOLE-- [fill = 0]
                  20014ae4    00000020     simplelink.a : driver.obj (.const:RxMsgClassLUT)
                  20014b04    0000001e     main.obj (.const:.string:g_acSNTPserver)
                  20014b22    00000002     --HOLE-- [fill = 0]
                  20014b24    00000018     driverlib.a : interrupt.obj (.const:g_pulDisRegs)
                  20014b3c    00000018                 : interrupt.obj (.const:g_pulEnRegs)
                  20014b54    00000018                 : interrupt.obj (.const:g_pulUnpendRegs)
                  20014b6c    00000018                 : spi.obj (.const:g_ulSPIDmaMaskMap)
                  20014b84    00000015     main.obj (.const:.string:$P$T0$1)
                  20014b99    00000015     main.obj (.const:g_acDaysOfWeek2013)
                  20014bae    00000002     --HOLE-- [fill = 0]
                  20014bb0    00000014     simplelink.a : driver.obj (.const:$P$T0$1)
                  20014bc4    00000011     main.obj (.const:.string:$P$T4$5)
                  20014bd5    00000010     simplelink.a : socket.obj (.const:.string:_SlPayloadByProtocolLUT)
                  20014be5    00000003     --HOLE-- [fill = 0]
                  20014be8    00000010     driverlib.a : uart.obj (.const:g_ppulUARTIntMap)
                  20014bf8    0000000f     main.obj (.const:.string:$P$T2$3)
                  20014c07    0000000e     main.obj (.const:.string:$P$T3$4)
                  20014c15    0000000c     main.obj (.const:.string:$P$T1$2)
                  20014c21    0000000c     main.obj (.const:.string:g_acNumOfDaysPerMonth)
                  20014c2d    0000000b     main.obj (.const:.string:pcDigits)
                  20014c38    00000008     simplelink.a : device.obj (.const:StartResponseLUT)
                  20014c40    00000008                  : driver.obj (.const:g_H2NCnysPattern)
                  20014c48    00000008                  : driver.obj (.const:g_H2NSyncPattern)
                  20014c50    00000005     main.obj (.const:.string:$P$T5$8)
                  20014c55    00000001     --HOLE-- [fill = 0]
                  20014c56    00000004     simplelink.a : netapp.obj (.const:$P$T0$1)
                  20014c5a    00000004                  : socket.obj (.const:$P$T0$1)
                  20014c5e    00000004                  : socket.obj (.const:$P$T1$2)
                  20014c62    00000004                  : netapp.obj (.const:_SlGetHostByNameCtrl)
                  20014c66    00000004                  : netapp.obj (.const:_SlNetAppGetCmdCtrl)
                  20014c6a    00000004                  : netapp.obj (.const:_SlNetAppSendTokenValueCmdCtrl)
                  20014c6e    00000004                  : netapp.obj (.const:_SlNetAppSetCmdCtrl)
                  20014c72    00000004                  : netapp.obj (.const:_SlNetAppStartCtrl)
                  20014c76    00000004                  : netapp.obj (.const:_SlNetAppStopCtrl)
                  20014c7a    00000004                  : netcfg.obj (.const:_SlNetCfgGetCmdCtrl)
                  20014c7e    00000004                  : socket.obj (.const:_SlRecvfomCmdCtrl)
                  20014c82    00000004                  : netapp.obj (.const:_SlRegisterServiceCtrl)
                  20014c86    00000004                  : socket.obj (.const:_SlSetSockOptCmdCtrl)
                  20014c8a    00000004                  : socket.obj (.const:_SlSockCloseCmdCtrl)
                  20014c8e    00000004                  : socket.obj (.const:_SlSockSocketCmdCtrl)
                  20014c92    00000004                  : device.obj (.const:_SlStopCmdCtrl)
                  20014c96    00000004                  : wlan.obj (.const:_SlWlanCfgGetCmdCtrl)
                  20014c9a    00000004                  : wlan.obj (.const:_SlWlanCfgSetCmdCtrl)
                  20014c9e    00000004                  : wlan.obj (.const:_SlWlanSetModeCmdCtrl)

.cinit     0    20014ca8    00000088     
                  20014ca8    0000005e     (.cinit..data.load) [load image, compression = lzss]
                  20014d06    00000002     --HOLE-- [fill = 0]
                  20014d08    0000000c     (__TI_handler_table)
                  20014d14    00000004     --HOLE-- [fill = 0]
                  20014d18    00000008     (.cinit..bss.load) [load image, compression = zero_init]
                  20014d20    00000010     (__TI_cinit_table)

.sysmem    0    20017000    00004000     UNINITIALIZED
                  20017000    00000008     rtsv7M4_T_le_eabi.lib : memory.obj (.sysmem)
                  20017008    00003ff8     --HOLE--

.bss       0    2001b000    000008c7     UNINITIALIZED
                  2001b000    00000230     (.common:fs)
                  2001b230    00000224     (.common:fp)
                  2001b454    00000178     simplelink.a : driver.obj (.bss:g_StatMem)
                  2001b5cc    000000c8     free_rtos.a : tasks.obj (.bss:pxReadyTasksLists)
                  2001b694    00000050     (.common:g_ucDinDout)
                  2001b6e4    00000050     (.common:xQueueRegistry)
                  2001b734    00000040     (.common:g_sAppData)
                  2001b774    00000024     main.obj (.bss:g_ucConnectionSSID)
                  2001b798    00000024     simplelink_if.obj (.bss:strDeviceName$2)
                  2001b7bc    00000024     simplelink_if.obj (.bss:strDomainName$3)
                  2001b7e0    00000020     simplelink_if.obj (.bss:ssidName$4)
                  2001b800    00000014     simplelink_if.obj (.bss:macAddressFull$1)
                  2001b814    00000014     free_rtos.a : tasks.obj (.bss:xDelayedTaskList1)
                  2001b828    00000014                 : tasks.obj (.bss:xDelayedTaskList2)
                  2001b83c    00000014                 : tasks.obj (.bss:xPendingReadyList)
                  2001b850    00000014                 : tasks.obj (.bss:xSuspendedTaskList)
                  2001b864    00000014                 : tasks.obj (.bss:xTasksWaitingTermination)
                  2001b878    00000010     (.common:sAddr)
                  2001b888    00000010     (.common:sLocalAddr)
                  2001b898    00000008                 : tasks.obj (.bss)
                  2001b8a0    00000008     main.obj (.bss:g_ucConnectionBSSID)
                  2001b8a8    00000004     ff.obj (.bss:FatFs)
                  2001b8ac    00000004     uart_if.obj (.bss)
                  2001b8b0    00000004     (.common:DMAMsgQ)
                  2001b8b4    00000004     (.common:Size)
                  2001b8b8    00000004     (.common:g_cDummy)
                  2001b8bc    00000002     ff.obj (.bss)
                  2001b8be    00000002     (.common:g_usTimerInts)
                  2001b8c0    00000001     main.obj (.bss)
                  2001b8c1    00000001     (.common:RxIrqCnt)
                  2001b8c2    00000001     (.common:g_bDeviceRestartIsRequired)
                  2001b8c3    00000001     (.common:g_ucLED1Pin)
                  2001b8c4    00000001     (.common:g_ucLED2Pin)
                  2001b8c5    00000001     (.common:g_ucLED3Pin)
                  2001b8c6    00000001     (.common:res)

.data      0    2001b8c8    000001a4     UNINITIALIZED
                  2001b8c8    00000046     simplelink_if.obj (.data:mdnsText)
                  2001b90e    00000002     --HOLE--
                  2001b910    00000034     free_rtos.a : tasks.obj (.data)
                  2001b944    00000028     simplelink_if.obj (.data:mdnsServiceName)
                  2001b96c    00000018     diskio.obj (.data:g_sDisk)
                  2001b984    00000018     pms_if.obj (.data:g_ucpmsRingBuf)
                  2001b99c    00000014     gpio_if.obj (.data:ulReg)
                  2001b9b0    00000010     main.obj (.data)
                  2001b9c0    0000000d     pms_if.obj (.data)
                  2001b9cd    00000003     --HOLE--
                  2001b9d0    0000000d     simplelink.a : driver.obj (.data)
                  2001b9dd    00000003     --HOLE--
                  2001b9e0    0000000c     rtsv7M4_T_le_eabi.lib : exit.obj (.data:$O1$$)
                  2001b9ec    0000000c                           : memory.obj (.data:$O1$$)
                  2001b9f8    0000000c     free_rtos.a : osi_freertos.obj (.data)
                  2001ba04    0000000c     gpio_if.obj (.data)
                  2001ba10    0000000b     main.obj (.data:GET_token_ACC)
                  2001ba1b    0000000b     main.obj (.data:GET_token_TEMP)
                  2001ba26    0000000b     main.obj (.data:GET_token_UIC)
                  2001ba31    0000000b     main.obj (.data:POST_token)
                  2001ba3c    00000009     simplelink.a : cc_pal.obj (.data)
                  2001ba45    00000003     --HOLE--
                  2001ba48    00000008     rtsv7M4_T_le_eabi.lib : _lock.obj (.data:$O1$$)
                  2001ba50    00000008     device_status.obj (.data)
                  2001ba58    00000006     main.obj (.data:pm_buf$6)
                  2001ba5e    00000002     --HOLE--
                  2001ba60    00000004     free_rtos.a : port.obj (.data)
                  2001ba64    00000004     rtsv7M4_T_le_eabi.lib : errno.obj (.data)
                  2001ba68    00000004                           : stkdepth_vars.obj (.data)

.stack     0    2002e000    00002000     UNINITIALIZED
                  2002e000    00002000     --HOLE--

MODULE SUMMARY

       Module                     code    ro data   rw data
       ------                     ----    -------   -------
    .\src\
       ff.obj                     11748   0         6      
       main.obj                   7000    194       1322   
       diskio.obj                 1580    0         24     
       simplelink_if.obj          914     97        234    
       gpio_if.obj                1196    0         35     
       startup_ccs.obj            34      1024      0      
       i2c_if.obj                 814     0         0      
       uart_if.obj                810     0         4      
       pms_if.obj                 680     0         37     
       timer_if.obj               526     0         0      
       device_status.obj          462     0         8      
       HDC1080.obj                428     0         0      
       pinmux.obj                 262     0         0      
       hooks.obj                  50      0         0      
    +--+--------------------------+-------+---------+---------+
       Total:                     26504   1315      1670   
                                                           
    C:/TI/CC3200SDK_1.3.0/cc3200-sdk/driverlib/ccs/Release/driverlib.a
       prcm.obj                   852     168       0      
       interrupt.obj              608     284       0      
       spi.obj                    696     24        0      
       pin.obj                    388     256       0      
       udma.obj                   604     0         0      
       sdhost.obj                 594     0         0      
       uart.obj                   446     16        0      
       timer.obj                  440     0         0      
       i2c.obj                    352     0         0      
       gpio.obj                   286     0         0      
       cpu.obj                    20      0         0      
       utils.obj                  6       0         0      
    +--+--------------------------+-------+---------+---------+
       Total:                     5292    748       0      
                                                           
    C:/TI/CC3200SDK_1.3.0/cc3200-sdk/oslib/ccs/free_rtos/free_rtos.a
       tasks.obj                  4700    0         360    
       queue.obj                  2852    0         80     
       osi_freertos.obj           1116    0         12     
       list.obj                   298     0         0      
       port.obj                   272     0         4      
       portasm.obj                186     0         0      
       heap_3.obj                 56      0         0      
    +--+--------------------------+-------+---------+---------+
       Total:                     9480    0         456    
                                                           
    C:/TI/CC3200SDK_1.3.0/cc3200-sdk/simplelink/ccs/OS/simplelink.a
       driver.obj                 7610    184       391    
       netapp.obj                 2620    32        0      
       cc_pal.obj                 1780    0         97     
       socket.obj                 1664    40        0      
       device.obj                 874     12        0      
       wlan.obj                   452     12        0      
       netcfg.obj                 216     4         0      
    +--+--------------------------+-------+---------+---------+
       Total:                     15216   284       488    
                                                           
    C:\TI\ccsv7\tools\compiler\ti-cgt-arm_16.9.1.LTS\lib\rtsv7M4_T_le_eabi.lib
       _printfi.obj               4386    0         0      
       memory.obj                 976     0         12     
       ull_div_t2.obj             500     0         0      
       fd_add_t2.obj              438     0         0      
       fd_div_t2.obj              310     0         0      
       fd_cmp_t2.obj              268     0         0      
       ctype.obj                  0       257       0      
       fd_mul_t2.obj              252     0         0      
       fs_add_t2.obj              250     0         0      
       s_scalbn.obj               208     0         0      
       memcpy_t2.obj              156     0         0      
       fs_div_t2.obj              146     0         0      
       vsnprintf.obj              136     0         0      
       fs_mul_t2.obj              122     0         0      
       memset_t2.obj              122     0         0      
       autoinit.obj               112     0         0      
       copy_decompress_lzss.obj   104     0         0      
       exit.obj                   84      0         12     
       sprintf.obj                96      0         0      
       s_frexp.obj                92      0         0      
       ltoa.obj                   84      0         0      
       atoi.obj                   76      0         0      
       cpy_tbl.obj                76      0         0      
       fd_toi_t2.obj              72      0         0      
       boot.obj                   64      0         0      
       fs_tod_t2.obj              56      0         0      
       i_tofs_t2.obj              56      0         0      
       i_tofd_t2.obj              46      0         0      
       memcmp.obj                 36      0         0      
       memmov.obj                 36      0         0      
       u_tofs_t2.obj              36      0         0      
       strcat.obj                 30      0         0      
       _lock.obj                  20      0         8      
       memccpy.obj                28      0         0      
       args_main.obj              24      0         0      
       strchr.obj                 22      0         0      
       strcpy.obj                 20      0         0      
       strlen.obj                 20      0         0      
       copy_decompress_none.obj   14      0         0      
       copy_zero_init.obj         12      0         0      
       s_copysign.obj             8       0         0      
       errno.obj                  0       0         4      
       pre_init.obj               4       0         0      
       stkdepth_vars.obj          0       0         4      
       mpu_init.obj               2       0         0      
       startup.obj                2       0         0      
    +--+--------------------------+-------+---------+---------+
       Total:                     9602    257       40     
                                                           
       Heap:                      0       0         16384  
       Stack:                     0       0         8192   
       Linker Generated:          0       130       0      
    +--+--------------------------+-------+---------+---------+
       Grand Total:               66094   2734      27230  


LINKER GENERATED COPY TABLES

__TI_cinit_table @ 20014d20 records: 2, size/record: 8, table size: 16
	.data: load addr=20014ca8, load size=0000005e bytes, run addr=2001b8c8, run size=000001a4 bytes, compression=lzss
	.bss: load addr=20014d18, load size=00000008 bytes, run addr=2001b000, run size=000008c7 bytes, compression=zero_init


LINKER GENERATED HANDLER TABLE

__TI_handler_table @ 20014d08 records: 3, size/record: 4, table size: 12
	index: 0, handler: __TI_decompress_lzss
	index: 1, handler: __TI_decompress_none
	index: 2, handler: __TI_zero_init


GLOBAL SYMBOLS: SORTED ALPHABETICALLY BY Name 

address   name                                  
-------   ----                                  
20013229  C$$EXIT                               
20014523  CPUcpsie                              
2000dba9  ClearTerm                             
2000f099  ConfigureHDC1080Mode                  
20008639  ConnectToNetwork                      
2000eb51  ConnectionTest                        
2001b8b0  DMAMsgQ                               
20013c05  DmaSpiSwIntHandler                    
2000dbb9  Error                                 
20013a6d  GPIODirModeSet                        
20014537  GPIOIntClear                          
200142c9  GPIOIntEnable                         
200125c9  GPIOIntTypeSet                        
2001437f  GPIOPinRead                           
20014033  GPIOPinWrite                          
2000cb91  GPIO_IF_ConfigureNIntEnable           
2000cc19  GPIO_IF_Get                           
2000cb41  GPIO_IF_GetPortNPin                   
2000c7e9  GPIO_IF_LedConfigure                  
2000c959  GPIO_IF_LedOff                        
2000c851  GPIO_IF_LedOn                         
2000ca61  GPIO_IF_LedStatus                     
2000cb09  GPIO_IF_LedToggle                     
2000cbd9  GPIO_IF_Set                           
2000dbf9  GetCmd                                
2000f061  GetHDC1080Configuration               
2000f209  GetHDC1080DeviceID                    
2000f1d1  GetHDC1080ManufacturerID              
2000f169  GetHumidity                           
20007a91  GetNTPTimeTask                        
2000f0f9  GetTemperature                        
2001459d  I2CMasterControl                      
20014607  I2CMasterDataGet                      
20014489  I2CMasterDataPut                      
2001449f  I2CMasterEnable                       
20013c31  I2CMasterErr                          
20012545  I2CMasterInitExpClk                   
200145af  I2CMasterIntClearEx                   
200140d5  I2CMasterIntStatusEx                  
20013f65  I2CMasterSlaveAddrSet                 
200145c1  I2CMasterTimeoutSet                   
2000db39  I2C_IF_Close                          
2000dac9  I2C_IF_Open                           
2000d999  I2C_IF_Read                           
2000da79  I2C_IF_ReadFrom                       
2000d8c9  I2C_IF_Write                          
2000dee1  InitPMS                               
2000db49  InitTerm                              
20011809  IntDisable                            
200118b1  IntEnable                             
20014655  IntMasterEnable                       
20013021  IntPendClear                          
20013181  IntPrioritySet                        
20014055  IntRegister                           
20013e21  IntUnregister                         
2001454d  IntVTableBaseSet                      
20007a31  LedTimerConfigNStart                  
20007a71  LedTimerDeinitStop                    
2000db79  Message                               
200072c9  Network_IF_GetHostIP                  
20014631  NwpMaskInterrupt                      
2001398d  NwpPowerOff                           
20013c5d  NwpPowerOn                            
20014075  NwpPrePowerOffTimout0                 
20013dd5  NwpRegisterInterruptHandler           
2001463d  NwpUnMaskInterrupt                    
200149e8  OpcodeTranslateTable                  
2000e0d9  PMSGetPM01                            
2000e109  PMSGetPM10                            
2000e0f1  PMSGetPM2_5                           
2000e081  PMSSampleCheckSum                     
2000df31  PMSSampleGet                          
2000f6c9  PRCMCC3200MCUInit                     
200144b5  PRCMHIBRegRead                        
200144cb  PRCMHIBRegWrite                       
20013d35  PRCMPeripheralClkDisable              
2001389d  PRCMPeripheralClkEnable               
20011d99  PRCMPeripheralClockGet                
20013079  PRCMPeripheralReset                   
20013aa5  PRCMPeripheralStatusGet               
20013c89  PRCMSysResetCauseGet                  
20012329  PinConfigSet                          
200138d9  PinDirModeSet                         
20013721  PinModeSet                            
200105e1  PinMuxConfig                          
20013b73  PinTypeGPIO                           
2001421f  PinTypeI2C                            
200142e3  PinTypeSDHost                         
200142fd  PinTypeUART                           
2000ddb9  Report                                
20014011  ResetISR                              
2001b8c1  RxIrqCnt                              
20013dfb  SDHostBlockCountSet                   
20013d5d  SDHostBlockSizeSet                    
20013f87  SDHostCmdReset                        
20013821  SDHostCmdSend                         
20014095  SDHostDataRead                        
200140f3  SDHostDataWrite                       
200127cd  SDHostInit                            
20013e45  SDHostIntClear                        
20013cb5  SDHostIntStatus                       
20013ad9  SDHostRespGet                         
20012cad  SDHostSetExpClk                       
UNDEFED   SHT$$INIT_ARRAY$$Base                 
UNDEFED   SHT$$INIT_ARRAY$$Limit                
20014397  SPICSDisable                          
200143af  SPICSEnable                           
20011959  SPIConfigSetExpClk                    
200143c7  SPIDisable                            
20014317  SPIDmaDisable                         
20014331  SPIDmaEnable                          
200143df  SPIEnable                             
2001434b  SPIFIFODisable                        
20014365  SPIFIFOEnable                         
20013b0d  SPIFIFOLevelSet                       
20013539  SPIIntClear                           
20013371  SPIIntEnable                          
20013fa9  SPIReset                              
20013fcb  SPIWordCountSet                       
20008409  SimpleLinkGeneralEventHandler         
20008249  SimpleLinkHttpServerCallback          
20007f49  SimpleLinkNetAppEventHandler          
2000eb29  SimpleLinkPingReport                  
20008439  SimpleLinkSockEventHandler            
20007c91  SimpleLinkWlanEventHandler            
2001b8b4  Size                                  
20013655  TimerConfigure                        
20014111  TimerDisable                          
2001412f  TimerEnable                           
200140b5  TimerGetCurrentTimestamp              
200145d3  TimerIntClear                         
200143f7  TimerIntDisable                       
2001440f  TimerIntEnable                        
2001414d  TimerIntStatus                        
20012b75  TimerIntUnregister                    
20013ce1  TimerLoadSet                          
20007a01  TimerPeriodicIntHandler               
20013d0b  TimerPrescaleSet                      
2001423b  TimerValueGet                         
2000e519  Timer_IF_DeInit                       
2000e561  Timer_IF_GetCount                     
2000e3f9  Timer_IF_Init                         
2000e431  Timer_IF_IntSetup                     
2000e4b1  Timer_IF_InterruptClear               
2000e539  Timer_IF_ReLoad                       
2000e4d1  Timer_IF_Start                        
2000e501  Timer_IF_Stop                         
2000dd11  TrimSpace                             
20014257  UARTCharGetNonBlocking                
2001416b  UARTCharPut                           
20014427  UARTCharsAvail                        
200129b5  UARTConfigSetExpClk                   
20013ba5  UARTDisable                           
20013e69  UARTEnable                            
200144e1  UARTFIFODisable                       
200145e5  UARTIntClear                          
2001443f  UARTIntEnable                         
20014189  UARTIntRegister                       
2000d813  UtilsDelay                            
2000cf1d  VDeleteSimpleLinkSpawnTask            
2000cecd  VStartSimpleLinkSpawnTask             
20014a24  _SlActionLookupTable                  
200119f9  _SlDriverHandleError                  
20013581  _SlDrvBasicCmd                        
2001151d  _SlDrvCmdOp                           
20012a9d  _SlDrvCmdSend                         
2000e775  _SlDrvDataReadOp                      
2000fb01  _SlDrvDataWriteOp                     
20011b35  _SlDrvDeviceEventHandler              
200145f7  _SlDrvDispatchHttpServerEvents        
200103ad  _SlDrvDriverCBDeinit                  
2000f3a9  _SlDrvDriverCBInit                    
20013e8d  _SlDrvGlobalObjUnLock                 
200120f9  _SlDrvIsTimeoutExpired                
200144f7  _SlDrvMemZero                         
20010d95  _SlDrvMsgReadSpawnCtx                 
200106e7  _SlDrvNetAppEventHandler              
20013fed  _SlDrvObjLockWaitForever              
200141a7  _SlDrvObjUnLock                       
200133bd  _SlDrvProtectAsyncRespSetting         
20013dad  _SlDrvProtectionObjLockWaitForever    
20013eb1  _SlDrvProtectionObjUnLock             
2000e955  _SlDrvReleasePoolObj                  
20014615  _SlDrvResetCmdExt                     
200132d1  _SlDrvRxIrqHandler                    
20014273  _SlDrvStartMeasureTimeout             
200141c5  _SlDrvSyncObjSignal                   
20013ed5  _SlDrvSyncObjWaitForever              
20013761  _SlDrvSyncObjWaitTimeout              
2000f539  _SlDrvWaitForPoolObj                  
20014c6a  _SlNetAppSendTokenValueCmdCtrl        
20030000  __STACK_END                           
00002000  __STACK_SIZE                          
00004000  __SYSMEM_SIZE                         
20014d20  __TI_CINIT_Base                       
20014d30  __TI_CINIT_Limit                      
20014d08  __TI_Handler_Table_Base               
20014d14  __TI_Handler_Table_Limit              
20012a2d  __TI_auto_init                        
2001b9e0  __TI_cleanup_ptr                      
20012bdd  __TI_decompress_lzss                  
20014623  __TI_decompress_none                  
2001b9e4  __TI_dtors_ptr                        
2001b9e8  __TI_enable_exit_profile_output       
ffffffff  __TI_pprof_out_hndl                   
2000a7d5  __TI_printfi                          
ffffffff  __TI_prof_data_size                   
ffffffff  __TI_prof_data_start                  
20014ca8  __TI_static_base__                    
20014649  __TI_zero_init                        
20012439  __aeabi_cdcmpeq                       
20012439  __aeabi_cdcmple                       
200124bf  __aeabi_cdrcmple                      
200135c9  __aeabi_d2iz                          
2000ed01  __aeabi_dadd                          
2001014d  __aeabi_ddiv                          
200107eb  __aeabi_dmul                          
2000ecf7  __aeabi_dsub                          
200139fd  __aeabi_f2d                           
200108eb  __aeabi_fadd                          
20011e2d  __aeabi_fdiv                          
20012849  __aeabi_fmul                          
200108e7  __aeabi_fsub                          
20013bd5  __aeabi_i2d                           
20013a35  __aeabi_i2f                           
200128c3  __aeabi_memclr                        
200128c3  __aeabi_memclr4                       
200128c3  __aeabi_memclr8                       
20011a99  __aeabi_memcpy                        
20011a99  __aeabi_memcpy4                       
20011a99  __aeabi_memcpy8                       
200128c5  __aeabi_memset                        
200128c5  __aeabi_memset4                       
200128c5  __aeabi_memset8                       
20013f41  __aeabi_ui2f                          
2000e57f  __aeabi_uldivmod                      
ffffffff  __binit__                             
ffffffff  __c_args__                            
2000bbe5  __mpu_init                            
2002e000  __stack                               
20014471  _args_main                            
200137e1  _c_int00                              
20014668  _ctypes_                              
2001ba48  _lock                                 
2001456f  _nop                                  
20014567  _register_lock                        
20014561  _register_unlock                      
20012d15  _sl_HandleAsync_Accept                
2001264d  _sl_HandleAsync_Connect               
20011ec1  _sl_HandleAsync_DnsGetHostByName      
200112c1  _sl_HandleAsync_DnsGetHostByService   
20012185  _sl_HandleAsync_InitComplete          
20011f51  _sl_HandleAsync_PingResponse          
200131d5  _sl_HandleAsync_Select                
20013321  _sl_HandleAsync_Stop                  
20012b09  _sl_NetAppSendTokenValue              
20017000  _sys_memory                           
2000bbe7  _system_post_cinit                    
200071e5  _system_pre_init                      
2001ba4c  _unlock                               
2001322d  abort                                 
20013455  atoi                                  
ffffffff  binit                                 
2000d451  calloc                                
200046f1  clust2sect                            
200134a1  copy_in                               
2001465f  copysign                              
2001465f  copysignl                             
2000bd31  disk_initialize                       
2000c1c1  disk_ioctl                            
2000bf29  disk_read                             
2000bf09  disk_status                           
2000c031  disk_write                            
20008fd1  eTaskGetState                         
2001ba64  errno                                 
20013235  exit                                  
20005f09  f_append                              
20006f71  f_chmod                               
20006569  f_close                               
200068a9  f_closedir                            
200069b9  f_getfree                             
200065a1  f_lseek                               
20006d81  f_mkdir                               
20005c59  f_mount                               
20005ce1  f_open                                
200067f9  f_opendir                             
20005f49  f_read                                
200068d1  f_readdir                             
20007009  f_rename                              
20006961  f_stat                                
20006469  f_sync                                
20006b39  f_truncate                            
20006c71  f_unlink                              
20007161  f_utime                               
200061a9  f_write                               
2001b230  fp                                    
2000d19b  free                                  
20012fc5  frexp                                 
20012fc5  frexpl                                
2001b000  fs                                    
2001b9d0  g_SlDeviceStatus                      
2001ba3c  g_SpiFd                               
20014b99  g_acDaysOfWeek2013                    
20014a5c  g_acMonthOfYear                       
20014c21  g_acNumOfDaysPerMonth                 
20014b04  g_acSNTPserver                        
2001b8c2  g_bDeviceRestartIsRequired            
2001b8b8  g_cDummy                              
2001b9d4  g_pCB                                 
2001ba40  g_pHostIntHdl                         
20004000  g_pfnVectors                          
2001b734  g_sAppData                            
2001ba44  g_ucDMAEnabled                        
2001b694  g_ucDinDout                           
2001b8c3  g_ucLED1Pin                           
2001b8c4  g_ucLED2Pin                           
2001b8c5  g_ucLED3Pin                           
2001b984  g_ucpmsRingBuf                        
2001ba04  g_uiLED1Port                          
2001ba08  g_uiLED2Port                          
2001ba0c  g_uiLED3Port                          
2001b9c0  g_uiPM01                              
2001b9c8  g_uiPM10                              
2001b9c4  g_uiPM2_5                             
2001ba54  g_uiPingDone                          
2001ba50  g_uiPingPacketsRecv                   
2001b8be  g_usTimerInts                         
2000d529  getApDomainName                       
2000d4f9  getDeviceName                         
2000d481  getMacAddress                         
2000d559  getSsidName                           
20004729  get_fat                               
2000c211  get_fattime                           
200071e9  itoa                                  
200111f1  ldexp                                 
200111f1  ldexpl                                
2001327d  ltoa                                  
20008c51  main                                  
2001ba68  main_func_sp                          
2000d131  malloc                                
2000d021  mem_Free                              
2000d015  mem_Malloc                            
2000d041  mem_copy                              
2000d02d  mem_set                               
2000d365  memalign                              
2001428f  memccpy                               
20013ef9  memcmp                                
20011a99  memcpy                                
20013f1d  memmove                               
200128cb  memset                                
2000d0b1  minit                                 
2000d097  osi_ContextRestore                    
2000d095  osi_ContextSave                       
2000d055  osi_EnterCritical                     
2000d05f  osi_ExitCritical                      
2000cc7b  osi_InterruptDeRegister               
2000cc55  osi_InterruptRegister                 
2000cd85  osi_LockObjCreate                     
2000cdf9  osi_LockObjDelete                     
2000ce09  osi_LockObjLock                       
2000ce35  osi_LockObjUnlock                     
2000cf49  osi_MsgQCreate                        
2000cf8d  osi_MsgQDelete                        
2000cfd9  osi_MsgQRead                          
2000cfa7  osi_MsgQWrite                         
2000d071  osi_Sleep                             
2000ce5f  osi_Spawn                             
2000cd63  osi_SyncObjClear                      
2000cc8d  osi_SyncObjCreate                     
2000ccbd  osi_SyncObjDelete                     
2000ccd7  osi_SyncObjSignal                     
2000ccff  osi_SyncObjSignalFromISR              
2000cd37  osi_SyncObjWait                       
2000cdab  osi_TaskCreate                        
2000cdeb  osi_TaskDelete                        
2000d081  osi_TaskDisable                       
2000d08b  osi_TaskEnable                        
2000d069  osi_start                             
2001b9d8  pPingCallBackFunc                     
200094f5  pcTaskGetTaskName                     
20011691  portCLZ                               
20011679  prvPortStartFirstTask                 
20004879  put_fat                               
200139c5  pvPortMalloc                          
2001b910  pxCurrentTCB                          
200104d1  pxPortInitialiseStack                 
2000d25d  realloc                               
2000d631  registerMdnsService                   
2001b8c6  res                                   
2001b878  sAddr                                 
2001b888  sLocalAddr                            
200111f1  scalbn                                
200111f1  scalbnl                               
2000d5b9  setApDomainName                       
2000d589  setDeviceName                         
2000d5f1  setSsidName                           
20013915  simplelink_timerA2_start              
20011699  sl_Bind                               
20012f05  sl_Close                              
2000fc4d  sl_NetAppDnsGetHostByName             
20011751  sl_NetAppGet                          
20012c45  sl_NetAppMDNSRegisterService          
20010e7d  sl_NetAppMDNSRegisterUnregisterService
20012d79  sl_NetAppMDNSUnRegisterService        
2000eead  sl_NetAppPingStart                    
20011bd1  sl_NetAppSet                          
200130d1  sl_NetAppStart                        
20013129  sl_NetAppStop                         
20011119  sl_NetCfgGet                          
20010011  sl_RecvFrom                           
2000fd91  sl_SendTo                             
20011c69  sl_SetSockOpt                         
20012211  sl_Socket                             
20010bc1  sl_Start                              
200109e1  sl_Stop                               
2001138d  sl_WlanGet                            
20011d01  sl_WlanSet                            
20012f65  sl_WlanSetMode                        
2001293d  spi_Close                             
2000f9b1  spi_Open                              
2001103d  spi_Read                              
2001229d  spi_Write                             
20012ea5  sprintf                               
20014201  strcat                                
2001450d  strchr                                
20014575  strcpy                                
20014589  strlen                                
200134ed  uDMAChannelAssign                     
20012ddd  uDMAChannelAttributeDisable           
20012e41  uDMAChannelAttributeEnable            
20013951  uDMAChannelControlSet                 
200142ad  uDMAChannelEnable                     
20010ad1  uDMAChannelTransferSet                
2000b841  ucQueueGetQueueType                   
200115e1  ulPortSetInterruptMask                
2000d791  unregisterMdnsService                 
20010365  uxListRemove                          
2000b821  uxQueueGetQueueNumber                 
2000b7b5  uxQueueMessagesWaiting                
2000b7eb  uxQueueMessagesWaitingFromISR         
2000b7cb  uxQueueSpacesAvailable                
200094e9  uxTaskGetNumberOfTasks                
20009519  uxTaskGetSystemState                  
20009a0d  uxTaskGetTaskNumber                   
20009065  uxTaskPriorityGet                     
20009f65  uxTaskResetEventItemValue             
20013b59  vApplicationIdleHook                  
20013b71  vApplicationMallocFailedHook          
20013b61  vApplicationStackOverflowHook         
20013b41  vApplicationTickHook                  
20013b49  vAssertCalled                         
20010283  vListInitialise                       
200102b3  vListInitialiseItem                   
200102ff  vListInsert                           
200102c3  vListInsertEnd                        
200115f7  vPortClearInterruptMask               
2001054d  vPortEndScheduler                     
20010561  vPortEnterCritical                    
20010579  vPortExitCritical                     
200139e5  vPortFree                             
20011651  vPortSVCHandler                       
200105ad  vPortSetupTimerInterrupt              
2001054f  vPortYield                            
2000ba5b  vQueueAddToRegistry                   
2000b7fd  vQueueDelete                          
2000b82f  vQueueSetQueueNumber                  
2000ba9d  vQueueUnregisterQueue                 
20008f7b  vTaskDelay                            
20008edf  vTaskDelayUntil                       
20008e4f  vTaskDelete                           
200093cd  vTaskEndScheduler                     
200099ff  vTaskMissedYield                      
20009795  vTaskPlaceOnEventList                 
200097f9  vTaskPlaceOnUnorderedEventList        
20009edb  vTaskPriorityDisinherit               
20009e21  vTaskPriorityInherit                  
2000909d  vTaskPrioritySet                      
20009295  vTaskResume                           
20009a2d  vTaskSetTaskNumber                    
2000995f  vTaskSetTimeOutState                  
20009383  vTaskStartScheduler                   
200091a1  vTaskSuspend                          
200093df  vTaskSuspendAll                       
20009715  vTaskSwitchContext                    
200123b1  vsnprintf                             
2001b9f8  xHigherPriorityTaskWoken              
20011605  xPortPendSVHandler                    
20010521  xPortStartScheduler                   
20010591  xPortSysTickHandler                   
2000baeb  xQueueAddToSet                        
2000b41d  xQueueAltGenericReceive               
2000b371  xQueueAltGenericSend                  
2000b245  xQueueCreateCountingSemaphore         
2000b1c7  xQueueCreateMutex                     
2000bad7  xQueueCreateSet                       
2000b151  xQueueGenericCreate                   
2000b5b7  xQueueGenericReceive                  
2000b0c1  xQueueGenericReset                    
2000b265  xQueueGenericSend                     
2000b51b  xQueueGenericSendFromISR              
2000b9f7  xQueueIsQueueEmptyFromISR             
2000ba39  xQueueIsQueueFullFromISR              
2000b771  xQueuePeekFromISR                     
2000b6f9  xQueueReceiveFromISR                  
2001b6e4  xQueueRegistry                        
2000bb1f  xQueueRemoveFromSet                   
2000bb61  xQueueSelectFromSet                   
2000bb7b  xQueueSelectFromSetFromISR            
2001b9fc  xSimpleLinkSpawnQueue                 
2001ba00  xSimpleLinkSpawnTaskHndl              
20009985  xTaskCheckForTimeOut                  
20008d41  xTaskGenericCreate                    
20009dd5  xTaskGetCurrentTaskHandle             
200095d7  xTaskGetIdleTaskHandle                
20009de9  xTaskGetSchedulerState                
200094bd  xTaskGetTickCount                     
200094d1  xTaskGetTickCountFromISR              
200095f1  xTaskIncrementTick                    
2000986d  xTaskRemoveFromEventList              
200098f1  xTaskRemoveFromUnorderedEventList     
200093f1  xTaskResumeAll                        
20009309  xTaskResumeFromISR                    


GLOBAL SYMBOLS: SORTED BY Symbol Address 

address   name                                  
-------   ----                                  
00002000  __STACK_SIZE                          
00004000  __SYSMEM_SIZE                         
20004000  g_pfnVectors                          
200046f1  clust2sect                            
20004729  get_fat                               
20004879  put_fat                               
20005c59  f_mount                               
20005ce1  f_open                                
20005f09  f_append                              
20005f49  f_read                                
200061a9  f_write                               
20006469  f_sync                                
20006569  f_close                               
200065a1  f_lseek                               
200067f9  f_opendir                             
200068a9  f_closedir                            
200068d1  f_readdir                             
20006961  f_stat                                
200069b9  f_getfree                             
20006b39  f_truncate                            
20006c71  f_unlink                              
20006d81  f_mkdir                               
20006f71  f_chmod                               
20007009  f_rename                              
20007161  f_utime                               
200071e5  _system_pre_init                      
200071e9  itoa                                  
200072c9  Network_IF_GetHostIP                  
20007a01  TimerPeriodicIntHandler               
20007a31  LedTimerConfigNStart                  
20007a71  LedTimerDeinitStop                    
20007a91  GetNTPTimeTask                        
20007c91  SimpleLinkWlanEventHandler            
20007f49  SimpleLinkNetAppEventHandler          
20008249  SimpleLinkHttpServerCallback          
20008409  SimpleLinkGeneralEventHandler         
20008439  SimpleLinkSockEventHandler            
20008639  ConnectToNetwork                      
20008c51  main                                  
20008d41  xTaskGenericCreate                    
20008e4f  vTaskDelete                           
20008edf  vTaskDelayUntil                       
20008f7b  vTaskDelay                            
20008fd1  eTaskGetState                         
20009065  uxTaskPriorityGet                     
2000909d  vTaskPrioritySet                      
200091a1  vTaskSuspend                          
20009295  vTaskResume                           
20009309  xTaskResumeFromISR                    
20009383  vTaskStartScheduler                   
200093cd  vTaskEndScheduler                     
200093df  vTaskSuspendAll                       
200093f1  xTaskResumeAll                        
200094bd  xTaskGetTickCount                     
200094d1  xTaskGetTickCountFromISR              
200094e9  uxTaskGetNumberOfTasks                
200094f5  pcTaskGetTaskName                     
20009519  uxTaskGetSystemState                  
200095d7  xTaskGetIdleTaskHandle                
200095f1  xTaskIncrementTick                    
20009715  vTaskSwitchContext                    
20009795  vTaskPlaceOnEventList                 
200097f9  vTaskPlaceOnUnorderedEventList        
2000986d  xTaskRemoveFromEventList              
200098f1  xTaskRemoveFromUnorderedEventList     
2000995f  vTaskSetTimeOutState                  
20009985  xTaskCheckForTimeOut                  
200099ff  vTaskMissedYield                      
20009a0d  uxTaskGetTaskNumber                   
20009a2d  vTaskSetTaskNumber                    
20009dd5  xTaskGetCurrentTaskHandle             
20009de9  xTaskGetSchedulerState                
20009e21  vTaskPriorityInherit                  
20009edb  vTaskPriorityDisinherit               
20009f65  uxTaskResetEventItemValue             
2000a7d5  __TI_printfi                          
2000b0c1  xQueueGenericReset                    
2000b151  xQueueGenericCreate                   
2000b1c7  xQueueCreateMutex                     
2000b245  xQueueCreateCountingSemaphore         
2000b265  xQueueGenericSend                     
2000b371  xQueueAltGenericSend                  
2000b41d  xQueueAltGenericReceive               
2000b51b  xQueueGenericSendFromISR              
2000b5b7  xQueueGenericReceive                  
2000b6f9  xQueueReceiveFromISR                  
2000b771  xQueuePeekFromISR                     
2000b7b5  uxQueueMessagesWaiting                
2000b7cb  uxQueueSpacesAvailable                
2000b7eb  uxQueueMessagesWaitingFromISR         
2000b7fd  vQueueDelete                          
2000b821  uxQueueGetQueueNumber                 
2000b82f  vQueueSetQueueNumber                  
2000b841  ucQueueGetQueueType                   
2000b9f7  xQueueIsQueueEmptyFromISR             
2000ba39  xQueueIsQueueFullFromISR              
2000ba5b  vQueueAddToRegistry                   
2000ba9d  vQueueUnregisterQueue                 
2000bad7  xQueueCreateSet                       
2000baeb  xQueueAddToSet                        
2000bb1f  xQueueRemoveFromSet                   
2000bb61  xQueueSelectFromSet                   
2000bb7b  xQueueSelectFromSetFromISR            
2000bbe5  __mpu_init                            
2000bbe7  _system_post_cinit                    
2000bd31  disk_initialize                       
2000bf09  disk_status                           
2000bf29  disk_read                             
2000c031  disk_write                            
2000c1c1  disk_ioctl                            
2000c211  get_fattime                           
2000c7e9  GPIO_IF_LedConfigure                  
2000c851  GPIO_IF_LedOn                         
2000c959  GPIO_IF_LedOff                        
2000ca61  GPIO_IF_LedStatus                     
2000cb09  GPIO_IF_LedToggle                     
2000cb41  GPIO_IF_GetPortNPin                   
2000cb91  GPIO_IF_ConfigureNIntEnable           
2000cbd9  GPIO_IF_Set                           
2000cc19  GPIO_IF_Get                           
2000cc55  osi_InterruptRegister                 
2000cc7b  osi_InterruptDeRegister               
2000cc8d  osi_SyncObjCreate                     
2000ccbd  osi_SyncObjDelete                     
2000ccd7  osi_SyncObjSignal                     
2000ccff  osi_SyncObjSignalFromISR              
2000cd37  osi_SyncObjWait                       
2000cd63  osi_SyncObjClear                      
2000cd85  osi_LockObjCreate                     
2000cdab  osi_TaskCreate                        
2000cdeb  osi_TaskDelete                        
2000cdf9  osi_LockObjDelete                     
2000ce09  osi_LockObjLock                       
2000ce35  osi_LockObjUnlock                     
2000ce5f  osi_Spawn                             
2000cecd  VStartSimpleLinkSpawnTask             
2000cf1d  VDeleteSimpleLinkSpawnTask            
2000cf49  osi_MsgQCreate                        
2000cf8d  osi_MsgQDelete                        
2000cfa7  osi_MsgQWrite                         
2000cfd9  osi_MsgQRead                          
2000d015  mem_Malloc                            
2000d021  mem_Free                              
2000d02d  mem_set                               
2000d041  mem_copy                              
2000d055  osi_EnterCritical                     
2000d05f  osi_ExitCritical                      
2000d069  osi_start                             
2000d071  osi_Sleep                             
2000d081  osi_TaskDisable                       
2000d08b  osi_TaskEnable                        
2000d095  osi_ContextSave                       
2000d097  osi_ContextRestore                    
2000d0b1  minit                                 
2000d131  malloc                                
2000d19b  free                                  
2000d25d  realloc                               
2000d365  memalign                              
2000d451  calloc                                
2000d481  getMacAddress                         
2000d4f9  getDeviceName                         
2000d529  getApDomainName                       
2000d559  getSsidName                           
2000d589  setDeviceName                         
2000d5b9  setApDomainName                       
2000d5f1  setSsidName                           
2000d631  registerMdnsService                   
2000d791  unregisterMdnsService                 
2000d813  UtilsDelay                            
2000d8c9  I2C_IF_Write                          
2000d999  I2C_IF_Read                           
2000da79  I2C_IF_ReadFrom                       
2000dac9  I2C_IF_Open                           
2000db39  I2C_IF_Close                          
2000db49  InitTerm                              
2000db79  Message                               
2000dba9  ClearTerm                             
2000dbb9  Error                                 
2000dbf9  GetCmd                                
2000dd11  TrimSpace                             
2000ddb9  Report                                
2000dee1  InitPMS                               
2000df31  PMSSampleGet                          
2000e081  PMSSampleCheckSum                     
2000e0d9  PMSGetPM01                            
2000e0f1  PMSGetPM2_5                           
2000e109  PMSGetPM10                            
2000e3f9  Timer_IF_Init                         
2000e431  Timer_IF_IntSetup                     
2000e4b1  Timer_IF_InterruptClear               
2000e4d1  Timer_IF_Start                        
2000e501  Timer_IF_Stop                         
2000e519  Timer_IF_DeInit                       
2000e539  Timer_IF_ReLoad                       
2000e561  Timer_IF_GetCount                     
2000e57f  __aeabi_uldivmod                      
2000e775  _SlDrvDataReadOp                      
2000e955  _SlDrvReleasePoolObj                  
2000eb29  SimpleLinkPingReport                  
2000eb51  ConnectionTest                        
2000ecf7  __aeabi_dsub                          
2000ed01  __aeabi_dadd                          
2000eead  sl_NetAppPingStart                    
2000f061  GetHDC1080Configuration               
2000f099  ConfigureHDC1080Mode                  
2000f0f9  GetTemperature                        
2000f169  GetHumidity                           
2000f1d1  GetHDC1080ManufacturerID              
2000f209  GetHDC1080DeviceID                    
2000f3a9  _SlDrvDriverCBInit                    
2000f539  _SlDrvWaitForPoolObj                  
2000f6c9  PRCMCC3200MCUInit                     
2000f9b1  spi_Open                              
2000fb01  _SlDrvDataWriteOp                     
2000fc4d  sl_NetAppDnsGetHostByName             
2000fd91  sl_SendTo                             
20010011  sl_RecvFrom                           
2001014d  __aeabi_ddiv                          
20010283  vListInitialise                       
200102b3  vListInitialiseItem                   
200102c3  vListInsertEnd                        
200102ff  vListInsert                           
20010365  uxListRemove                          
200103ad  _SlDrvDriverCBDeinit                  
200104d1  pxPortInitialiseStack                 
20010521  xPortStartScheduler                   
2001054d  vPortEndScheduler                     
2001054f  vPortYield                            
20010561  vPortEnterCritical                    
20010579  vPortExitCritical                     
20010591  xPortSysTickHandler                   
200105ad  vPortSetupTimerInterrupt              
200105e1  PinMuxConfig                          
200106e7  _SlDrvNetAppEventHandler              
200107eb  __aeabi_dmul                          
200108e7  __aeabi_fsub                          
200108eb  __aeabi_fadd                          
200109e1  sl_Stop                               
20010ad1  uDMAChannelTransferSet                
20010bc1  sl_Start                              
20010d95  _SlDrvMsgReadSpawnCtx                 
20010e7d  sl_NetAppMDNSRegisterUnregisterService
2001103d  spi_Read                              
20011119  sl_NetCfgGet                          
200111f1  ldexp                                 
200111f1  ldexpl                                
200111f1  scalbn                                
200111f1  scalbnl                               
200112c1  _sl_HandleAsync_DnsGetHostByService   
2001138d  sl_WlanGet                            
2001151d  _SlDrvCmdOp                           
200115e1  ulPortSetInterruptMask                
200115f7  vPortClearInterruptMask               
20011605  xPortPendSVHandler                    
20011651  vPortSVCHandler                       
20011679  prvPortStartFirstTask                 
20011691  portCLZ                               
20011699  sl_Bind                               
20011751  sl_NetAppGet                          
20011809  IntDisable                            
200118b1  IntEnable                             
20011959  SPIConfigSetExpClk                    
200119f9  _SlDriverHandleError                  
20011a99  __aeabi_memcpy                        
20011a99  __aeabi_memcpy4                       
20011a99  __aeabi_memcpy8                       
20011a99  memcpy                                
20011b35  _SlDrvDeviceEventHandler              
20011bd1  sl_NetAppSet                          
20011c69  sl_SetSockOpt                         
20011d01  sl_WlanSet                            
20011d99  PRCMPeripheralClockGet                
20011e2d  __aeabi_fdiv                          
20011ec1  _sl_HandleAsync_DnsGetHostByName      
20011f51  _sl_HandleAsync_PingResponse          
200120f9  _SlDrvIsTimeoutExpired                
20012185  _sl_HandleAsync_InitComplete          
20012211  sl_Socket                             
2001229d  spi_Write                             
20012329  PinConfigSet                          
200123b1  vsnprintf                             
20012439  __aeabi_cdcmpeq                       
20012439  __aeabi_cdcmple                       
200124bf  __aeabi_cdrcmple                      
20012545  I2CMasterInitExpClk                   
200125c9  GPIOIntTypeSet                        
2001264d  _sl_HandleAsync_Connect               
200127cd  SDHostInit                            
20012849  __aeabi_fmul                          
200128c3  __aeabi_memclr                        
200128c3  __aeabi_memclr4                       
200128c3  __aeabi_memclr8                       
200128c5  __aeabi_memset                        
200128c5  __aeabi_memset4                       
200128c5  __aeabi_memset8                       
200128cb  memset                                
2001293d  spi_Close                             
200129b5  UARTConfigSetExpClk                   
20012a2d  __TI_auto_init                        
20012a9d  _SlDrvCmdSend                         
20012b09  _sl_NetAppSendTokenValue              
20012b75  TimerIntUnregister                    
20012bdd  __TI_decompress_lzss                  
20012c45  sl_NetAppMDNSRegisterService          
20012cad  SDHostSetExpClk                       
20012d15  _sl_HandleAsync_Accept                
20012d79  sl_NetAppMDNSUnRegisterService        
20012ddd  uDMAChannelAttributeDisable           
20012e41  uDMAChannelAttributeEnable            
20012ea5  sprintf                               
20012f05  sl_Close                              
20012f65  sl_WlanSetMode                        
20012fc5  frexp                                 
20012fc5  frexpl                                
20013021  IntPendClear                          
20013079  PRCMPeripheralReset                   
200130d1  sl_NetAppStart                        
20013129  sl_NetAppStop                         
20013181  IntPrioritySet                        
200131d5  _sl_HandleAsync_Select                
20013229  C$$EXIT                               
2001322d  abort                                 
20013235  exit                                  
2001327d  ltoa                                  
200132d1  _SlDrvRxIrqHandler                    
20013321  _sl_HandleAsync_Stop                  
20013371  SPIIntEnable                          
200133bd  _SlDrvProtectAsyncRespSetting         
20013455  atoi                                  
200134a1  copy_in                               
200134ed  uDMAChannelAssign                     
20013539  SPIIntClear                           
20013581  _SlDrvBasicCmd                        
200135c9  __aeabi_d2iz                          
20013655  TimerConfigure                        
20013721  PinModeSet                            
20013761  _SlDrvSyncObjWaitTimeout              
200137e1  _c_int00                              
20013821  SDHostCmdSend                         
2001389d  PRCMPeripheralClkEnable               
200138d9  PinDirModeSet                         
20013915  simplelink_timerA2_start              
20013951  uDMAChannelControlSet                 
2001398d  NwpPowerOff                           
200139c5  pvPortMalloc                          
200139e5  vPortFree                             
200139fd  __aeabi_f2d                           
20013a35  __aeabi_i2f                           
20013a6d  GPIODirModeSet                        
20013aa5  PRCMPeripheralStatusGet               
20013ad9  SDHostRespGet                         
20013b0d  SPIFIFOLevelSet                       
20013b41  vApplicationTickHook                  
20013b49  vAssertCalled                         
20013b59  vApplicationIdleHook                  
20013b61  vApplicationStackOverflowHook         
20013b71  vApplicationMallocFailedHook          
20013b73  PinTypeGPIO                           
20013ba5  UARTDisable                           
20013bd5  __aeabi_i2d                           
20013c05  DmaSpiSwIntHandler                    
20013c31  I2CMasterErr                          
20013c5d  NwpPowerOn                            
20013c89  PRCMSysResetCauseGet                  
20013cb5  SDHostIntStatus                       
20013ce1  TimerLoadSet                          
20013d0b  TimerPrescaleSet                      
20013d35  PRCMPeripheralClkDisable              
20013d5d  SDHostBlockSizeSet                    
20013dad  _SlDrvProtectionObjLockWaitForever    
20013dd5  NwpRegisterInterruptHandler           
20013dfb  SDHostBlockCountSet                   
20013e21  IntUnregister                         
20013e45  SDHostIntClear                        
20013e69  UARTEnable                            
20013e8d  _SlDrvGlobalObjUnLock                 
20013eb1  _SlDrvProtectionObjUnLock             
20013ed5  _SlDrvSyncObjWaitForever              
20013ef9  memcmp                                
20013f1d  memmove                               
20013f41  __aeabi_ui2f                          
20013f65  I2CMasterSlaveAddrSet                 
20013f87  SDHostCmdReset                        
20013fa9  SPIReset                              
20013fcb  SPIWordCountSet                       
20013fed  _SlDrvObjLockWaitForever              
20014011  ResetISR                              
20014033  GPIOPinWrite                          
20014055  IntRegister                           
20014075  NwpPrePowerOffTimout0                 
20014095  SDHostDataRead                        
200140b5  TimerGetCurrentTimestamp              
200140d5  I2CMasterIntStatusEx                  
200140f3  SDHostDataWrite                       
20014111  TimerDisable                          
2001412f  TimerEnable                           
2001414d  TimerIntStatus                        
2001416b  UARTCharPut                           
20014189  UARTIntRegister                       
200141a7  _SlDrvObjUnLock                       
200141c5  _SlDrvSyncObjSignal                   
20014201  strcat                                
2001421f  PinTypeI2C                            
2001423b  TimerValueGet                         
20014257  UARTCharGetNonBlocking                
20014273  _SlDrvStartMeasureTimeout             
2001428f  memccpy                               
200142ad  uDMAChannelEnable                     
200142c9  GPIOIntEnable                         
200142e3  PinTypeSDHost                         
200142fd  PinTypeUART                           
20014317  SPIDmaDisable                         
20014331  SPIDmaEnable                          
2001434b  SPIFIFODisable                        
20014365  SPIFIFOEnable                         
2001437f  GPIOPinRead                           
20014397  SPICSDisable                          
200143af  SPICSEnable                           
200143c7  SPIDisable                            
200143df  SPIEnable                             
200143f7  TimerIntDisable                       
2001440f  TimerIntEnable                        
20014427  UARTCharsAvail                        
2001443f  UARTIntEnable                         
20014471  _args_main                            
20014489  I2CMasterDataPut                      
2001449f  I2CMasterEnable                       
200144b5  PRCMHIBRegRead                        
200144cb  PRCMHIBRegWrite                       
200144e1  UARTFIFODisable                       
200144f7  _SlDrvMemZero                         
2001450d  strchr                                
20014523  CPUcpsie                              
20014537  GPIOIntClear                          
2001454d  IntVTableBaseSet                      
20014561  _register_unlock                      
20014567  _register_lock                        
2001456f  _nop                                  
20014575  strcpy                                
20014589  strlen                                
2001459d  I2CMasterControl                      
200145af  I2CMasterIntClearEx                   
200145c1  I2CMasterTimeoutSet                   
200145d3  TimerIntClear                         
200145e5  UARTIntClear                          
200145f7  _SlDrvDispatchHttpServerEvents        
20014607  I2CMasterDataGet                      
20014615  _SlDrvResetCmdExt                     
20014623  __TI_decompress_none                  
20014631  NwpMaskInterrupt                      
2001463d  NwpUnMaskInterrupt                    
20014649  __TI_zero_init                        
20014655  IntMasterEnable                       
2001465f  copysign                              
2001465f  copysignl                             
20014668  _ctypes_                              
200149e8  OpcodeTranslateTable                  
20014a24  _SlActionLookupTable                  
20014a5c  g_acMonthOfYear                       
20014b04  g_acSNTPserver                        
20014b99  g_acDaysOfWeek2013                    
20014c21  g_acNumOfDaysPerMonth                 
20014c6a  _SlNetAppSendTokenValueCmdCtrl        
20014ca8  __TI_static_base__                    
20014d08  __TI_Handler_Table_Base               
20014d14  __TI_Handler_Table_Limit              
20014d20  __TI_CINIT_Base                       
20014d30  __TI_CINIT_Limit                      
20017000  _sys_memory                           
2001b000  fs                                    
2001b230  fp                                    
2001b694  g_ucDinDout                           
2001b6e4  xQueueRegistry                        
2001b734  g_sAppData                            
2001b878  sAddr                                 
2001b888  sLocalAddr                            
2001b8b0  DMAMsgQ                               
2001b8b4  Size                                  
2001b8b8  g_cDummy                              
2001b8be  g_usTimerInts                         
2001b8c1  RxIrqCnt                              
2001b8c2  g_bDeviceRestartIsRequired            
2001b8c3  g_ucLED1Pin                           
2001b8c4  g_ucLED2Pin                           
2001b8c5  g_ucLED3Pin                           
2001b8c6  res                                   
2001b910  pxCurrentTCB                          
2001b984  g_ucpmsRingBuf                        
2001b9c0  g_uiPM01                              
2001b9c4  g_uiPM2_5                             
2001b9c8  g_uiPM10                              
2001b9d0  g_SlDeviceStatus                      
2001b9d4  g_pCB                                 
2001b9d8  pPingCallBackFunc                     
2001b9e0  __TI_cleanup_ptr                      
2001b9e4  __TI_dtors_ptr                        
2001b9e8  __TI_enable_exit_profile_output       
2001b9f8  xHigherPriorityTaskWoken              
2001b9fc  xSimpleLinkSpawnQueue                 
2001ba00  xSimpleLinkSpawnTaskHndl              
2001ba04  g_uiLED1Port                          
2001ba08  g_uiLED2Port                          
2001ba0c  g_uiLED3Port                          
2001ba3c  g_SpiFd                               
2001ba40  g_pHostIntHdl                         
2001ba44  g_ucDMAEnabled                        
2001ba48  _lock                                 
2001ba4c  _unlock                               
2001ba50  g_uiPingPacketsRecv                   
2001ba54  g_uiPingDone                          
2001ba64  errno                                 
2001ba68  main_func_sp                          
2002e000  __stack                               
20030000  __STACK_END                           
ffffffff  __TI_pprof_out_hndl                   
ffffffff  __TI_prof_data_size                   
ffffffff  __TI_prof_data_start                  
ffffffff  __binit__                             
ffffffff  __c_args__                            
ffffffff  binit                                 
UNDEFED   SHT$$INIT_ARRAY$$Base                 
UNDEFED   SHT$$INIT_ARRAY$$Limit                

[522 symbols]
