<?xml version="1.0"?>
<link_info>
   <banner>TI ARM Linker PC v16.9.1.LTS</banner>
   <copyright>Copyright (c) 1996-2015 Texas Instruments Incorporated</copyright>
   <link_time>0x595fe00a</link_time>
   <link_errors>0x0</link_errors>
   <output_file>airu-firmware.out</output_file>
   <entry_point>
      <name>_c_int00</name>
      <address>0x2001372d</address>
   </entry_point>
   <input_file_list>
      <input_file id="fl-12a">
         <path>C:\Users\Tom\AppData\Local\Temp\</path>
         <kind>object</kind>
         <file>070802</file>
         <name>070802</name>
      </input_file>
      <input_file id="fl-13">
         <path>.\src\</path>
         <kind>object</kind>
         <file>startup_ccs.obj</file>
         <name>startup_ccs.obj</name>
      </input_file>
      <input_file id="fl-d6">
         <path>C:\TI\CC3200SDK_1.3.0\cc3200-sdk\driverlib\ccs\Release\</path>
         <kind>archive</kind>
         <file>driverlib.a</file>
         <name>gpio.obj</name>
      </input_file>
      <input_file id="fl-d7">
         <path>C:\TI\CC3200SDK_1.3.0\cc3200-sdk\netapps\http\client\ccs\HTTPClientMinLib\</path>
         <kind>archive</kind>
         <file>webclient.a</file>
         <name>httpcli.obj</name>
      </input_file>
      <input_file id="fl-d8">
         <path>C:\TI\CC3200SDK_1.3.0\cc3200-sdk\driverlib\ccs\Release\</path>
         <kind>archive</kind>
         <file>driverlib.a</file>
         <name>i2c.obj</name>
      </input_file>
      <input_file id="fl-d9">
         <path>C:\TI\CC3200SDK_1.3.0\cc3200-sdk\driverlib\ccs\Release\</path>
         <kind>archive</kind>
         <file>driverlib.a</file>
         <name>interrupt.obj</name>
      </input_file>
      <input_file id="fl-da">
         <path>C:\TI\CC3200SDK_1.3.0\cc3200-sdk\driverlib\ccs\Release\</path>
         <kind>archive</kind>
         <file>driverlib.a</file>
         <name>cpu.obj</name>
      </input_file>
      <input_file id="fl-db">
         <path>C:\TI\CC3200SDK_1.3.0\cc3200-sdk\driverlib\ccs\Release\</path>
         <kind>archive</kind>
         <file>driverlib.a</file>
         <name>prcm.obj</name>
      </input_file>
      <input_file id="fl-dc">
         <path>C:\TI\CC3200SDK_1.3.0\cc3200-sdk\driverlib\ccs\Release\</path>
         <kind>archive</kind>
         <file>driverlib.a</file>
         <name>flash.obj</name>
      </input_file>
      <input_file id="fl-dd">
         <path>C:\TI\CC3200SDK_1.3.0\cc3200-sdk\driverlib\ccs\Release\</path>
         <kind>archive</kind>
         <file>driverlib.a</file>
         <name>pin.obj</name>
      </input_file>
      <input_file id="fl-de">
         <path>C:\TI\CC3200SDK_1.3.0\cc3200-sdk\driverlib\ccs\Release\</path>
         <kind>archive</kind>
         <file>driverlib.a</file>
         <name>sdhost.obj</name>
      </input_file>
      <input_file id="fl-df">
         <path>C:\TI\CC3200SDK_1.3.0\cc3200-sdk\netapps\http\client\ccs\HTTPClientMinLib\</path>
         <kind>archive</kind>
         <file>webclient.a</file>
         <name>ssock.obj</name>
      </input_file>
      <input_file id="fl-e0">
         <path>C:\TI\CC3200SDK_1.3.0\cc3200-sdk\driverlib\ccs\Release\</path>
         <kind>archive</kind>
         <file>driverlib.a</file>
         <name>timer.obj</name>
      </input_file>
      <input_file id="fl-e1">
         <path>C:\TI\CC3200SDK_1.3.0\cc3200-sdk\driverlib\ccs\Release\</path>
         <kind>archive</kind>
         <file>driverlib.a</file>
         <name>uart.obj</name>
      </input_file>
      <input_file id="fl-e2">
         <path>C:\TI\CC3200SDK_1.3.0\cc3200-sdk\driverlib\ccs\Release\</path>
         <kind>archive</kind>
         <file>driverlib.a</file>
         <name>utils.obj</name>
      </input_file>
      <input_file id="fl-e3">
         <path>C:\TI\CC3200SDK_1.3.0\cc3200-sdk\oslib\ccs\free_rtos\</path>
         <kind>archive</kind>
         <file>free_rtos.a</file>
         <name>osi_freertos.obj</name>
      </input_file>
      <input_file id="fl-e7">
         <path>C:\TI\ccsv7\tools\compiler\ti-cgt-arm_16.9.1.LTS\lib\</path>
         <kind>archive</kind>
         <file>rtsv7M4_T_le_eabi.lib</file>
         <name>fs_cmp_t2.obj</name>
      </input_file>
      <input_file id="fl-e8">
         <path>C:\TI\ccsv7\tools\compiler\ti-cgt-arm_16.9.1.LTS\lib\</path>
         <kind>archive</kind>
         <file>rtsv7M4_T_le_eabi.lib</file>
         <name>fd_tos_t2.obj</name>
      </input_file>
      <input_file id="fl-e9">
         <path>C:\TI\ccsv7\tools\compiler\ti-cgt-arm_16.9.1.LTS\lib\</path>
         <kind>archive</kind>
         <file>rtsv7M4_T_le_eabi.lib</file>
         <name>fd_mul_t2.obj</name>
      </input_file>
      <input_file id="fl-ea">
         <path>C:\TI\ccsv7\tools\compiler\ti-cgt-arm_16.9.1.LTS\lib\</path>
         <kind>archive</kind>
         <file>rtsv7M4_T_le_eabi.lib</file>
         <name>fs_tod_t2.obj</name>
      </input_file>
      <input_file id="fl-eb">
         <path>C:\TI\ccsv7\tools\compiler\ti-cgt-arm_16.9.1.LTS\lib\</path>
         <kind>archive</kind>
         <file>rtsv7M4_T_le_eabi.lib</file>
         <name>fs_toi_t2.obj</name>
      </input_file>
      <input_file id="fl-ec">
         <path>C:\TI\ccsv7\tools\compiler\ti-cgt-arm_16.9.1.LTS\lib\</path>
         <kind>archive</kind>
         <file>rtsv7M4_T_le_eabi.lib</file>
         <name>fs_add_t2.obj</name>
      </input_file>
      <input_file id="fl-ed">
         <path>C:\TI\ccsv7\tools\compiler\ti-cgt-arm_16.9.1.LTS\lib\</path>
         <kind>archive</kind>
         <file>rtsv7M4_T_le_eabi.lib</file>
         <name>fs_mul_t2.obj</name>
      </input_file>
      <input_file id="fl-ee">
         <path>C:\TI\ccsv7\tools\compiler\ti-cgt-arm_16.9.1.LTS\lib\</path>
         <kind>archive</kind>
         <file>rtsv7M4_T_le_eabi.lib</file>
         <name>i_tofd_t2.obj</name>
      </input_file>
      <input_file id="fl-ef">
         <path>C:\TI\ccsv7\tools\compiler\ti-cgt-arm_16.9.1.LTS\lib\</path>
         <kind>archive</kind>
         <file>rtsv7M4_T_le_eabi.lib</file>
         <name>i_tofs_t2.obj</name>
      </input_file>
      <input_file id="fl-f0">
         <path>C:\TI\ccsv7\tools\compiler\ti-cgt-arm_16.9.1.LTS\lib\</path>
         <kind>archive</kind>
         <file>rtsv7M4_T_le_eabi.lib</file>
         <name>ull_div_t2.obj</name>
      </input_file>
      <input_file id="fl-f1">
         <path>C:\TI\ccsv7\tools\compiler\ti-cgt-arm_16.9.1.LTS\lib\</path>
         <kind>archive</kind>
         <file>rtsv7M4_T_le_eabi.lib</file>
         <name>boot.obj</name>
      </input_file>
      <input_file id="fl-f2">
         <path>C:\TI\ccsv7\tools\compiler\ti-cgt-arm_16.9.1.LTS\lib\</path>
         <kind>archive</kind>
         <file>rtsv7M4_T_le_eabi.lib</file>
         <name>autoinit.obj</name>
      </input_file>
      <input_file id="fl-f4">
         <path>C:\TI\ccsv7\tools\compiler\ti-cgt-arm_16.9.1.LTS\lib\</path>
         <kind>archive</kind>
         <file>rtsv7M4_T_le_eabi.lib</file>
         <name>args_main.obj</name>
      </input_file>
      <input_file id="fl-f5">
         <path>C:\TI\CC3200SDK_1.3.0\cc3200-sdk\simplelink\ccs\OS\</path>
         <kind>archive</kind>
         <file>simplelink.a</file>
         <name>fs.obj</name>
      </input_file>
      <input_file id="fl-f6">
         <path>C:\TI\CC3200SDK_1.3.0\cc3200-sdk\simplelink\ccs\OS\</path>
         <kind>archive</kind>
         <file>simplelink.a</file>
         <name>driver.obj</name>
      </input_file>
      <input_file id="fl-f7">
         <path>C:\TI\CC3200SDK_1.3.0\cc3200-sdk\simplelink\ccs\OS\</path>
         <kind>archive</kind>
         <file>simplelink.a</file>
         <name>cc_pal.obj</name>
      </input_file>
      <input_file id="fl-f8">
         <path>C:\TI\CC3200SDK_1.3.0\cc3200-sdk\driverlib\ccs\Release\</path>
         <kind>archive</kind>
         <file>driverlib.a</file>
         <name>spi.obj</name>
      </input_file>
      <input_file id="fl-f9">
         <path>C:\TI\CC3200SDK_1.3.0\cc3200-sdk\simplelink\ccs\OS\</path>
         <kind>archive</kind>
         <file>simplelink.a</file>
         <name>device.obj</name>
      </input_file>
      <input_file id="fl-fa">
         <path>C:\TI\CC3200SDK_1.3.0\cc3200-sdk\simplelink\ccs\OS\</path>
         <kind>archive</kind>
         <file>simplelink.a</file>
         <name>netapp.obj</name>
      </input_file>
      <input_file id="fl-fb">
         <path>C:\TI\CC3200SDK_1.3.0\cc3200-sdk\simplelink\ccs\OS\</path>
         <kind>archive</kind>
         <file>simplelink.a</file>
         <name>socket.obj</name>
      </input_file>
      <input_file id="fl-101">
         <path>C:\TI\ccsv7\tools\compiler\ti-cgt-arm_16.9.1.LTS\lib\</path>
         <kind>archive</kind>
         <file>rtsv7M4_T_le_eabi.lib</file>
         <name>exit.obj</name>
      </input_file>
      <input_file id="fl-104">
         <path>C:\TI\CC3200SDK_1.3.0\cc3200-sdk\netapps\json\ccs\Release\</path>
         <kind>archive</kind>
         <file>json.a</file>
         <name>jsmn.obj</name>
      </input_file>
      <input_file id="fl-107">
         <path>C:\TI\ccsv7\tools\compiler\ti-cgt-arm_16.9.1.LTS\lib\</path>
         <kind>archive</kind>
         <file>rtsv7M4_T_le_eabi.lib</file>
         <name>memcpy_t2.obj</name>
      </input_file>
      <input_file id="fl-109">
         <path>C:\TI\ccsv7\tools\compiler\ti-cgt-arm_16.9.1.LTS\lib\</path>
         <kind>archive</kind>
         <file>rtsv7M4_T_le_eabi.lib</file>
         <name>memset_t2.obj</name>
      </input_file>
      <input_file id="fl-10a">
         <path>C:\TI\CC3200SDK_1.3.0\cc3200-sdk\oslib\ccs\free_rtos\</path>
         <kind>archive</kind>
         <file>free_rtos.a</file>
         <name>heap_3.obj</name>
      </input_file>
      <input_file id="fl-10b">
         <path>C:\TI\CC3200SDK_1.3.0\cc3200-sdk\simplelink\ccs\OS\</path>
         <kind>archive</kind>
         <file>simplelink.a</file>
         <name>netcfg.obj</name>
      </input_file>
      <input_file id="fl-10c">
         <path>C:\TI\CC3200SDK_1.3.0\cc3200-sdk\simplelink\ccs\OS\</path>
         <kind>archive</kind>
         <file>simplelink.a</file>
         <name>wlan.obj</name>
      </input_file>
      <input_file id="fl-10f">
         <path>C:\TI\ccsv7\tools\compiler\ti-cgt-arm_16.9.1.LTS\lib\</path>
         <kind>archive</kind>
         <file>rtsv7M4_T_le_eabi.lib</file>
         <name>fd_cmp_t2.obj</name>
      </input_file>
      <input_file id="fl-110">
         <path>C:\TI\ccsv7\tools\compiler\ti-cgt-arm_16.9.1.LTS\lib\</path>
         <kind>archive</kind>
         <file>rtsv7M4_T_le_eabi.lib</file>
         <name>fd_toi_t2.obj</name>
      </input_file>
      <input_file id="fl-111">
         <path>C:\TI\ccsv7\tools\compiler\ti-cgt-arm_16.9.1.LTS\lib\</path>
         <kind>archive</kind>
         <file>rtsv7M4_T_le_eabi.lib</file>
         <name>fd_div_t2.obj</name>
      </input_file>
      <input_file id="fl-112">
         <path>C:\TI\ccsv7\tools\compiler\ti-cgt-arm_16.9.1.LTS\lib\</path>
         <kind>archive</kind>
         <file>rtsv7M4_T_le_eabi.lib</file>
         <name>fd_add_t2.obj</name>
      </input_file>
      <input_file id="fl-123">
         <path>C:\TI\CC3200SDK_1.3.0\cc3200-sdk\driverlib\ccs\Release\</path>
         <kind>archive</kind>
         <file>driverlib.a</file>
         <name>udma.obj</name>
      </input_file>
      <input_file id="fl-124">
         <path>C:\TI\CC3200SDK_1.3.0\cc3200-sdk\oslib\ccs\free_rtos\</path>
         <kind>archive</kind>
         <file>free_rtos.a</file>
         <name>port.obj</name>
      </input_file>
      <input_file id="fl-125">
         <path>C:\TI\CC3200SDK_1.3.0\cc3200-sdk\oslib\ccs\free_rtos\</path>
         <kind>archive</kind>
         <file>free_rtos.a</file>
         <name>portasm.obj</name>
      </input_file>
      <input_file id="fl-126">
         <path>C:\TI\CC3200SDK_1.3.0\cc3200-sdk\oslib\ccs\free_rtos\</path>
         <kind>archive</kind>
         <file>free_rtos.a</file>
         <name>tasks.obj</name>
      </input_file>
      <input_file id="fl-127">
         <path>C:\TI\CC3200SDK_1.3.0\cc3200-sdk\oslib\ccs\free_rtos\</path>
         <kind>archive</kind>
         <file>free_rtos.a</file>
         <name>list.obj</name>
      </input_file>
      <input_file id="fl-128">
         <path>C:\TI\CC3200SDK_1.3.0\cc3200-sdk\oslib\ccs\free_rtos\</path>
         <kind>archive</kind>
         <file>free_rtos.a</file>
         <name>queue.obj</name>
      </input_file>
   </input_file_list>
   <object_component_list>
      <object_component id="oc-f">
         <name>.intvecs</name>
         <load_address>0x20004000</load_address>
         <run_address>0x20004000</run_address>
         <size>0x400</size>
         <input_file_ref idref="fl-13"/>
      </object_component>
      <object_component id="oc-1c9">
         <name>.text</name>
         <load_address>0x20004400</load_address>
         <run_address>0x20004400</run_address>
         <size>0x18e0</size>
         <input_file_ref idref="fl-c"/>
      </object_component>
      <object_component id="oc-140">
         <name>.text</name>
         <load_address>0x20005ce0</load_address>
         <run_address>0x20005ce0</run_address>
         <size>0x12f8</size>
         <input_file_ref idref="fl-d"/>
      </object_component>
      <object_component id="oc-85">
         <name>.text</name>
         <load_address>0x20006fd8</load_address>
         <run_address>0x20006fd8</run_address>
         <size>0x125c</size>
         <input_file_ref idref="fl-126"/>
      </object_component>
      <object_component id="oc-240">
         <name>.text</name>
         <load_address>0x20008234</load_address>
         <run_address>0x20008234</run_address>
         <size>0x1164</size>
         <input_file_ref idref="fl-7"/>
      </object_component>
      <object_component id="oc-448">
         <name>.text</name>
         <load_address>0x20009398</load_address>
         <run_address>0x20009398</run_address>
         <size>0x1102</size>
         <input_file_ref idref="fl-10e"/>
      </object_component>
      <object_component id="oc-5ab">
         <name>.text:IntDefaultHandler</name>
         <load_address>0x2000a49a</load_address>
         <run_address>0x2000a49a</run_address>
         <size>0x2</size>
         <input_file_ref idref="fl-d9"/>
      </object_component>
      <object_component id="oc-20b">
         <name>.text</name>
         <load_address>0x2000a49c</load_address>
         <run_address>0x2000a49c</run_address>
         <size>0xfc4</size>
         <input_file_ref idref="fl-d7"/>
      </object_component>
      <object_component id="oc-338">
         <name>.text</name>
         <load_address>0x2000b460</load_address>
         <run_address>0x2000b460</run_address>
         <size>0xb24</size>
         <input_file_ref idref="fl-128"/>
      </object_component>
      <object_component id="oc-437">
         <name>.text</name>
         <load_address>0x2000bf84</load_address>
         <run_address>0x2000bf84</run_address>
         <size>0x5f0</size>
         <input_file_ref idref="fl-104"/>
      </object_component>
      <object_component id="oc-8a3">
         <name>.text:_SlDrvMsgRead</name>
         <load_address>0x2000c574</load_address>
         <run_address>0x2000c574</run_address>
         <size>0x590</size>
         <input_file_ref idref="fl-f6"/>
      </object_component>
      <object_component id="oc-196">
         <name>.text</name>
         <load_address>0x2000cb04</load_address>
         <run_address>0x2000cb04</run_address>
         <size>0x45c</size>
         <input_file_ref idref="fl-e3"/>
      </object_component>
      <object_component id="oc-19c">
         <name>.text</name>
         <load_address>0x2000cf60</load_address>
         <run_address>0x2000cf60</run_address>
         <size>0x438</size>
         <input_file_ref idref="fl-9"/>
      </object_component>
      <object_component id="oc-4b7">
         <name>.text</name>
         <load_address>0x2000d398</load_address>
         <run_address>0x2000d398</run_address>
         <size>0x2ea</size>
         <input_file_ref idref="fl-df"/>
      </object_component>
      <object_component id="oc-2e8">
         <name>.text</name>
         <load_address>0x2000d682</load_address>
         <run_address>0x2000d682</run_address>
         <size>0x2</size>
         <input_file_ref idref="fl-102"/>
      </object_component>
      <object_component id="oc-1ae">
         <name>.text</name>
         <load_address>0x2000d684</load_address>
         <run_address>0x2000d684</run_address>
         <size>0x258</size>
         <input_file_ref idref="fl-b"/>
      </object_component>
      <object_component id="oc-92d">
         <name>.text:_SlDrvRxHdrRead</name>
         <load_address>0x2000d8dc</load_address>
         <run_address>0x2000d8dc</run_address>
         <size>0x24c</size>
         <input_file_ref idref="fl-f6"/>
      </object_component>
      <object_component id="oc-371">
         <name>.text</name>
         <load_address>0x2000db28</load_address>
         <run_address>0x2000db28</run_address>
         <size>0x238</size>
         <input_file_ref idref="fl-121"/>
      </object_component>
      <object_component id="oc-6c4">
         <name>.text</name>
         <load_address>0x2000dd60</load_address>
         <run_address>0x2000dd60</run_address>
         <size>0x1f4</size>
         <input_file_ref idref="fl-f0"/>
      </object_component>
      <object_component id="oc-622">
         <name>.text:_SlDrvDataReadOp</name>
         <load_address>0x2000df54</load_address>
         <run_address>0x2000df54</run_address>
         <size>0x1e0</size>
         <input_file_ref idref="fl-f6"/>
      </object_component>
      <object_component id="oc-494">
         <name>.text:_SlDrvReleasePoolObj</name>
         <load_address>0x2000e134</load_address>
         <run_address>0x2000e134</run_address>
         <size>0x1d0</size>
         <input_file_ref idref="fl-f6"/>
      </object_component>
      <object_component id="oc-1a2">
         <name>.text</name>
         <load_address>0x2000e304</load_address>
         <run_address>0x2000e304</run_address>
         <size>0x1cc</size>
         <input_file_ref idref="fl-15"/>
      </object_component>
      <object_component id="oc-24c">
         <name>.text</name>
         <load_address>0x2000e4d0</load_address>
         <run_address>0x2000e4d0</run_address>
         <size>0x1c4</size>
         <input_file_ref idref="fl-6"/>
      </object_component>
      <object_component id="oc-235">
         <name>.text</name>
         <load_address>0x2000e694</load_address>
         <run_address>0x2000e694</run_address>
         <size>0x1c0</size>
         <input_file_ref idref="fl-103"/>
      </object_component>
      <object_component id="oc-5cd">
         <name>.text</name>
         <load_address>0x2000e854</load_address>
         <run_address>0x2000e854</run_address>
         <size>0x1b6</size>
         <input_file_ref idref="fl-112"/>
      </object_component>
      <object_component id="oc-60">
         <name>.text</name>
         <load_address>0x2000ea0a</load_address>
         <run_address>0x2000ea0a</run_address>
         <size>0x2</size>
         <input_file_ref idref="fl-f3"/>
      </object_component>
      <object_component id="oc-702">
         <name>.text:_SlDrvMsgWrite</name>
         <load_address>0x2000ea0c</load_address>
         <run_address>0x2000ea0c</run_address>
         <size>0x19c</size>
         <input_file_ref idref="fl-f6"/>
      </object_component>
      <object_component id="oc-679">
         <name>.text:_SlDrvDriverCBInit</name>
         <load_address>0x2000eba8</load_address>
         <run_address>0x2000eba8</run_address>
         <size>0x190</size>
         <input_file_ref idref="fl-f6"/>
      </object_component>
      <object_component id="oc-476">
         <name>.text:_SlDrvWaitForPoolObj</name>
         <load_address>0x2000ed38</load_address>
         <run_address>0x2000ed38</run_address>
         <size>0x190</size>
         <input_file_ref idref="fl-f6"/>
      </object_component>
      <object_component id="oc-4cf">
         <name>.text:sl_Connect</name>
         <load_address>0x2000eec8</load_address>
         <run_address>0x2000eec8</run_address>
         <size>0x18c</size>
         <input_file_ref idref="fl-fb"/>
      </object_component>
      <object_component id="oc-26d">
         <name>.text:PRCMCC3200MCUInit</name>
         <load_address>0x2000f054</load_address>
         <run_address>0x2000f054</run_address>
         <size>0x178</size>
         <input_file_ref idref="fl-db"/>
      </object_component>
      <object_component id="oc-93f">
         <name>.text:_SlFindAndSetActiveObj</name>
         <load_address>0x2000f1cc</load_address>
         <run_address>0x2000f1cc</run_address>
         <size>0x170</size>
         <input_file_ref idref="fl-f6"/>
      </object_component>
      <object_component id="oc-67f">
         <name>.text:spi_Open</name>
         <load_address>0x2000f33c</load_address>
         <run_address>0x2000f33c</run_address>
         <size>0x150</size>
         <input_file_ref idref="fl-f7"/>
      </object_component>
      <object_component id="oc-614">
         <name>.text:_SlDrvDataWriteOp</name>
         <load_address>0x2000f48c</load_address>
         <run_address>0x2000f48c</run_address>
         <size>0x14c</size>
         <input_file_ref idref="fl-f6"/>
      </object_component>
      <object_component id="oc-1f9">
         <name>.text:sl_NetAppDnsGetHostByName</name>
         <load_address>0x2000f5d8</load_address>
         <run_address>0x2000f5d8</run_address>
         <size>0x144</size>
         <input_file_ref idref="fl-fa"/>
      </object_component>
      <object_component id="oc-3e3">
         <name>.text:sl_SendTo</name>
         <load_address>0x2000f71c</load_address>
         <run_address>0x2000f71c</run_address>
         <size>0x144</size>
         <input_file_ref idref="fl-fb"/>
      </object_component>
      <object_component id="oc-708">
         <name>.text:_SlDrvMsgReadCmdCtx</name>
         <load_address>0x2000f860</load_address>
         <run_address>0x2000f860</run_address>
         <size>0x13c</size>
         <input_file_ref idref="fl-f6"/>
      </object_component>
      <object_component id="oc-3ef">
         <name>.text:sl_RecvFrom</name>
         <load_address>0x2000f99c</load_address>
         <run_address>0x2000f99c</run_address>
         <size>0x13c</size>
         <input_file_ref idref="fl-fb"/>
      </object_component>
      <object_component id="oc-5d7">
         <name>.text</name>
         <load_address>0x2000fad8</load_address>
         <run_address>0x2000fad8</run_address>
         <size>0x136</size>
         <input_file_ref idref="fl-111"/>
      </object_component>
      <object_component id="oc-138">
         <name>.text</name>
         <load_address>0x2000fc0e</load_address>
         <run_address>0x2000fc0e</run_address>
         <size>0x2</size>
         <input_file_ref idref="fl-fc"/>
      </object_component>
      <object_component id="oc-746">
         <name>.text:sl_Send</name>
         <load_address>0x2000fc10</load_address>
         <run_address>0x2000fc10</run_address>
         <size>0x134</size>
         <input_file_ref idref="fl-fb"/>
      </object_component>
      <object_component id="oc-153">
         <name>.text</name>
         <load_address>0x2000fd44</load_address>
         <run_address>0x2000fd44</run_address>
         <size>0x12a</size>
         <input_file_ref idref="fl-127"/>
      </object_component>
      <object_component id="oc-664">
         <name>.text:_SlDrvDriverCBDeinit</name>
         <load_address>0x2000fe70</load_address>
         <run_address>0x2000fe70</run_address>
         <size>0x124</size>
         <input_file_ref idref="fl-f6"/>
      </object_component>
      <object_component id="oc-217">
         <name>.text:sl_FsWrite</name>
         <load_address>0x2000ff94</load_address>
         <run_address>0x2000ff94</run_address>
         <size>0x118</size>
         <input_file_ref idref="fl-f5"/>
      </object_component>
      <object_component id="oc-401">
         <name>.text</name>
         <load_address>0x200100ac</load_address>
         <run_address>0x200100ac</run_address>
         <size>0x114</size>
         <input_file_ref idref="fl-122"/>
      </object_component>
      <object_component id="oc-38">
         <name>.text</name>
         <load_address>0x200101c0</load_address>
         <run_address>0x200101c0</run_address>
         <size>0x110</size>
         <input_file_ref idref="fl-124"/>
      </object_component>
      <object_component id="oc-977">
         <name>.text:_SlDrvNetAppEventHandler</name>
         <load_address>0x200102d0</load_address>
         <run_address>0x200102d0</run_address>
         <size>0x104</size>
         <input_file_ref idref="fl-fa"/>
      </object_component>
      <object_component id="oc-5c8">
         <name>.text</name>
         <load_address>0x200103d4</load_address>
         <run_address>0x200103d4</run_address>
         <size>0xfc</size>
         <input_file_ref idref="fl-e9"/>
      </object_component>
      <object_component id="oc-1bf">
         <name>.text</name>
         <load_address>0x200104d0</load_address>
         <run_address>0x200104d0</run_address>
         <size>0xfa</size>
         <input_file_ref idref="fl-ec"/>
      </object_component>
      <object_component id="oc-190">
         <name>.text</name>
         <load_address>0x200105cc</load_address>
         <run_address>0x200105cc</run_address>
         <size>0xf0</size>
         <input_file_ref idref="fl-8"/>
      </object_component>
      <object_component id="oc-413">
         <name>.text:sl_Stop</name>
         <load_address>0x200106bc</load_address>
         <run_address>0x200106bc</run_address>
         <size>0xf0</size>
         <input_file_ref idref="fl-f9"/>
      </object_component>
      <object_component id="oc-9a6">
         <name>.text:uDMAChannelTransferSet</name>
         <load_address>0x200107ac</load_address>
         <run_address>0x200107ac</run_address>
         <size>0xf0</size>
         <input_file_ref idref="fl-123"/>
      </object_component>
      <object_component id="oc-419">
         <name>.text:sl_Start</name>
         <load_address>0x2001089c</load_address>
         <run_address>0x2001089c</run_address>
         <size>0xec</size>
         <input_file_ref idref="fl-f9"/>
      </object_component>
      <object_component id="oc-8a9">
         <name>.text:_SlAsyncEventGenericHandler</name>
         <load_address>0x20010988</load_address>
         <run_address>0x20010988</run_address>
         <size>0xe8</size>
         <input_file_ref idref="fl-f6"/>
      </object_component>
      <object_component id="oc-867">
         <name>.text:_SlDrvMsgReadSpawnCtx</name>
         <load_address>0x20010a70</load_address>
         <run_address>0x20010a70</run_address>
         <size>0xe8</size>
         <input_file_ref idref="fl-f6"/>
      </object_component>
      <object_component id="oc-933">
         <name>.text:_SlDrvClassifyRxMsg</name>
         <load_address>0x20010b58</load_address>
         <run_address>0x20010b58</run_address>
         <size>0xdc</size>
         <input_file_ref idref="fl-f6"/>
      </object_component>
      <object_component id="oc-1a8">
         <name>.text</name>
         <load_address>0x20010c34</load_address>
         <run_address>0x20010c34</run_address>
         <size>0xdc</size>
         <input_file_ref idref="fl-10"/>
      </object_component>
      <object_component id="oc-939">
         <name>.text:spi_Read</name>
         <load_address>0x20010d10</load_address>
         <run_address>0x20010d10</run_address>
         <size>0xdc</size>
         <input_file_ref idref="fl-f7"/>
      </object_component>
      <object_component id="oc-698">
         <name>.text:sl_NetCfgGet</name>
         <load_address>0x20010dec</load_address>
         <run_address>0x20010dec</run_address>
         <size>0xd8</size>
         <input_file_ref idref="fl-10b"/>
      </object_component>
      <object_component id="oc-41f">
         <name>.text</name>
         <load_address>0x20010ec4</load_address>
         <run_address>0x20010ec4</run_address>
         <size>0xd4</size>
         <input_file_ref idref="fl-11"/>
      </object_component>
      <object_component id="oc-6e4">
         <name>.text</name>
         <load_address>0x20010f98</load_address>
         <run_address>0x20010f98</run_address>
         <size>0xd0</size>
         <input_file_ref idref="fl-114"/>
      </object_component>
      <object_component id="oc-9cd">
         <name>.text:_sl_HandleAsync_DnsGetHostByService</name>
         <load_address>0x20011068</load_address>
         <run_address>0x20011068</run_address>
         <size>0xcc</size>
         <input_file_ref idref="fl-fa"/>
      </object_component>
      <object_component id="oc-431">
         <name>.text:sl_WlanGet</name>
         <load_address>0x20011134</load_address>
         <run_address>0x20011134</run_address>
         <size>0xcc</size>
         <input_file_ref idref="fl-10c"/>
      </object_component>
      <object_component id="oc-710">
         <name>.text:_SlRemoveFromList</name>
         <load_address>0x20011200</load_address>
         <run_address>0x20011200</run_address>
         <size>0xc4</size>
         <input_file_ref idref="fl-f6"/>
      </object_component>
      <object_component id="oc-488">
         <name>.text:_SlDrvCmdOp</name>
         <load_address>0x200112c4</load_address>
         <run_address>0x200112c4</run_address>
         <size>0xc0</size>
         <input_file_ref idref="fl-f6"/>
      </object_component>
      <object_component id="oc-33">
         <name>.text</name>
         <load_address>0x20011384</load_address>
         <run_address>0x20011384</run_address>
         <size>0xba</size>
         <input_file_ref idref="fl-125"/>
      </object_component>
      <object_component id="oc-3e9">
         <name>.text:sl_Bind</name>
         <load_address>0x20011440</load_address>
         <run_address>0x20011440</run_address>
         <size>0xb8</size>
         <input_file_ref idref="fl-fb"/>
      </object_component>
      <object_component id="oc-21d">
         <name>.text:sl_FsClose</name>
         <load_address>0x200114f8</load_address>
         <run_address>0x200114f8</run_address>
         <size>0xb4</size>
         <input_file_ref idref="fl-f5"/>
      </object_component>
      <object_component id="oc-32c">
         <name>.text:IntDisable</name>
         <load_address>0x200115ac</load_address>
         <run_address>0x200115ac</run_address>
         <size>0xa8</size>
         <input_file_ref idref="fl-d9"/>
      </object_component>
      <object_component id="oc-267">
         <name>.text:IntEnable</name>
         <load_address>0x20011654</load_address>
         <run_address>0x20011654</run_address>
         <size>0xa8</size>
         <input_file_ref idref="fl-d9"/>
      </object_component>
      <object_component id="oc-211">
         <name>.text:sl_FsOpen</name>
         <load_address>0x200116fc</load_address>
         <run_address>0x200116fc</run_address>
         <size>0xa4</size>
         <input_file_ref idref="fl-f5"/>
      </object_component>
      <object_component id="oc-824">
         <name>.text:SPIConfigSetExpClk</name>
         <load_address>0x200117a0</load_address>
         <run_address>0x200117a0</run_address>
         <size>0xa0</size>
         <input_file_ref idref="fl-f8"/>
      </object_component>
      <object_component id="oc-7df">
         <name>.text:_SlDriverHandleError</name>
         <load_address>0x20011840</load_address>
         <run_address>0x20011840</run_address>
         <size>0xa0</size>
         <input_file_ref idref="fl-f6"/>
      </object_component>
      <object_component id="oc-740">
         <name>.text:sl_Recv</name>
         <load_address>0x200118e0</load_address>
         <run_address>0x200118e0</run_address>
         <size>0xa0</size>
         <input_file_ref idref="fl-fb"/>
      </object_component>
      <object_component id="oc-51">
         <name>.text</name>
         <load_address>0x20011980</load_address>
         <run_address>0x20011980</run_address>
         <size>0x9c</size>
         <input_file_ref idref="fl-107"/>
      </object_component>
      <object_component id="oc-9bf">
         <name>.text:_SlDrvDeviceEventHandler</name>
         <load_address>0x20011a1c</load_address>
         <run_address>0x20011a1c</run_address>
         <size>0x9a</size>
         <input_file_ref idref="fl-f9"/>
      </object_component>
      <object_component id="oc-6a4">
         <name>.text:sl_NetAppSet</name>
         <load_address>0x20011ab8</load_address>
         <run_address>0x20011ab8</run_address>
         <size>0x98</size>
         <input_file_ref idref="fl-fa"/>
      </object_component>
      <object_component id="oc-3dd">
         <name>.text:sl_SetSockOpt</name>
         <load_address>0x20011b50</load_address>
         <run_address>0x20011b50</run_address>
         <size>0x98</size>
         <input_file_ref idref="fl-fb"/>
      </object_component>
      <object_component id="oc-69e">
         <name>.text:sl_WlanSet</name>
         <load_address>0x20011be8</load_address>
         <run_address>0x20011be8</run_address>
         <size>0x98</size>
         <input_file_ref idref="fl-10c"/>
      </object_component>
      <object_component id="oc-2a3">
         <name>.text:PRCMPeripheralClockGet</name>
         <load_address>0x20011c80</load_address>
         <run_address>0x20011c80</run_address>
         <size>0x94</size>
         <input_file_ref idref="fl-db"/>
      </object_component>
      <object_component id="oc-407">
         <name>.text:_sl_GetCreateFsMode</name>
         <load_address>0x20011d14</load_address>
         <run_address>0x20011d14</run_address>
         <size>0x94</size>
         <input_file_ref idref="fl-f5"/>
      </object_component>
      <object_component id="oc-9c7">
         <name>.text:_sl_HandleAsync_DnsGetHostByName</name>
         <load_address>0x20011da8</load_address>
         <run_address>0x20011da8</run_address>
         <size>0x90</size>
         <input_file_ref idref="fl-fa"/>
      </object_component>
      <object_component id="oc-97d">
         <name>.text:_sl_HandleAsync_PingResponse</name>
         <load_address>0x20011e38</load_address>
         <run_address>0x20011e38</run_address>
         <size>0x90</size>
         <input_file_ref idref="fl-fa"/>
      </object_component>
      <object_component id="oc-984">
         <name>.text:SetupDMAReceive</name>
         <load_address>0x20011ec8</load_address>
         <run_address>0x20011ec8</run_address>
         <size>0x8c</size>
         <input_file_ref idref="fl-f7"/>
      </object_component>
      <object_component id="oc-912">
         <name>.text:SetupDMASend</name>
         <load_address>0x20011f54</load_address>
         <run_address>0x20011f54</run_address>
         <size>0x8c</size>
         <input_file_ref idref="fl-f7"/>
      </object_component>
      <object_component id="oc-967">
         <name>.text:_SlDrvIsTimeoutExpired</name>
         <load_address>0x20011fe0</load_address>
         <run_address>0x20011fe0</run_address>
         <size>0x8c</size>
         <input_file_ref idref="fl-f6"/>
      </object_component>
      <object_component id="oc-a17">
         <name>.text:_sl_HandleAsync_InitComplete</name>
         <load_address>0x2001206c</load_address>
         <run_address>0x2001206c</run_address>
         <size>0x8c</size>
         <input_file_ref idref="fl-f9"/>
      </object_component>
      <object_component id="oc-3d7">
         <name>.text:sl_Socket</name>
         <load_address>0x200120f8</load_address>
         <run_address>0x200120f8</run_address>
         <size>0x8c</size>
         <input_file_ref idref="fl-fb"/>
      </object_component>
      <object_component id="oc-899">
         <name>.text:spi_Write</name>
         <load_address>0x20012184</load_address>
         <run_address>0x20012184</run_address>
         <size>0x8c</size>
         <input_file_ref idref="fl-f7"/>
      </object_component>
      <object_component id="oc-1e1">
         <name>.text:PRCMHibernateIntervalSet</name>
         <load_address>0x20012210</load_address>
         <run_address>0x20012210</run_address>
         <size>0x88</size>
         <input_file_ref idref="fl-db"/>
      </object_component>
      <object_component id="oc-29d">
         <name>.text:PinConfigSet</name>
         <load_address>0x20012298</load_address>
         <run_address>0x20012298</run_address>
         <size>0x88</size>
         <input_file_ref idref="fl-dd"/>
      </object_component>
      <object_component id="oc-388">
         <name>.text</name>
         <load_address>0x20012320</load_address>
         <run_address>0x20012320</run_address>
         <size>0x88</size>
         <input_file_ref idref="fl-129"/>
      </object_component>
      <object_component id="oc-5d2">
         <name>.text:__aeabi_cdcmple</name>
         <load_address>0x200123a8</load_address>
         <run_address>0x200123a8</run_address>
         <size>0x86</size>
         <input_file_ref idref="fl-10f"/>
      </object_component>
      <object_component id="oc-6c9">
         <name>.text:__aeabi_cdrcmple</name>
         <load_address>0x2001242e</load_address>
         <run_address>0x2001242e</run_address>
         <size>0x86</size>
         <input_file_ref idref="fl-10f"/>
      </object_component>
      <object_component id="oc-396">
         <name>.text:I2CMasterInitExpClk</name>
         <load_address>0x200124b4</load_address>
         <run_address>0x200124b4</run_address>
         <size>0x84</size>
         <input_file_ref idref="fl-d8"/>
      </object_component>
      <object_component id="oc-9ef">
         <name>.text:_sl_HandleAsync_Connect</name>
         <load_address>0x20012538</load_address>
         <run_address>0x20012538</run_address>
         <size>0x80</size>
         <input_file_ref idref="fl-fb"/>
      </object_component>
      <object_component id="oc-1cf">
         <name>.text</name>
         <load_address>0x200125b8</load_address>
         <run_address>0x200125b8</run_address>
         <size>0x80</size>
         <input_file_ref idref="fl-4"/>
      </object_component>
      <object_component id="oc-98a">
         <name>.text:spi_Read_CPU</name>
         <load_address>0x20012638</load_address>
         <run_address>0x20012638</run_address>
         <size>0x80</size>
         <input_file_ref idref="fl-f7"/>
      </object_component>
      <object_component id="oc-924">
         <name>.text:spi_Write_CPU</name>
         <load_address>0x200126b8</load_address>
         <run_address>0x200126b8</run_address>
         <size>0x80</size>
         <input_file_ref idref="fl-f7"/>
      </object_component>
      <object_component id="oc-2cd">
         <name>.text:SDHostInit</name>
         <load_address>0x20012738</load_address>
         <run_address>0x20012738</run_address>
         <size>0x7c</size>
         <input_file_ref idref="fl-de"/>
      </object_component>
      <object_component id="oc-1ba">
         <name>.text</name>
         <load_address>0x200127b4</load_address>
         <run_address>0x200127b4</run_address>
         <size>0x7a</size>
         <input_file_ref idref="fl-ed"/>
      </object_component>
      <object_component id="oc-5a">
         <name>.text</name>
         <load_address>0x2001282e</load_address>
         <run_address>0x2001282e</run_address>
         <size>0x7a</size>
         <input_file_ref idref="fl-109"/>
      </object_component>
      <object_component id="oc-65e">
         <name>.text:spi_Close</name>
         <load_address>0x200128a8</load_address>
         <run_address>0x200128a8</run_address>
         <size>0x78</size>
         <input_file_ref idref="fl-f7"/>
      </object_component>
      <object_component id="oc-2a9">
         <name>.text:UARTConfigSetExpClk</name>
         <load_address>0x20012920</load_address>
         <run_address>0x20012920</run_address>
         <size>0x76</size>
         <input_file_ref idref="fl-e1"/>
      </object_component>
      <object_component id="oc-6c">
         <name>.text</name>
         <load_address>0x20012998</load_address>
         <run_address>0x20012998</run_address>
         <size>0x70</size>
         <input_file_ref idref="fl-f2"/>
      </object_component>
      <object_component id="oc-377">
         <name>.text</name>
         <load_address>0x20012a08</load_address>
         <run_address>0x20012a08</run_address>
         <size>0x6e</size>
         <input_file_ref idref="fl-e8"/>
      </object_component>
      <object_component id="oc-a21">
         <name>.text:_SlDrvCmdSend</name>
         <load_address>0x20012a78</load_address>
         <run_address>0x20012a78</run_address>
         <size>0x6c</size>
         <input_file_ref idref="fl-f6"/>
      </object_component>
      <object_component id="oc-9d9">
         <name>.text:_sl_NetAppSendTokenValue</name>
         <load_address>0x20012ae4</load_address>
         <run_address>0x20012ae4</run_address>
         <size>0x6c</size>
         <input_file_ref idref="fl-fa"/>
      </object_component>
      <object_component id="oc-12">
         <name>.text:decompress:lzss</name>
         <load_address>0x20012b50</load_address>
         <run_address>0x20012b50</run_address>
         <size>0x68</size>
         <input_file_ref idref="fl-e4"/>
      </object_component>
      <object_component id="oc-2d3">
         <name>.text:SDHostSetExpClk</name>
         <load_address>0x20012bb8</load_address>
         <run_address>0x20012bb8</run_address>
         <size>0x66</size>
         <input_file_ref idref="fl-de"/>
      </object_component>
      <object_component id="oc-9e9">
         <name>.text:_sl_HandleAsync_Accept</name>
         <load_address>0x20012c20</load_address>
         <run_address>0x20012c20</run_address>
         <size>0x64</size>
         <input_file_ref idref="fl-fb"/>
      </object_component>
      <object_component id="oc-8eb">
         <name>.text:uDMAChannelAttributeDisable</name>
         <load_address>0x20012c84</load_address>
         <run_address>0x20012c84</run_address>
         <size>0x64</size>
         <input_file_ref idref="fl-123"/>
      </object_component>
      <object_component id="oc-9a0">
         <name>.text:uDMAChannelAttributeEnable</name>
         <load_address>0x20012ce8</load_address>
         <run_address>0x20012ce8</run_address>
         <size>0x64</size>
         <input_file_ref idref="fl-123"/>
      </object_component>
      <object_component id="oc-1c4">
         <name>.text:__aeabi_cfcmple</name>
         <load_address>0x20012d4c</load_address>
         <run_address>0x20012d4c</run_address>
         <size>0x60</size>
         <input_file_ref idref="fl-e7"/>
      </object_component>
      <object_component id="oc-1d5">
         <name>.text</name>
         <load_address>0x20012dac</load_address>
         <run_address>0x20012dac</run_address>
         <size>0x60</size>
         <input_file_ref idref="fl-10d"/>
      </object_component>
      <object_component id="oc-3f5">
         <name>.text:sl_Close</name>
         <load_address>0x20012e0c</load_address>
         <run_address>0x20012e0c</run_address>
         <size>0x60</size>
         <input_file_ref idref="fl-fb"/>
      </object_component>
      <object_component id="oc-40d">
         <name>.text:sl_WlanSetMode</name>
         <load_address>0x20012e6c</load_address>
         <run_address>0x20012e6c</run_address>
         <size>0x60</size>
         <input_file_ref idref="fl-10c"/>
      </object_component>
      <object_component id="oc-6de">
         <name>.text</name>
         <load_address>0x20012ecc</load_address>
         <run_address>0x20012ecc</run_address>
         <size>0x5c</size>
         <input_file_ref idref="fl-113"/>
      </object_component>
      <object_component id="oc-7e6">
         <name>.text:IntPendClear</name>
         <load_address>0x20012f28</load_address>
         <run_address>0x20012f28</run_address>
         <size>0x58</size>
         <input_file_ref idref="fl-d9"/>
      </object_component>
      <object_component id="oc-2c7">
         <name>.text:PRCMPeripheralReset</name>
         <load_address>0x20012f80</load_address>
         <run_address>0x20012f80</run_address>
         <size>0x58</size>
         <input_file_ref idref="fl-db"/>
      </object_component>
      <object_component id="oc-42b">
         <name>.text:sl_NetAppStart</name>
         <load_address>0x20012fd8</load_address>
         <run_address>0x20012fd8</run_address>
         <size>0x58</size>
         <input_file_ref idref="fl-fa"/>
      </object_component>
      <object_component id="oc-425">
         <name>.text:sl_NetAppStop</name>
         <load_address>0x20013030</load_address>
         <run_address>0x20013030</run_address>
         <size>0x58</size>
         <input_file_ref idref="fl-fa"/>
      </object_component>
      <object_component id="oc-326">
         <name>.text:IntPrioritySet</name>
         <load_address>0x20013088</load_address>
         <run_address>0x20013088</run_address>
         <size>0x54</size>
         <input_file_ref idref="fl-d9"/>
      </object_component>
      <object_component id="oc-9f5">
         <name>.text:_sl_HandleAsync_Select</name>
         <load_address>0x200130dc</load_address>
         <run_address>0x200130dc</run_address>
         <size>0x54</size>
         <input_file_ref idref="fl-fb"/>
      </object_component>
      <object_component id="oc-78">
         <name>.text</name>
         <load_address>0x20013130</load_address>
         <run_address>0x20013130</run_address>
         <size>0x54</size>
         <input_file_ref idref="fl-101"/>
      </object_component>
      <object_component id="oc-6d3">
         <name>.text</name>
         <load_address>0x20013184</load_address>
         <run_address>0x20013184</run_address>
         <size>0x54</size>
         <input_file_ref idref="fl-117"/>
      </object_component>
      <object_component id="oc-691">
         <name>.text:_SlDrvRxIrqHandler</name>
         <load_address>0x200131d8</load_address>
         <run_address>0x200131d8</run_address>
         <size>0x50</size>
         <input_file_ref idref="fl-f6"/>
      </object_component>
      <object_component id="oc-9fb">
         <name>.text:_sl_HandleAsync_Stop</name>
         <load_address>0x20013228</load_address>
         <run_address>0x20013228</run_address>
         <size>0x50</size>
         <input_file_ref idref="fl-f9"/>
      </object_component>
      <object_component id="oc-848">
         <name>.text:SPIIntEnable</name>
         <load_address>0x20013278</load_address>
         <run_address>0x20013278</run_address>
         <size>0x4c</size>
         <input_file_ref idref="fl-f8"/>
      </object_component>
      <object_component id="oc-640">
         <name>.text:_SlDrvProtectAsyncRespSetting</name>
         <load_address>0x200132c4</load_address>
         <run_address>0x200132c4</run_address>
         <size>0x4c</size>
         <input_file_ref idref="fl-f6"/>
      </object_component>
      <object_component id="oc-60e">
         <name>.text:_sl_BuildAddress</name>
         <load_address>0x20013310</load_address>
         <run_address>0x20013310</run_address>
         <size>0x4c</size>
         <input_file_ref idref="fl-fb"/>
      </object_component>
      <object_component id="oc-36b">
         <name>.text</name>
         <load_address>0x2001335c</load_address>
         <run_address>0x2001335c</run_address>
         <size>0x4c</size>
         <input_file_ref idref="fl-fe"/>
      </object_component>
      <object_component id="oc-132">
         <name>.text</name>
         <load_address>0x200133a8</load_address>
         <run_address>0x200133a8</run_address>
         <size>0x4c</size>
         <input_file_ref idref="fl-100"/>
      </object_component>
      <object_component id="oc-8e5">
         <name>.text:uDMAChannelAssign</name>
         <load_address>0x200133f4</load_address>
         <run_address>0x200133f4</run_address>
         <size>0x4c</size>
         <input_file_ref idref="fl-123"/>
      </object_component>
      <object_component id="oc-1db">
         <name>.text:PRCMHibernateWakeupSourceEnable</name>
         <load_address>0x20013440</load_address>
         <run_address>0x20013440</run_address>
         <size>0x48</size>
         <input_file_ref idref="fl-db"/>
      </object_component>
      <object_component id="oc-8fd">
         <name>.text:SPIIntClear</name>
         <load_address>0x20013488</load_address>
         <run_address>0x20013488</run_address>
         <size>0x48</size>
         <input_file_ref idref="fl-f8"/>
      </object_component>
      <object_component id="oc-6ce">
         <name>.text</name>
         <load_address>0x200134d0</load_address>
         <run_address>0x200134d0</run_address>
         <size>0x48</size>
         <input_file_ref idref="fl-110"/>
      </object_component>
      <object_component id="oc-8f5">
         <name>.text:SPIDmaMaskGet</name>
         <load_address>0x20013518</load_address>
         <run_address>0x20013518</run_address>
         <size>0x44</size>
         <input_file_ref idref="fl-f8"/>
      </object_component>
      <object_component id="oc-a37">
         <name>.text:TimerConfigure</name>
         <load_address>0x2001355c</load_address>
         <run_address>0x2001355c</run_address>
         <size>0x44</size>
         <input_file_ref idref="fl-e0"/>
      </object_component>
      <object_component id="oc-58a">
         <name>.text:UARTIntNumberGet</name>
         <load_address>0x200135a0</load_address>
         <run_address>0x200135a0</run_address>
         <size>0x44</size>
         <input_file_ref idref="fl-e1"/>
      </object_component>
      <object_component id="oc-957">
         <name>.text:cc_SetupTransfer</name>
         <load_address>0x200135e4</load_address>
         <run_address>0x200135e4</run_address>
         <size>0x44</size>
         <input_file_ref idref="fl-f7"/>
      </object_component>
      <object_component id="oc-205">
         <name>.text:sl_Htonl</name>
         <load_address>0x20013628</load_address>
         <run_address>0x20013628</run_address>
         <size>0x42</size>
         <input_file_ref idref="fl-fb"/>
      </object_component>
      <object_component id="oc-273">
         <name>.text:PinModeSet</name>
         <load_address>0x2001366c</load_address>
         <run_address>0x2001366c</run_address>
         <size>0x40</size>
         <input_file_ref idref="fl-dd"/>
      </object_component>
      <object_component id="oc-646">
         <name>.text:_SlDrvSyncObjWaitTimeout</name>
         <load_address>0x200136ac</load_address>
         <run_address>0x200136ac</run_address>
         <size>0x40</size>
         <input_file_ref idref="fl-f6"/>
      </object_component>
      <object_component id="oc-608">
         <name>.text:_sl_TruncatePayloadByProtocol</name>
         <load_address>0x200136ec</load_address>
         <run_address>0x200136ec</run_address>
         <size>0x40</size>
         <input_file_ref idref="fl-fb"/>
      </object_component>
      <object_component id="oc-24">
         <name>.text</name>
         <load_address>0x2001372c</load_address>
         <run_address>0x2001372c</run_address>
         <size>0x40</size>
         <input_file_ref idref="fl-f1"/>
      </object_component>
      <object_component id="oc-534">
         <name>.text:SDHostCmdSend</name>
         <load_address>0x2001376c</load_address>
         <run_address>0x2001376c</run_address>
         <size>0x3e</size>
         <input_file_ref idref="fl-de"/>
      </object_component>
      <object_component id="oc-9e0">
         <name>.text:CopyPingResultsToReport</name>
         <load_address>0x200137aa</load_address>
         <run_address>0x200137aa</run_address>
         <size>0x3c</size>
         <input_file_ref idref="fl-fa"/>
      </object_component>
      <object_component id="oc-279">
         <name>.text:PRCMPeripheralClkEnable</name>
         <load_address>0x200137e8</load_address>
         <run_address>0x200137e8</run_address>
         <size>0x3c</size>
         <input_file_ref idref="fl-db"/>
      </object_component>
      <object_component id="oc-2c1">
         <name>.text:PinDirModeSet</name>
         <load_address>0x20013824</load_address>
         <run_address>0x20013824</run_address>
         <size>0x3c</size>
         <input_file_ref idref="fl-dd"/>
      </object_component>
      <object_component id="oc-a0a">
         <name>.text:simplelink_timerA2_start</name>
         <load_address>0x20013860</load_address>
         <run_address>0x20013860</run_address>
         <size>0x3c</size>
         <input_file_ref idref="fl-f7"/>
      </object_component>
      <object_component id="oc-1ff">
         <name>.text:sl_Htons</name>
         <load_address>0x2001389c</load_address>
         <run_address>0x2001389c</run_address>
         <size>0x3c</size>
         <input_file_ref idref="fl-fb"/>
      </object_component>
      <object_component id="oc-99a">
         <name>.text:uDMAChannelControlSet</name>
         <load_address>0x200138d8</load_address>
         <run_address>0x200138d8</run_address>
         <size>0x3c</size>
         <input_file_ref idref="fl-123"/>
      </object_component>
      <object_component id="oc-658">
         <name>.text:NwpPowerOff</name>
         <load_address>0x20013914</load_address>
         <run_address>0x20013914</run_address>
         <size>0x38</size>
         <input_file_ref idref="fl-f7"/>
      </object_component>
      <object_component id="oc-16e">
         <name>.text</name>
         <load_address>0x2001394c</load_address>
         <run_address>0x2001394c</run_address>
         <size>0x38</size>
         <input_file_ref idref="fl-10a"/>
      </object_component>
      <object_component id="oc-23b">
         <name>.text</name>
         <load_address>0x20013984</load_address>
         <run_address>0x20013984</run_address>
         <size>0x38</size>
         <input_file_ref idref="fl-ea"/>
      </object_component>
      <object_component id="oc-37c">
         <name>.text</name>
         <load_address>0x200139bc</load_address>
         <run_address>0x200139bc</run_address>
         <size>0x38</size>
         <input_file_ref idref="fl-eb"/>
      </object_component>
      <object_component id="oc-1b5">
         <name>.text</name>
         <load_address>0x200139f4</load_address>
         <run_address>0x200139f4</run_address>
         <size>0x38</size>
         <input_file_ref idref="fl-ef"/>
      </object_component>
      <object_component id="oc-285">
         <name>.text:GPIODirModeSet</name>
         <load_address>0x20013a2c</load_address>
         <run_address>0x20013a2c</run_address>
         <size>0x36</size>
         <input_file_ref idref="fl-d6"/>
      </object_component>
      <object_component id="oc-82a">
         <name>.text:PRCMPeripheralStatusGet</name>
         <load_address>0x20013a64</load_address>
         <run_address>0x20013a64</run_address>
         <size>0x34</size>
         <input_file_ref idref="fl-db"/>
      </object_component>
      <object_component id="oc-517">
         <name>.text:SDHostRespGet</name>
         <load_address>0x20013a98</load_address>
         <run_address>0x20013a98</run_address>
         <size>0x34</size>
         <input_file_ref idref="fl-de"/>
      </object_component>
      <object_component id="oc-842">
         <name>.text:SPIFIFOLevelSet</name>
         <load_address>0x20013acc</load_address>
         <run_address>0x20013acc</run_address>
         <size>0x34</size>
         <input_file_ref idref="fl-f8"/>
      </object_component>
      <object_component id="oc-381">
         <name>.text</name>
         <load_address>0x20013b00</load_address>
         <run_address>0x20013b00</run_address>
         <size>0x34</size>
         <input_file_ref idref="fl-11f"/>
      </object_component>
      <object_component id="oc-35f">
         <name>.text</name>
         <load_address>0x20013b34</load_address>
         <run_address>0x20013b34</run_address>
         <size>0x34</size>
         <input_file_ref idref="fl-120"/>
      </object_component>
      <object_component id="oc-27f">
         <name>.text:PinTypeGPIO</name>
         <load_address>0x20013b68</load_address>
         <run_address>0x20013b68</run_address>
         <size>0x30</size>
         <input_file_ref idref="fl-dd"/>
      </object_component>
      <object_component id="oc-57d">
         <name>.text:UARTDisable</name>
         <load_address>0x20013b98</load_address>
         <run_address>0x20013b98</run_address>
         <size>0x30</size>
         <input_file_ref idref="fl-e1"/>
      </object_component>
      <object_component id="oc-4f1">
         <name>.text:_sl_Strlen</name>
         <load_address>0x20013bc8</load_address>
         <run_address>0x20013bc8</run_address>
         <size>0x30</size>
         <input_file_ref idref="fl-f5"/>
      </object_component>
      <object_component id="oc-6d9">
         <name>.text</name>
         <load_address>0x20013bf8</load_address>
         <run_address>0x20013bf8</run_address>
         <size>0x2e</size>
         <input_file_ref idref="fl-ee"/>
      </object_component>
      <object_component id="oc-855">
         <name>.text:DmaSpiSwIntHandler</name>
         <load_address>0x20013c28</load_address>
         <run_address>0x20013c28</run_address>
         <size>0x2c</size>
         <input_file_ref idref="fl-f7"/>
      </object_component>
      <object_component id="oc-3ba">
         <name>.text:I2CMasterErr</name>
         <load_address>0x20013c54</load_address>
         <run_address>0x20013c54</run_address>
         <size>0x2c</size>
         <input_file_ref idref="fl-d8"/>
      </object_component>
      <object_component id="oc-685">
         <name>.text:NwpPowerOn</name>
         <load_address>0x20013c80</load_address>
         <run_address>0x20013c80</run_address>
         <size>0x2c</size>
         <input_file_ref idref="fl-f7"/>
      </object_component>
      <object_component id="oc-567">
         <name>.text:PRCMSysResetCauseGet</name>
         <load_address>0x20013cac</load_address>
         <run_address>0x20013cac</run_address>
         <size>0x2c</size>
         <input_file_ref idref="fl-db"/>
      </object_component>
      <object_component id="oc-51d">
         <name>.text:SDHostIntStatus</name>
         <load_address>0x20013cd8</load_address>
         <run_address>0x20013cd8</run_address>
         <size>0x2c</size>
         <input_file_ref idref="fl-de"/>
      </object_component>
      <object_component id="oc-3fb">
         <name>.text</name>
         <load_address>0x20013d04</load_address>
         <run_address>0x20013d04</run_address>
         <size>0x2c</size>
         <input_file_ref idref="fl-11e"/>
      </object_component>
      <object_component id="oc-a43">
         <name>.text:TimerLoadSet</name>
         <load_address>0x20013d30</load_address>
         <run_address>0x20013d30</run_address>
         <size>0x2a</size>
         <input_file_ref idref="fl-e0"/>
      </object_component>
      <object_component id="oc-a3d">
         <name>.text:TimerPrescaleSet</name>
         <load_address>0x20013d5a</load_address>
         <run_address>0x20013d5a</run_address>
         <size>0x2a</size>
         <input_file_ref idref="fl-e0"/>
      </object_component>
      <object_component id="oc-39c">
         <name>.text:PRCMPeripheralClkDisable</name>
         <load_address>0x20013d84</load_address>
         <run_address>0x20013d84</run_address>
         <size>0x28</size>
         <input_file_ref idref="fl-db"/>
      </object_component>
      <object_component id="oc-523">
         <name>.text:SDHostBlockSizeSet</name>
         <load_address>0x20013dac</load_address>
         <run_address>0x20013dac</run_address>
         <size>0x28</size>
         <input_file_ref idref="fl-de"/>
      </object_component>
      <object_component id="oc-6f6">
         <name>.text:_SlDrvObjGlobalLockWaitForever</name>
         <load_address>0x20013dd4</load_address>
         <run_address>0x20013dd4</run_address>
         <size>0x28</size>
         <input_file_ref idref="fl-f6"/>
      </object_component>
      <object_component id="oc-47c">
         <name>.text:_SlDrvProtectionObjLockWaitForever</name>
         <load_address>0x20013dfc</load_address>
         <run_address>0x20013dfc</run_address>
         <size>0x28</size>
         <input_file_ref idref="fl-f6"/>
      </object_component>
      <object_component id="oc-64c">
         <name>.text:NwpRegisterInterruptHandler</name>
         <load_address>0x20013e24</load_address>
         <run_address>0x20013e24</run_address>
         <size>0x26</size>
         <input_file_ref idref="fl-f7"/>
      </object_component>
      <object_component id="oc-540">
         <name>.text:SDHostBlockCountSet</name>
         <load_address>0x20013e4a</load_address>
         <run_address>0x20013e4a</run_address>
         <size>0x26</size>
         <input_file_ref idref="fl-de"/>
      </object_component>
      <object_component id="oc-332">
         <name>.text:IntUnregister</name>
         <load_address>0x20013e70</load_address>
         <run_address>0x20013e70</run_address>
         <size>0x24</size>
         <input_file_ref idref="fl-d9"/>
      </object_component>
      <object_component id="oc-52e">
         <name>.text:SDHostIntClear</name>
         <load_address>0x20013e94</load_address>
         <run_address>0x20013e94</run_address>
         <size>0x24</size>
         <input_file_ref idref="fl-de"/>
      </object_component>
      <object_component id="oc-583">
         <name>.text:UARTEnable</name>
         <load_address>0x20013eb8</load_address>
         <run_address>0x20013eb8</run_address>
         <size>0x24</size>
         <input_file_ref idref="fl-e1"/>
      </object_component>
      <object_component id="oc-6fc">
         <name>.text:_SlDrvGlobalObjUnLock</name>
         <load_address>0x20013edc</load_address>
         <run_address>0x20013edc</run_address>
         <size>0x24</size>
         <input_file_ref idref="fl-f6"/>
      </object_component>
      <object_component id="oc-482">
         <name>.text:_SlDrvProtectionObjUnLock</name>
         <load_address>0x20013f00</load_address>
         <run_address>0x20013f00</run_address>
         <size>0x24</size>
         <input_file_ref idref="fl-f6"/>
      </object_component>
      <object_component id="oc-48e">
         <name>.text:_SlDrvSyncObjWaitForever</name>
         <load_address>0x20013f24</load_address>
         <run_address>0x20013f24</run_address>
         <size>0x24</size>
         <input_file_ref idref="fl-f6"/>
      </object_component>
      <object_component id="oc-43d">
         <name>.text</name>
         <load_address>0x20013f48</load_address>
         <run_address>0x20013f48</run_address>
         <size>0x24</size>
         <input_file_ref idref="fl-106"/>
      </object_component>
      <object_component id="oc-3c0">
         <name>.text:I2CMasterSlaveAddrSet</name>
         <load_address>0x20013f6c</load_address>
         <run_address>0x20013f6c</run_address>
         <size>0x22</size>
         <input_file_ref idref="fl-d8"/>
      </object_component>
      <object_component id="oc-53a">
         <name>.text:SDHostCmdReset</name>
         <load_address>0x20013f8e</load_address>
         <run_address>0x20013f8e</run_address>
         <size>0x22</size>
         <input_file_ref idref="fl-de"/>
      </object_component>
      <object_component id="oc-80f">
         <name>.text:SPIReset</name>
         <load_address>0x20013fb0</load_address>
         <run_address>0x20013fb0</run_address>
         <size>0x22</size>
         <input_file_ref idref="fl-f8"/>
      </object_component>
      <object_component id="oc-91e">
         <name>.text:SPIWordCountSet</name>
         <load_address>0x20013fd2</load_address>
         <run_address>0x20013fd2</run_address>
         <size>0x22</size>
         <input_file_ref idref="fl-f8"/>
      </object_component>
      <object_component id="oc-7c2">
         <name>.text:_SlDrvObjLockWaitForever</name>
         <load_address>0x20013ff4</load_address>
         <run_address>0x20013ff4</run_address>
         <size>0x22</size>
         <input_file_ref idref="fl-f6"/>
      </object_component>
      <object_component id="oc-316">
         <name>.text:GPIOPinWrite</name>
         <load_address>0x20014016</load_address>
         <run_address>0x20014016</run_address>
         <size>0x20</size>
         <input_file_ref idref="fl-d6"/>
      </object_component>
      <object_component id="oc-320">
         <name>.text:IntRegister</name>
         <load_address>0x20014038</load_address>
         <run_address>0x20014038</run_address>
         <size>0x20</size>
         <input_file_ref idref="fl-d9"/>
      </object_component>
      <object_component id="oc-652">
         <name>.text:NwpPrePowerOffTimout0</name>
         <load_address>0x20014058</load_address>
         <run_address>0x20014058</run_address>
         <size>0x20</size>
         <input_file_ref idref="fl-f7"/>
      </object_component>
      <object_component id="oc-54c">
         <name>.text:SDHostDataRead</name>
         <load_address>0x20014078</load_address>
         <run_address>0x20014078</run_address>
         <size>0x20</size>
         <input_file_ref idref="fl-de"/>
      </object_component>
      <object_component id="oc-9b3">
         <name>.text:TimerGetCurrentTimestamp</name>
         <load_address>0x20014098</load_address>
         <run_address>0x20014098</run_address>
         <size>0x20</size>
         <input_file_ref idref="fl-f7"/>
      </object_component>
      <object_component id="oc-3a2">
         <name>.text:I2CMasterIntStatusEx</name>
         <load_address>0x200140b8</load_address>
         <run_address>0x200140b8</run_address>
         <size>0x1e</size>
         <input_file_ref idref="fl-d8"/>
      </object_component>
      <object_component id="oc-546">
         <name>.text:SDHostDataWrite</name>
         <load_address>0x200140d6</load_address>
         <run_address>0x200140d6</run_address>
         <size>0x1e</size>
         <input_file_ref idref="fl-de"/>
      </object_component>
      <object_component id="oc-a49">
         <name>.text:TimerEnable</name>
         <load_address>0x200140f4</load_address>
         <run_address>0x200140f4</run_address>
         <size>0x1e</size>
         <input_file_ref idref="fl-e0"/>
      </object_component>
      <object_component id="oc-226">
         <name>.text:TimerIntStatus</name>
         <load_address>0x20014112</load_address>
         <run_address>0x20014112</run_address>
         <size>0x1e</size>
         <input_file_ref idref="fl-e0"/>
      </object_component>
      <object_component id="oc-34d">
         <name>.text:UARTCharPut</name>
         <load_address>0x20014130</load_address>
         <run_address>0x20014130</run_address>
         <size>0x1e</size>
         <input_file_ref idref="fl-e1"/>
      </object_component>
      <object_component id="oc-2af">
         <name>.text:UARTIntRegister</name>
         <load_address>0x2001414e</load_address>
         <run_address>0x2001414e</run_address>
         <size>0x1e</size>
         <input_file_ref idref="fl-e1"/>
      </object_component>
      <object_component id="oc-7c8">
         <name>.text:_SlDrvObjUnLock</name>
         <load_address>0x2001416c</load_address>
         <run_address>0x2001416c</run_address>
         <size>0x1e</size>
         <input_file_ref idref="fl-f6"/>
      </object_component>
      <object_component id="oc-716">
         <name>.text:_SlDrvSyncObjSignal</name>
         <load_address>0x2001418a</load_address>
         <run_address>0x2001418a</run_address>
         <size>0x1e</size>
         <input_file_ref idref="fl-f6"/>
      </object_component>
      <object_component id="oc-830">
         <name>.text:cc_UDMAChannelSelect</name>
         <load_address>0x200141a8</load_address>
         <run_address>0x200141a8</run_address>
         <size>0x1e</size>
         <input_file_ref idref="fl-f7"/>
      </object_component>
      <object_component id="oc-297">
         <name>.text:PinTypeI2C</name>
         <load_address>0x200141c6</load_address>
         <run_address>0x200141c6</run_address>
         <size>0x1c</size>
         <input_file_ref idref="fl-dd"/>
      </object_component>
      <object_component id="oc-a10">
         <name>.text:TimerValueGet</name>
         <load_address>0x200141e2</load_address>
         <run_address>0x200141e2</run_address>
         <size>0x1c</size>
         <input_file_ref idref="fl-e0"/>
      </object_component>
      <object_component id="oc-359">
         <name>.text:UARTCharGetNonBlocking</name>
         <load_address>0x200141fe</load_address>
         <run_address>0x200141fe</run_address>
         <size>0x1c</size>
         <input_file_ref idref="fl-e1"/>
      </object_component>
      <object_component id="oc-961">
         <name>.text:_SlDrvStartMeasureTimeout</name>
         <load_address>0x2001421a</load_address>
         <run_address>0x2001421a</run_address>
         <size>0x1c</size>
         <input_file_ref idref="fl-f6"/>
      </object_component>
      <object_component id="oc-9ac">
         <name>.text:uDMAChannelEnable</name>
         <load_address>0x20014238</load_address>
         <run_address>0x20014238</run_address>
         <size>0x1c</size>
         <input_file_ref idref="fl-123"/>
      </object_component>
      <object_component id="oc-28b">
         <name>.text:PinTypeSDHost</name>
         <load_address>0x20014254</load_address>
         <run_address>0x20014254</run_address>
         <size>0x1a</size>
         <input_file_ref idref="fl-dd"/>
      </object_component>
      <object_component id="oc-291">
         <name>.text:PinTypeUART</name>
         <load_address>0x2001426e</load_address>
         <run_address>0x2001426e</run_address>
         <size>0x1a</size>
         <input_file_ref idref="fl-dd"/>
      </object_component>
      <object_component id="oc-7fd">
         <name>.text:SPIDmaDisable</name>
         <load_address>0x20014288</load_address>
         <run_address>0x20014288</run_address>
         <size>0x1a</size>
         <input_file_ref idref="fl-f8"/>
      </object_component>
      <object_component id="oc-83c">
         <name>.text:SPIDmaEnable</name>
         <load_address>0x200142a2</load_address>
         <run_address>0x200142a2</run_address>
         <size>0x1a</size>
         <input_file_ref idref="fl-f8"/>
      </object_component>
      <object_component id="oc-7f7">
         <name>.text:SPIFIFODisable</name>
         <load_address>0x200142bc</load_address>
         <run_address>0x200142bc</run_address>
         <size>0x1a</size>
         <input_file_ref idref="fl-f8"/>
      </object_component>
      <object_component id="oc-836">
         <name>.text:SPIFIFOEnable</name>
         <load_address>0x200142d6</load_address>
         <run_address>0x200142d6</run_address>
         <size>0x1a</size>
         <input_file_ref idref="fl-f8"/>
      </object_component>
      <object_component id="oc-246">
         <name>.text</name>
         <load_address>0x200142f0</load_address>
         <run_address>0x200142f0</run_address>
         <size>0x1a</size>
         <input_file_ref idref="fl-119"/>
      </object_component>
      <object_component id="oc-803">
         <name>.text:SPICSDisable</name>
         <load_address>0x2001430a</load_address>
         <run_address>0x2001430a</run_address>
         <size>0x18</size>
         <input_file_ref idref="fl-f8"/>
      </object_component>
      <object_component id="oc-918">
         <name>.text:SPICSEnable</name>
         <load_address>0x20014322</load_address>
         <run_address>0x20014322</run_address>
         <size>0x18</size>
         <input_file_ref idref="fl-f8"/>
      </object_component>
      <object_component id="oc-809">
         <name>.text:SPIDisable</name>
         <load_address>0x2001433a</load_address>
         <run_address>0x2001433a</run_address>
         <size>0x18</size>
         <input_file_ref idref="fl-f8"/>
      </object_component>
      <object_component id="oc-84e">
         <name>.text:SPIEnable</name>
         <load_address>0x20014352</load_address>
         <run_address>0x20014352</run_address>
         <size>0x18</size>
         <input_file_ref idref="fl-f8"/>
      </object_component>
      <object_component id="oc-2b5">
         <name>.text:UARTIntEnable</name>
         <load_address>0x2001436a</load_address>
         <run_address>0x2001436a</run_address>
         <size>0x18</size>
         <input_file_ref idref="fl-e1"/>
      </object_component>
      <object_component id="oc-68b">
         <name>.text:_sl_GetStartResponseConvert</name>
         <load_address>0x20014384</load_address>
         <run_address>0x20014384</run_address>
         <size>0x18</size>
         <input_file_ref idref="fl-f9"/>
      </object_component>
      <object_component id="oc-72">
         <name>.text</name>
         <load_address>0x2001439c</load_address>
         <run_address>0x2001439c</run_address>
         <size>0x18</size>
         <input_file_ref idref="fl-f4"/>
      </object_component>
      <object_component id="oc-4bd">
         <name>.text</name>
         <load_address>0x200143b4</load_address>
         <run_address>0x200143b4</run_address>
         <size>0x18</size>
         <input_file_ref idref="fl-11b"/>
      </object_component>
      <object_component id="oc-3c6">
         <name>.text:I2CMasterDataPut</name>
         <load_address>0x200143cc</load_address>
         <run_address>0x200143cc</run_address>
         <size>0x16</size>
         <input_file_ref idref="fl-d8"/>
      </object_component>
      <object_component id="oc-5eb">
         <name>.text:I2CMasterEnable</name>
         <load_address>0x200143e2</load_address>
         <run_address>0x200143e2</run_address>
         <size>0x16</size>
         <input_file_ref idref="fl-d8"/>
      </object_component>
      <object_component id="oc-454">
         <name>.text:PRCMHIBRegRead</name>
         <load_address>0x200143f8</load_address>
         <run_address>0x200143f8</run_address>
         <size>0x16</size>
         <input_file_ref idref="fl-db"/>
      </object_component>
      <object_component id="oc-45a">
         <name>.text:PRCMHIBRegWrite</name>
         <load_address>0x2001440e</load_address>
         <run_address>0x2001440e</run_address>
         <size>0x16</size>
         <input_file_ref idref="fl-db"/>
      </object_component>
      <object_component id="oc-2bb">
         <name>.text:UARTFIFODisable</name>
         <load_address>0x20014424</load_address>
         <run_address>0x20014424</run_address>
         <size>0x16</size>
         <input_file_ref idref="fl-e1"/>
      </object_component>
      <object_component id="oc-505">
         <name>.text:_SlDrvMemZero</name>
         <load_address>0x2001443a</load_address>
         <run_address>0x2001443a</run_address>
         <size>0x16</size>
         <input_file_ref idref="fl-f6"/>
      </object_component>
      <object_component id="oc-365">
         <name>.text</name>
         <load_address>0x20014450</load_address>
         <run_address>0x20014450</run_address>
         <size>0x16</size>
         <input_file_ref idref="fl-11a"/>
      </object_component>
      <object_component id="oc-55c">
         <name>.text:CPUcpsie</name>
         <load_address>0x20014466</load_address>
         <run_address>0x20014466</run_address>
         <size>0x14</size>
         <input_file_ref idref="fl-da"/>
      </object_component>
      <object_component id="oc-25b">
         <name>.text:IntVTableBaseSet</name>
         <load_address>0x2001447c</load_address>
         <run_address>0x2001447c</run_address>
         <size>0x14</size>
         <input_file_ref idref="fl-d9"/>
      </object_component>
      <object_component id="oc-1e7">
         <name>.text:PRCMHibernateEnter</name>
         <load_address>0x20014490</load_address>
         <run_address>0x20014490</run_address>
         <size>0x14</size>
         <input_file_ref idref="fl-db"/>
      </object_component>
      <object_component id="oc-4c9">
         <name>.text</name>
         <load_address>0x200144a4</load_address>
         <run_address>0x200144a4</run_address>
         <size>0x14</size>
         <input_file_ref idref="fl-11c"/>
      </object_component>
      <object_component id="oc-252">
         <name>.text</name>
         <load_address>0x200144b8</load_address>
         <run_address>0x200144b8</run_address>
         <size>0x14</size>
         <input_file_ref idref="fl-11d"/>
      </object_component>
      <object_component id="oc-3b4">
         <name>.text:I2CMasterControl</name>
         <load_address>0x200144cc</load_address>
         <run_address>0x200144cc</run_address>
         <size>0x12</size>
         <input_file_ref idref="fl-d8"/>
      </object_component>
      <object_component id="oc-3a8">
         <name>.text:I2CMasterIntClearEx</name>
         <load_address>0x200144de</load_address>
         <run_address>0x200144de</run_address>
         <size>0x12</size>
         <input_file_ref idref="fl-d8"/>
      </object_component>
      <object_component id="oc-3ae">
         <name>.text:I2CMasterTimeoutSet</name>
         <load_address>0x200144f0</load_address>
         <run_address>0x200144f0</run_address>
         <size>0x12</size>
         <input_file_ref idref="fl-d8"/>
      </object_component>
      <object_component id="oc-22c">
         <name>.text:TimerIntClear</name>
         <load_address>0x20014502</load_address>
         <run_address>0x20014502</run_address>
         <size>0x12</size>
         <input_file_ref idref="fl-e0"/>
      </object_component>
      <object_component id="oc-353">
         <name>.text:UARTIntClear</name>
         <load_address>0x20014514</load_address>
         <run_address>0x20014514</run_address>
         <size>0x12</size>
         <input_file_ref idref="fl-e1"/>
      </object_component>
      <object_component id="oc-9d3">
         <name>.text:_SlDrvDispatchHttpServerEvents</name>
         <load_address>0x20014526</load_address>
         <run_address>0x20014526</run_address>
         <size>0x10</size>
         <input_file_ref idref="fl-f6"/>
      </object_component>
      <object_component id="oc-3cc">
         <name>.text:I2CMasterDataGet</name>
         <load_address>0x20014536</load_address>
         <run_address>0x20014536</run_address>
         <size>0xe</size>
         <input_file_ref idref="fl-d8"/>
      </object_component>
      <object_component id="oc-470">
         <name>.text:_SlDrvResetCmdExt</name>
         <load_address>0x20014544</load_address>
         <run_address>0x20014544</run_address>
         <size>0xe</size>
         <input_file_ref idref="fl-f6"/>
      </object_component>
      <object_component id="oc-18">
         <name>.text:decompress:none</name>
         <load_address>0x20014552</load_address>
         <run_address>0x20014552</run_address>
         <size>0xe</size>
         <input_file_ref idref="fl-e5"/>
      </object_component>
      <object_component id="oc-2d">
         <name>.text</name>
         <load_address>0x20014560</load_address>
         <run_address>0x20014560</run_address>
         <size>0xe</size>
         <input_file_ref idref="fl-13"/>
      </object_component>
      <object_component id="oc-7f0">
         <name>.text:NwpMaskInterrupt</name>
         <load_address>0x20014570</load_address>
         <run_address>0x20014570</run_address>
         <size>0xc</size>
         <input_file_ref idref="fl-f7"/>
      </object_component>
      <object_component id="oc-85c">
         <name>.text:NwpUnMaskInterrupt</name>
         <load_address>0x2001457c</load_address>
         <run_address>0x2001457c</run_address>
[...]
         <object_component_ref idref="oc-148"/>
      </symbol>
      <symbol id="sm-170c">
         <name>__TI_enable_exit_profile_output</name>
         <value>0x2001d268</value>
         <object_component_ref idref="oc-148"/>
      </symbol>
      <symbol id="sm-1767">
         <name>jsmn_init</name>
         <value>0x2000c557</value>
         <object_component_ref idref="oc-437"/>
      </symbol>
      <symbol id="sm-1768">
         <name>jsmn_parse</name>
         <value>0x2000c245</value>
         <object_component_ref idref="oc-437"/>
      </symbol>
      <symbol id="sm-1783">
         <name>memcpy</name>
         <value>0x20011981</value>
         <object_component_ref idref="oc-51"/>
      </symbol>
      <symbol id="sm-1784">
         <name>__aeabi_memcpy</name>
         <value>0x20011981</value>
         <object_component_ref idref="oc-51"/>
      </symbol>
      <symbol id="sm-1785">
         <name>__aeabi_memcpy8</name>
         <value>0x20011981</value>
         <object_component_ref idref="oc-51"/>
      </symbol>
      <symbol id="sm-1786">
         <name>__aeabi_memcpy4</name>
         <value>0x20011981</value>
         <object_component_ref idref="oc-51"/>
      </symbol>
      <symbol id="sm-1795">
         <name>__aeabi_memset</name>
         <value>0x20012831</value>
         <object_component_ref idref="oc-5a"/>
      </symbol>
      <symbol id="sm-1796">
         <name>memset</name>
         <value>0x20012837</value>
         <object_component_ref idref="oc-5a"/>
      </symbol>
      <symbol id="sm-1797">
         <name>__aeabi_memset8</name>
         <value>0x20012831</value>
         <object_component_ref idref="oc-5a"/>
      </symbol>
      <symbol id="sm-1798">
         <name>__aeabi_memset4</name>
         <value>0x20012831</value>
         <object_component_ref idref="oc-5a"/>
      </symbol>
      <symbol id="sm-1799">
         <name>__aeabi_memclr8</name>
         <value>0x2001282f</value>
         <object_component_ref idref="oc-5a"/>
      </symbol>
      <symbol id="sm-179a">
         <name>__aeabi_memclr4</name>
         <value>0x2001282f</value>
         <object_component_ref idref="oc-5a"/>
      </symbol>
      <symbol id="sm-179b">
         <name>__aeabi_memclr</name>
         <value>0x2001282f</value>
         <object_component_ref idref="oc-5a"/>
      </symbol>
      <symbol id="sm-17b0">
         <name>pvPortMalloc</name>
         <value>0x2001394d</value>
         <object_component_ref idref="oc-16e"/>
      </symbol>
      <symbol id="sm-17b1">
         <name>vPortFree</name>
         <value>0x2001396d</value>
         <object_component_ref idref="oc-16e"/>
      </symbol>
      <symbol id="sm-17d9">
         <name>sl_NetCfgGet</name>
         <value>0x20010ded</value>
         <object_component_ref idref="oc-698"/>
      </symbol>
      <symbol id="sm-1830">
         <name>sl_WlanGet</name>
         <value>0x20011135</value>
         <object_component_ref idref="oc-431"/>
      </symbol>
      <symbol id="sm-1831">
         <name>sl_WlanSet</name>
         <value>0x20011be9</value>
         <object_component_ref idref="oc-69e"/>
      </symbol>
      <symbol id="sm-1832">
         <name>sl_WlanSetMode</name>
         <value>0x20012e6d</value>
         <object_component_ref idref="oc-40d"/>
      </symbol>
      <symbol id="sm-1854">
         <name>__aeabi_cdcmpeq</name>
         <value>0x200123a9</value>
         <object_component_ref idref="oc-5d2"/>
      </symbol>
      <symbol id="sm-1855">
         <name>__aeabi_cdcmple</name>
         <value>0x200123a9</value>
         <object_component_ref idref="oc-5d2"/>
      </symbol>
      <symbol id="sm-1856">
         <name>__aeabi_cdrcmple</name>
         <value>0x2001242f</value>
         <object_component_ref idref="oc-6c9"/>
      </symbol>
      <symbol id="sm-1860">
         <name>__aeabi_d2iz</name>
         <value>0x200134d1</value>
         <object_component_ref idref="oc-6ce"/>
      </symbol>
      <symbol id="sm-1874">
         <name>__aeabi_ddiv</name>
         <value>0x2000fad9</value>
         <object_component_ref idref="oc-5d7"/>
      </symbol>
      <symbol id="sm-188b">
         <name>__aeabi_dsub</name>
         <value>0x2000e855</value>
         <object_component_ref idref="oc-5cd"/>
      </symbol>
      <symbol id="sm-188c">
         <name>__aeabi_dadd</name>
         <value>0x2000e85f</value>
         <object_component_ref idref="oc-5cd"/>
      </symbol>
      <symbol id="sm-18e3">
         <name>uDMAChannelControlSet</name>
         <value>0x200138d9</value>
         <object_component_ref idref="oc-99a"/>
      </symbol>
      <symbol id="sm-18e4">
         <name>uDMAChannelAttributeEnable</name>
         <value>0x20012ce9</value>
         <object_component_ref idref="oc-9a0"/>
      </symbol>
      <symbol id="sm-18e5">
         <name>uDMAChannelTransferSet</name>
         <value>0x200107ad</value>
         <object_component_ref idref="oc-9a6"/>
      </symbol>
      <symbol id="sm-18e6">
         <name>uDMAChannelAssign</name>
         <value>0x200133f5</value>
         <object_component_ref idref="oc-8e5"/>
      </symbol>
      <symbol id="sm-18e7">
         <name>uDMAChannelAttributeDisable</name>
         <value>0x20012c85</value>
         <object_component_ref idref="oc-8eb"/>
      </symbol>
      <symbol id="sm-18e8">
         <name>uDMAChannelEnable</name>
         <value>0x20014239</value>
         <object_component_ref idref="oc-9ac"/>
      </symbol>
      <symbol id="sm-1910">
         <name>vPortSetupTimerInterrupt</name>
         <value>0x2001029d</value>
         <object_component_ref idref="oc-38"/>
      </symbol>
      <symbol id="sm-1911">
         <name>vPortEndScheduler</name>
         <value>0x2001023d</value>
         <object_component_ref idref="oc-38"/>
      </symbol>
      <symbol id="sm-1912">
         <name>vPortYield</name>
         <value>0x2001023f</value>
         <object_component_ref idref="oc-38"/>
      </symbol>
      <symbol id="sm-1913">
         <name>xPortSysTickHandler</name>
         <value>0x20010281</value>
         <object_component_ref idref="oc-38"/>
      </symbol>
      <symbol id="sm-1914">
         <name>pxPortInitialiseStack</name>
         <value>0x200101c1</value>
         <object_component_ref idref="oc-38"/>
      </symbol>
      <symbol id="sm-1915">
         <name>vPortExitCritical</name>
         <value>0x20010269</value>
         <object_component_ref idref="oc-38"/>
      </symbol>
      <symbol id="sm-1916">
         <name>xPortStartScheduler</name>
         <value>0x20010211</value>
         <object_component_ref idref="oc-38"/>
      </symbol>
      <symbol id="sm-1917">
         <name>vPortEnterCritical</name>
         <value>0x20010251</value>
         <object_component_ref idref="oc-38"/>
      </symbol>
      <symbol id="sm-1928">
         <name>portCLZ</name>
         <value>0x20011439</value>
         <object_component_ref idref="oc-33"/>
      </symbol>
      <symbol id="sm-1929">
         <name>xPortPendSVHandler</name>
         <value>0x200113ad</value>
         <object_component_ref idref="oc-33"/>
      </symbol>
      <symbol id="sm-192a">
         <name>vPortClearInterruptMask</name>
         <value>0x2001139f</value>
         <object_component_ref idref="oc-33"/>
      </symbol>
      <symbol id="sm-192b">
         <name>ulPortSetInterruptMask</name>
         <value>0x20011389</value>
         <object_component_ref idref="oc-33"/>
      </symbol>
      <symbol id="sm-192c">
         <name>prvPortStartFirstTask</name>
         <value>0x20011421</value>
         <object_component_ref idref="oc-33"/>
      </symbol>
      <symbol id="sm-192d">
         <name>vPortSVCHandler</name>
         <value>0x200113f9</value>
         <object_component_ref idref="oc-33"/>
      </symbol>
      <symbol id="sm-1abd">
         <name>vTaskDelay</name>
         <value>0x20007213</value>
         <object_component_ref idref="oc-85"/>
      </symbol>
      <symbol id="sm-1abe">
         <name>vTaskSuspendAll</name>
         <value>0x20007677</value>
         <object_component_ref idref="oc-85"/>
      </symbol>
      <symbol id="sm-1abf">
         <name>vTaskPriorityInherit</name>
         <value>0x200080b9</value>
         <object_component_ref idref="oc-85"/>
      </symbol>
      <symbol id="sm-1ac0">
         <name>vTaskPlaceOnEventList</name>
         <value>0x20007a2d</value>
         <object_component_ref idref="oc-85"/>
      </symbol>
      <symbol id="sm-1ac1">
         <name>vTaskSetTaskNumber</name>
         <value>0x20007cc5</value>
         <object_component_ref idref="oc-85"/>
      </symbol>
      <symbol id="sm-1ac2">
         <name>xTaskCheckForTimeOut</name>
         <value>0x20007c1d</value>
         <object_component_ref idref="oc-85"/>
      </symbol>
      <symbol id="sm-1ac3">
         <name>xTaskRemoveFromUnorderedEventList</name>
         <value>0x20007b89</value>
         <object_component_ref idref="oc-85"/>
      </symbol>
      <symbol id="sm-1ac4">
         <name>vTaskPrioritySet</name>
         <value>0x20007335</value>
         <object_component_ref idref="oc-85"/>
      </symbol>
      <symbol id="sm-1ac5">
         <name>vTaskStartScheduler</name>
         <value>0x2000761b</value>
         <object_component_ref idref="oc-85"/>
      </symbol>
      <symbol id="sm-1ac6">
         <name>pcTaskGetTaskName</name>
         <value>0x2000778d</value>
         <object_component_ref idref="oc-85"/>
      </symbol>
      <symbol id="sm-1ac7">
         <name>vTaskPriorityDisinherit</name>
         <value>0x20008173</value>
         <object_component_ref idref="oc-85"/>
      </symbol>
      <symbol id="sm-1ac8">
         <name>vTaskDelayUntil</name>
         <value>0x20007177</value>
         <object_component_ref idref="oc-85"/>
      </symbol>
      <symbol id="sm-1ac9">
         <name>uxTaskGetTaskNumber</name>
         <value>0x20007ca5</value>
         <object_component_ref idref="oc-85"/>
      </symbol>
      <symbol id="sm-1aca">
         <name>vTaskEndScheduler</name>
         <value>0x20007665</value>
         <object_component_ref idref="oc-85"/>
      </symbol>
      <symbol id="sm-1acb">
         <name>vTaskMissedYield</name>
         <value>0x20007c97</value>
         <object_component_ref idref="oc-85"/>
      </symbol>
      <symbol id="sm-1acc">
         <name>uxTaskGetNumberOfTasks</name>
         <value>0x20007781</value>
         <object_component_ref idref="oc-85"/>
      </symbol>
      <symbol id="sm-1acd">
         <name>uxTaskPriorityGet</name>
         <value>0x200072fd</value>
         <object_component_ref idref="oc-85"/>
      </symbol>
      <symbol id="sm-1ace">
         <name>xTaskResumeAll</name>
         <value>0x20007689</value>
         <object_component_ref idref="oc-85"/>
      </symbol>
      <symbol id="sm-1acf">
         <name>xTaskGetTickCount</name>
         <value>0x20007755</value>
         <object_component_ref idref="oc-85"/>
      </symbol>
      <symbol id="sm-1ad0">
         <name>xTaskGenericCreate</name>
         <value>0x20006fd9</value>
         <object_component_ref idref="oc-85"/>
      </symbol>
      <symbol id="sm-1ad1">
         <name>uxTaskGetSystemState</name>
         <value>0x200077b1</value>
         <object_component_ref idref="oc-85"/>
      </symbol>
      <symbol id="sm-1ad2">
         <name>vTaskDelete</name>
         <value>0x200070e7</value>
         <object_component_ref idref="oc-85"/>
      </symbol>
      <symbol id="sm-1ad3">
         <name>pxCurrentTCB</name>
         <value>0x2001d1a4</value>
         <object_component_ref idref="oc-8b"/>
      </symbol>
      <symbol id="sm-1ad4">
         <name>eTaskGetState</name>
         <value>0x20007269</value>
         <object_component_ref idref="oc-85"/>
      </symbol>
      <symbol id="sm-1ad5">
         <name>vTaskSuspend</name>
         <value>0x20007439</value>
         <object_component_ref idref="oc-85"/>
      </symbol>
      <symbol id="sm-1ad6">
         <name>xTaskGetIdleTaskHandle</name>
         <value>0x2000786f</value>
         <object_component_ref idref="oc-85"/>
      </symbol>
      <symbol id="sm-1ad7">
         <name>xTaskGetTickCountFromISR</name>
         <value>0x20007769</value>
         <object_component_ref idref="oc-85"/>
      </symbol>
      <symbol id="sm-1ad8">
         <name>vTaskResume</name>
         <value>0x2000752d</value>
         <object_component_ref idref="oc-85"/>
      </symbol>
      <symbol id="sm-1ad9">
         <name>vTaskSetTimeOutState</name>
         <value>0x20007bf7</value>
         <object_component_ref idref="oc-85"/>
      </symbol>
      <symbol id="sm-1ada">
         <name>xTaskIncrementTick</name>
         <value>0x20007889</value>
         <object_component_ref idref="oc-85"/>
      </symbol>
      <symbol id="sm-1adb">
         <name>vTaskSwitchContext</name>
         <value>0x200079ad</value>
         <object_component_ref idref="oc-85"/>
      </symbol>
      <symbol id="sm-1adc">
         <name>uxTaskResetEventItemValue</name>
         <value>0x200081fd</value>
         <object_component_ref idref="oc-85"/>
      </symbol>
      <symbol id="sm-1add">
         <name>xTaskGetSchedulerState</name>
         <value>0x20008081</value>
         <object_component_ref idref="oc-85"/>
      </symbol>
      <symbol id="sm-1ade">
         <name>xTaskResumeFromISR</name>
         <value>0x200075a1</value>
         <object_component_ref idref="oc-85"/>
      </symbol>
      <symbol id="sm-1adf">
         <name>xTaskGetCurrentTaskHandle</name>
         <value>0x2000806d</value>
         <object_component_ref idref="oc-85"/>
      </symbol>
      <symbol id="sm-1ae0">
         <name>vTaskPlaceOnUnorderedEventList</name>
         <value>0x20007a91</value>
         <object_component_ref idref="oc-85"/>
      </symbol>
      <symbol id="sm-1ae1">
         <name>xTaskRemoveFromEventList</name>
         <value>0x20007b05</value>
         <object_component_ref idref="oc-85"/>
      </symbol>
      <symbol id="sm-1af7">
         <name>uxListRemove</name>
         <value>0x2000fe27</value>
         <object_component_ref idref="oc-153"/>
      </symbol>
      <symbol id="sm-1af8">
         <name>vListInsert</name>
         <value>0x2000fdc1</value>
         <object_component_ref idref="oc-153"/>
      </symbol>
      <symbol id="sm-1af9">
         <name>vListInitialiseItem</name>
         <value>0x2000fd75</value>
         <object_component_ref idref="oc-153"/>
      </symbol>
      <symbol id="sm-1afa">
         <name>vListInsertEnd</name>
         <value>0x2000fd85</value>
         <object_component_ref idref="oc-153"/>
      </symbol>
      <symbol id="sm-1afb">
         <name>vListInitialise</name>
         <value>0x2000fd45</value>
         <object_component_ref idref="oc-153"/>
      </symbol>
      <symbol id="sm-1ba6">
         <name>xQueueRegistry</name>
         <value>0x2001d538</value>
      </symbol>
      <symbol id="sm-1ba7">
         <name>xQueuePeekFromISR</name>
         <value>0x2000bb11</value>
         <object_component_ref idref="oc-338"/>
      </symbol>
      <symbol id="sm-1ba8">
         <name>xQueueIsQueueEmptyFromISR</name>
         <value>0x2000bd97</value>
         <object_component_ref idref="oc-338"/>
      </symbol>
      <symbol id="sm-1ba9">
         <name>xQueueGenericSendFromISR</name>
         <value>0x2000b8bb</value>
         <object_component_ref idref="oc-338"/>
      </symbol>
      <symbol id="sm-1baa">
         <name>uxQueueMessagesWaiting</name>
         <value>0x2000bb55</value>
         <object_component_ref idref="oc-338"/>
      </symbol>
      <symbol id="sm-1bab">
         <name>vQueueAddToRegistry</name>
         <value>0x2000bdfb</value>
         <object_component_ref idref="oc-338"/>
      </symbol>
      <symbol id="sm-1bac">
         <name>xQueueIsQueueFullFromISR</name>
         <value>0x2000bdd9</value>
         <object_component_ref idref="oc-338"/>
      </symbol>
      <symbol id="sm-1bad">
         <name>xQueueSelectFromSet</name>
         <value>0x2000bf01</value>
         <object_component_ref idref="oc-338"/>
      </symbol>
      <symbol id="sm-1bae">
         <name>xQueueGenericCreate</name>
         <value>0x2000b4f1</value>
         <object_component_ref idref="oc-338"/>
      </symbol>
      <symbol id="sm-1baf">
         <name>xQueueSelectFromSetFromISR</name>
         <value>0x2000bf1b</value>
         <object_component_ref idref="oc-338"/>
      </symbol>
      <symbol id="sm-1bb0">
         <name>xQueueCreateMutex</name>
         <value>0x2000b567</value>
         <object_component_ref idref="oc-338"/>
      </symbol>
      <symbol id="sm-1bb1">
         <name>vQueueSetQueueNumber</name>
         <value>0x2000bbcf</value>
         <object_component_ref idref="oc-338"/>
      </symbol>
      <symbol id="sm-1bb2">
         <name>xQueueGenericSend</name>
         <value>0x2000b605</value>
         <object_component_ref idref="oc-338"/>
      </symbol>
      <symbol id="sm-1bb3">
         <name>xQueueGenericReset</name>
         <value>0x2000b461</value>
         <object_component_ref idref="oc-338"/>
      </symbol>
      <symbol id="sm-1bb4">
         <name>xQueueReceiveFromISR</name>
         <value>0x2000ba99</value>
         <object_component_ref idref="oc-338"/>
      </symbol>
      <symbol id="sm-1bb5">
         <name>uxQueueSpacesAvailable</name>
         <value>0x2000bb6b</value>
         <object_component_ref idref="oc-338"/>
      </symbol>
      <symbol id="sm-1bb6">
         <name>vQueueUnregisterQueue</name>
         <value>0x2000be3d</value>
         <object_component_ref idref="oc-338"/>
      </symbol>
      <symbol id="sm-1bb7">
         <name>xQueueAltGenericReceive</name>
         <value>0x2000b7bd</value>
         <object_component_ref idref="oc-338"/>
      </symbol>
      <symbol id="sm-1bb8">
         <name>uxQueueMessagesWaitingFromISR</name>
         <value>0x2000bb8b</value>
         <object_component_ref idref="oc-338"/>
      </symbol>
      <symbol id="sm-1bb9">
         <name>uxQueueGetQueueNumber</name>
         <value>0x2000bbc1</value>
         <object_component_ref idref="oc-338"/>
      </symbol>
      <symbol id="sm-1bba">
         <name>xQueueGenericReceive</name>
         <value>0x2000b957</value>
         <object_component_ref idref="oc-338"/>
      </symbol>
      <symbol id="sm-1bbb">
         <name>xQueueCreateCountingSemaphore</name>
         <value>0x2000b5e5</value>
         <object_component_ref idref="oc-338"/>
      </symbol>
      <symbol id="sm-1bbc">
         <name>vQueueDelete</name>
         <value>0x2000bb9d</value>
         <object_component_ref idref="oc-338"/>
      </symbol>
      <symbol id="sm-1bbd">
         <name>xQueueAddToSet</name>
         <value>0x2000be8b</value>
         <object_component_ref idref="oc-338"/>
      </symbol>
      <symbol id="sm-1bbe">
         <name>xQueueAltGenericSend</name>
         <value>0x2000b711</value>
         <object_component_ref idref="oc-338"/>
      </symbol>
      <symbol id="sm-1bbf">
         <name>xQueueCreateSet</name>
         <value>0x2000be77</value>
         <object_component_ref idref="oc-338"/>
      </symbol>
      <symbol id="sm-1bc0">
         <name>xQueueRemoveFromSet</name>
         <value>0x2000bebf</value>
         <object_component_ref idref="oc-338"/>
      </symbol>
      <symbol id="sm-1bc1">
         <name>ucQueueGetQueueType</name>
         <value>0x2000bbe1</value>
         <object_component_ref idref="oc-338"/>
      </symbol>
      <symbol id="sm-1bc2">
         <name>__TI_static_base__</name>
         <value>0x20014e08</value>
      </symbol>
      <symbol id="sm-1bc5">
         <name>SHT$$INIT_ARRAY$$Limit</name>
         <value>0x0</value>
      </symbol>
      <symbol id="sm-1bc6">
         <name>SHT$$INIT_ARRAY$$Base</name>
         <value>0x0</value>
      </symbol>
   </symbol_table>
   <title>Link successful</title>
</link_info>
