******************************************************************************
                  TI ARM Linker PC v16.9.1                     
******************************************************************************
>> Linked Mon May 22 13:35:28 2017

OUTPUT FILE NAME:   <airu-firmware.out>
ENTRY POINT SYMBOL: "_c_int00"  address: 2000e425


MEMORY CONFIGURATION

         name            origin    length      used     unused   attr    fill
----------------------  --------  ---------  --------  --------  ----  --------
  SRAM_CODE             20004000   00013000  0000b55d  00007aa3  RW X
  SRAM_DATA             20017000   00019000  00003565  00015a9b  RW X


SEGMENT ALLOCATION MAP

run origin  load origin   length   init length attrs members
----------  ----------- ---------- ----------- ----- -------
20004000    20004000    0000b560   0000b560    r-x
  20004000    20004000    00000400   00000400    r-- .intvecs
  20004400    20004400    0000aac6   0000aac6    r-x .text
  2000eec8    2000eec8    0000060f   0000060f    r-- .const
  2000f4d8    2000f4d8    00000088   00000088    r-- .cinit
20017000    20017000    00002568   00000000    rw-
  20017000    20017000    00002000   00000000    rw- .sysmem
  20019000    20019000    00000405   00000000    rw- .bss
  20019408    20019408    00000160   00000000    rw- .data
2002f000    2002f000    00001000   00000000    rw-
  2002f000    2002f000    00001000   00000000    rw- .stack


SECTION ALLOCATION MAP

 output                                  attributes/
section   page    origin      length       input sections
--------  ----  ----------  ----------   ----------------
.intvecs   0    20004000    00000400     
                  20004000    00000400     startup_ccs.obj (.intvecs)

.init_array 
*          0    20004000    00000000     UNINITIALIZED

.text      0    20004400    0000aac6     
                  20004400    0000125c     free_rtos.a : tasks.obj (.text)
                  2000565c    00001122     rtsv7M4_T_le_eabi.lib : _printfi.obj (.text)
                  2000677e    00000002     driverlib.a : interrupt.obj (.text:IntDefaultHandler)
                  20006780    00000fcc     main.obj (.text)
                  2000774c    00000b24     free_rtos.a : queue.obj (.text)
                  20008270    00000590     simplelink.a : driver.obj (.text:_SlDrvMsgRead)
                  20008800    000004ac     gpio_if.obj (.text)
                  20008cac    0000045c     free_rtos.a : osi_freertos.obj (.text)
                  20009108    000003d0     rtsv7M4_T_le_eabi.lib : memory.obj (.text)
                  200094d8    0000039a     simplelink_if.obj (.text)
                  20009872    00000006     driverlib.a : utils.obj (.text:UtilsDelay)
                  20009878    0000032a     uart_if.obj (.text)
                  20009ba2    00000002     rtsv7M4_T_le_eabi.lib : mpu_init.obj (.text)
                  20009ba4    00000258     simplelink.a : driver.obj (.text:_SlDrvRxHdrRead)
                  20009dfc    000001f4     rtsv7M4_T_le_eabi.lib : ull_div_t2.obj (.text)
                  20009ff0    000001d0     simplelink.a : driver.obj (.text:_SlDrvReleasePoolObj)
                  2000a1c0    000001ce     device_status.obj (.text)
                  2000a38e    000001b6     rtsv7M4_T_le_eabi.lib : fd_add_t2.obj (.text)
                  2000a544    000001b0     simplelink.a : netapp.obj (.text:sl_NetAppPingStart)
                  2000a6f4    0000019c                  : driver.obj (.text:_SlDrvMsgWrite)
                  2000a890    00000190                  : driver.obj (.text:_SlDrvDriverCBInit)
                  2000aa20    00000190                  : driver.obj (.text:_SlDrvWaitForPoolObj)
                  2000abb0    00000178     driverlib.a : prcm.obj (.text:PRCMCC3200MCUInit)
                  2000ad28    00000170     simplelink.a : driver.obj (.text:_SlFindAndSetActiveObj)
                  2000ae98    00000150                  : cc_pal.obj (.text:spi_Open)
                  2000afe8    00000144                  : netapp.obj (.text:sl_NetAppDnsGetHostByName)
                  2000b12c    0000013c                  : driver.obj (.text:_SlDrvMsgReadCmdCtx)
                  2000b268    00000136     rtsv7M4_T_le_eabi.lib : fd_div_t2.obj (.text)
                  2000b39e    0000012a     free_rtos.a : list.obj (.text)
                  2000b4c8    00000124     simplelink.a : driver.obj (.text:_SlDrvDriverCBDeinit)
                  2000b5ec    00000004     rtsv7M4_T_le_eabi.lib : pre_init.obj (.text)
                  2000b5f0    0000011e     PMS3003.obj (.text)
                  2000b70e    00000002     rtsv7M4_T_le_eabi.lib : startup.obj (.text)
                  2000b710    00000110     free_rtos.a : port.obj (.text)
                  2000b820    00000106     pinmux.obj (.text)
                  2000b926    00000104     simplelink.a : netapp.obj (.text:_SlDrvNetAppEventHandler)
                  2000ba2a    000000fc     rtsv7M4_T_le_eabi.lib : fd_mul_t2.obj (.text)
                  2000bb26    00000002     --HOLE-- [fill = 0]
                  2000bb28    000000f0     simplelink.a : device.obj (.text:sl_Stop)
                  2000bc18    000000f0     driverlib.a : udma.obj (.text:uDMAChannelTransferSet)
                  2000bd08    000000ec     simplelink.a : device.obj (.text:sl_Start)
                  2000bdf4    000000e8                  : driver.obj (.text:_SlAsyncEventGenericHandler)
                  2000bedc    000000e8                  : driver.obj (.text:_SlDrvMsgReadSpawnCtx)
                  2000bfc4    000000e4                  : netapp.obj (.text:sl_NetAppMDNSRegisterUnregisterService)
                  2000c0a8    000000dc                  : driver.obj (.text:_SlDrvClassifyRxMsg)
                  2000c184    000000dc                  : cc_pal.obj (.text:spi_Read)
                  2000c260    000000d8                  : netcfg.obj (.text:sl_NetCfgGet)
                  2000c338    000000d0     rtsv7M4_T_le_eabi.lib : s_scalbn.obj (.text)
                  2000c408    000000cc     simplelink.a : netapp.obj (.text:_sl_HandleAsync_DnsGetHostByService)
                  2000c4d4    000000cc                  : wlan.obj (.text:sl_WlanGet)
                  2000c5a0    000000c4                  : driver.obj (.text:_SlRemoveFromList)
                  2000c664    000000c0                  : driver.obj (.text:_SlDrvCmdOp)
                  2000c724    000000ba     free_rtos.a : portasm.obj (.text)
                  2000c7de    00000002     --HOLE-- [fill = 0]
                  2000c7e0    000000b8     simplelink.a : netapp.obj (.text:sl_NetAppGet)
                  2000c898    000000a8     driverlib.a : interrupt.obj (.text:IntDisable)
                  2000c940    000000a8                 : interrupt.obj (.text:IntEnable)
                  2000c9e8    000000a0                 : spi.obj (.text:SPIConfigSetExpClk)
                  2000ca88    000000a0     simplelink.a : driver.obj (.text:_SlDriverHandleError)
                  2000cb28    0000009c     rtsv7M4_T_le_eabi.lib : memcpy_t2.obj (.text)
                  2000cbc4    0000009a     simplelink.a : device.obj (.text:_SlDrvDeviceEventHandler)
                  2000cc5e    00000002     --HOLE-- [fill = 0]
                  2000cc60    00000098                  : netapp.obj (.text:sl_NetAppSet)
                  2000ccf8    00000098                  : wlan.obj (.text:sl_WlanSet)
                  2000cd90    00000094     driverlib.a : prcm.obj (.text:PRCMPeripheralClockGet)
                  2000ce24    00000090     simplelink.a : netapp.obj (.text:_sl_HandleAsync_DnsGetHostByName)
                  2000ceb4    00000090                  : netapp.obj (.text:_sl_HandleAsync_PingResponse)
                  2000cf44    0000008c                  : cc_pal.obj (.text:SetupDMAReceive)
                  2000cfd0    0000008c                  : cc_pal.obj (.text:SetupDMASend)
                  2000d05c    0000008c                  : driver.obj (.text:_SlDrvIsTimeoutExpired)
                  2000d0e8    0000008c                  : device.obj (.text:_sl_HandleAsync_InitComplete)
                  2000d174    0000008c                  : cc_pal.obj (.text:spi_Write)
                  2000d200    00000088     driverlib.a : pin.obj (.text:PinConfigSet)
                  2000d288    00000088     rtsv7M4_T_le_eabi.lib : vsnprintf.obj (.text)
                  2000d310    00000086                           : fd_cmp_t2.obj (.text:__aeabi_cdcmple)
                  2000d396    00000086                           : fd_cmp_t2.obj (.text:__aeabi_cdrcmple)
                  2000d41c    00000082     driverlib.a : gpio.obj (.text:GPIOIntTypeSet)
                  2000d49e    00000002     --HOLE-- [fill = 0]
                  2000d4a0    00000080     simplelink.a : socket.obj (.text:_sl_HandleAsync_Connect)
                  2000d520    00000080                  : cc_pal.obj (.text:spi_Read_CPU)
                  2000d5a0    00000080                  : cc_pal.obj (.text:spi_Write_CPU)
                  2000d620    0000007c     driverlib.a : sdhost.obj (.text:SDHostInit)
                  2000d69c    0000007a     rtsv7M4_T_le_eabi.lib : memset_t2.obj (.text)
                  2000d716    00000002     --HOLE-- [fill = 0]
                  2000d718    00000078     simplelink.a : cc_pal.obj (.text:spi_Close)
                  2000d790    00000076     driverlib.a : uart.obj (.text:UARTConfigSetExpClk)
                  2000d806    00000002     --HOLE-- [fill = 0]
                  2000d808    00000070     rtsv7M4_T_le_eabi.lib : autoinit.obj (.text)
                  2000d878    0000006c     simplelink.a : driver.obj (.text:_SlDrvCmdSend)
                  2000d8e4    0000006c                  : netapp.obj (.text:_sl_NetAppSendTokenValue)
                  2000d950    00000068     rtsv7M4_T_le_eabi.lib : copy_decompress_lzss.obj (.text:decompress:lzss)
                  2000d9b8    00000068     simplelink.a : netapp.obj (.text:sl_NetAppMDNSRegisterService)
                  2000da20    00000066     driverlib.a : sdhost.obj (.text:SDHostSetExpClk)
                  2000da86    00000002     --HOLE-- [fill = 0]
                  2000da88    00000064     simplelink.a : socket.obj (.text:_sl_HandleAsync_Accept)
                  2000daec    00000064                  : netapp.obj (.text:sl_NetAppMDNSUnRegisterService)
                  2000db50    00000064     driverlib.a : udma.obj (.text:uDMAChannelAttributeDisable)
                  2000dbb4    00000064                 : udma.obj (.text:uDMAChannelAttributeEnable)
                  2000dc18    00000060     rtsv7M4_T_le_eabi.lib : sprintf.obj (.text)
                  2000dc78    00000060     simplelink.a : wlan.obj (.text:sl_WlanSetMode)
                  2000dcd8    0000005c     rtsv7M4_T_le_eabi.lib : s_frexp.obj (.text)
                  2000dd34    00000058     driverlib.a : interrupt.obj (.text:IntPendClear)
                  2000dd8c    00000058                 : prcm.obj (.text:PRCMPeripheralReset)
                  2000dde4    00000058     simplelink.a : netapp.obj (.text:sl_NetAppStart)
                  2000de3c    00000058                  : netapp.obj (.text:sl_NetAppStop)
                  2000de94    00000054     driverlib.a : interrupt.obj (.text:IntPrioritySet)
                  2000dee8    00000054     simplelink.a : socket.obj (.text:_sl_HandleAsync_Select)
                  2000df3c    00000054     rtsv7M4_T_le_eabi.lib : exit.obj (.text)
                  2000df90    00000054                           : ltoa.obj (.text)
                  2000dfe4    00000050     simplelink.a : driver.obj (.text:_SlDrvRxIrqHandler)
                  2000e034    00000050                  : device.obj (.text:_sl_HandleAsync_Stop)
                  2000e084    0000004c     driverlib.a : spi.obj (.text:SPIIntEnable)
                  2000e0d0    0000004c     simplelink.a : driver.obj (.text:_SlDrvProtectAsyncRespSetting)
                  2000e11c    0000004c     rtsv7M4_T_le_eabi.lib : atoi.obj (.text)
                  2000e168    0000004c                           : cpy_tbl.obj (.text)
                  2000e1b4    0000004c     driverlib.a : udma.obj (.text:uDMAChannelAssign)
                  2000e200    00000048                 : spi.obj (.text:SPIIntClear)
                  2000e248    00000048     simplelink.a : driver.obj (.text:_SlDrvBasicCmd)
                  2000e290    00000048     rtsv7M4_T_le_eabi.lib : fd_toi_t2.obj (.text)
                  2000e2d8    00000044     driverlib.a : spi.obj (.text:SPIDmaMaskGet)
                  2000e31c    00000044                 : timer.obj (.text:TimerConfigure)
                  2000e360    00000044     simplelink.a : cc_pal.obj (.text:cc_SetupTransfer)
                  2000e3a4    00000040     driverlib.a : pin.obj (.text:PinModeSet)
                  2000e3e4    00000040     simplelink.a : driver.obj (.text:_SlDrvSyncObjWaitTimeout)
                  2000e424    00000040     rtsv7M4_T_le_eabi.lib : boot.obj (.text)
                  2000e464    0000003c     simplelink.a : netapp.obj (.text:CopyPingResultsToReport)
                  2000e4a0    0000003c     driverlib.a : prcm.obj (.text:PRCMPeripheralClkEnable)
                  2000e4dc    0000003c                 : pin.obj (.text:PinDirModeSet)
                  2000e518    0000003c     simplelink.a : cc_pal.obj (.text:simplelink_timerA2_start)
                  2000e554    0000003c     driverlib.a : udma.obj (.text:uDMAChannelControlSet)
                  2000e590    00000038     simplelink.a : cc_pal.obj (.text:NwpPowerOff)
                  2000e5c8    00000038     free_rtos.a : heap_3.obj (.text)
                  2000e600    00000036     driverlib.a : gpio.obj (.text:GPIODirModeSet)
                  2000e636    00000002     --HOLE-- [fill = 0]
                  2000e638    00000034                 : prcm.obj (.text:PRCMPeripheralStatusGet)
                  2000e66c    00000034                 : spi.obj (.text:SPIFIFOLevelSet)
                  2000e6a0    00000032     hooks.obj (.text)
                  2000e6d2    00000030     driverlib.a : pin.obj (.text:PinTypeGPIO)
                  2000e702    00000002     --HOLE-- [fill = 0]
                  2000e704    00000030                 : uart.obj (.text:UARTDisable)
                  2000e734    0000002e     rtsv7M4_T_le_eabi.lib : i_tofd_t2.obj (.text)
                  2000e762    00000002     --HOLE-- [fill = 0]
                  2000e764    0000002c     simplelink.a : cc_pal.obj (.text:DmaSpiSwIntHandler)
                  2000e790    0000002c                  : cc_pal.obj (.text:NwpPowerOn)
                  2000e7bc    0000002c     driverlib.a : prcm.obj (.text:PRCMSysResetCauseGet)
                  2000e7e8    0000002a                 : timer.obj (.text:TimerLoadSet)
                  2000e812    0000002a                 : timer.obj (.text:TimerPrescaleSet)
                  2000e83c    00000028                 : prcm.obj (.text:PRCMPeripheralClkDisable)
                  2000e864    00000028     simplelink.a : driver.obj (.text:_SlDrvObjGlobalLockWaitForever)
                  2000e88c    00000028                  : driver.obj (.text:_SlDrvProtectionObjLockWaitForever)
                  2000e8b4    00000026                  : cc_pal.obj (.text:NwpRegisterInterruptHandler)
                  2000e8da    00000002     --HOLE-- [fill = 0]
                  2000e8dc    00000024     driverlib.a : interrupt.obj (.text:IntUnregister)
                  2000e900    00000024                 : uart.obj (.text:UARTEnable)
                  2000e924    00000024     simplelink.a : driver.obj (.text:_SlDrvGlobalObjUnLock)
                  2000e948    00000024                  : driver.obj (.text:_SlDrvProtectionObjUnLock)
                  2000e96c    00000024                  : driver.obj (.text:_SlDrvSyncObjWaitForever)
                  2000e990    00000024     rtsv7M4_T_le_eabi.lib : memcmp.obj (.text)
                  2000e9b4    00000024                           : memmov.obj (.text)
                  2000e9d8    00000022     driverlib.a : spi.obj (.text:SPIReset)
                  2000e9fa    00000022                 : spi.obj (.text:SPIWordCountSet)
                  2000ea1c    00000004     --HOLE-- [fill = 0]
                  2000ea20    00000022     startup_ccs.obj (.text)
                  2000ea42    00000020     driverlib.a : gpio.obj (.text:GPIOPinWrite)
                  2000ea62    00000002     --HOLE-- [fill = 0]
                  2000ea64    00000020                 : interrupt.obj (.text:IntRegister)
                  2000ea84    00000020     simplelink.a : cc_pal.obj (.text:NwpPrePowerOffTimout0)
                  2000eaa4    00000020                  : cc_pal.obj (.text:TimerGetCurrentTimestamp)
                  2000eac4    0000001e     driverlib.a : timer.obj (.text:TimerEnable)
                  2000eae2    0000001e                 : uart.obj (.text:UARTCharPut)
                  2000eb00    0000001e     simplelink.a : driver.obj (.text:_SlDrvSyncObjSignal)
                  2000eb1e    0000001e                  : cc_pal.obj (.text:cc_UDMAChannelSelect)
                  2000eb3c    0000001e     rtsv7M4_T_le_eabi.lib : strcat.obj (.text)
                  2000eb5a    0000001c     driverlib.a : pin.obj (.text:PinTypeI2C)
                  2000eb76    0000001c                 : timer.obj (.text:TimerValueGet)
                  2000eb92    0000001c                 : uart.obj (.text:UARTCharGetNonBlocking)
                  2000ebae    0000001c     simplelink.a : driver.obj (.text:_SlDrvStartMeasureTimeout)
                  2000ebca    0000001c     rtsv7M4_T_le_eabi.lib : memccpy.obj (.text)
                  2000ebe6    00000002     --HOLE-- [fill = 0]
                  2000ebe8    0000001c     driverlib.a : udma.obj (.text:uDMAChannelEnable)
                  2000ec04    0000001a                 : gpio.obj (.text:GPIOIntEnable)
                  2000ec1e    0000001a                 : pin.obj (.text:PinTypeSDHost)
                  2000ec38    0000001a                 : pin.obj (.text:PinTypeUART)
                  2000ec52    0000001a                 : spi.obj (.text:SPIDmaDisable)
                  2000ec6c    0000001a                 : spi.obj (.text:SPIDmaEnable)
                  2000ec86    0000001a                 : spi.obj (.text:SPIFIFODisable)
                  2000eca0    0000001a                 : spi.obj (.text:SPIFIFOEnable)
                  2000ecba    00000018                 : gpio.obj (.text:GPIOPinRead)
                  2000ecd2    00000018                 : spi.obj (.text:SPICSDisable)
                  2000ecea    00000018                 : spi.obj (.text:SPICSEnable)
                  2000ed02    00000018                 : spi.obj (.text:SPIDisable)
                  2000ed1a    00000018                 : spi.obj (.text:SPIEnable)
                  2000ed32    00000018                 : uart.obj (.text:UARTCharsAvail)
                  2000ed4a    00000002     --HOLE-- [fill = 0]
                  2000ed4c    00000018     simplelink.a : device.obj (.text:_sl_GetStartResponseConvert)
                  2000ed64    00000018     rtsv7M4_T_le_eabi.lib : args_main.obj (.text)
                  2000ed7c    00000016     driverlib.a : prcm.obj (.text:PRCMHIBRegRead)
                  2000ed92    00000016                 : prcm.obj (.text:PRCMHIBRegWrite)
                  2000eda8    00000016                 : uart.obj (.text:UARTCharGet)
                  2000edbe    00000016     simplelink.a : driver.obj (.text:_SlDrvMemZero)
                  2000edd4    00000016     rtsv7M4_T_le_eabi.lib : strchr.obj (.text)
                  2000edea    00000014     driverlib.a : cpu.obj (.text:CPUcpsie)
                  2000edfe    00000014                 : gpio.obj (.text:GPIOIntClear)
                  2000ee12    00000002     --HOLE-- [fill = 0]
                  2000ee14    00000014                 : interrupt.obj (.text:IntVTableBaseSet)
                  2000ee28    00000014     rtsv7M4_T_le_eabi.lib : _lock.obj (.text)
                  2000ee3c    00000014                           : strcpy.obj (.text)
                  2000ee50    00000014                           : strlen.obj (.text)
                  2000ee64    00000010     simplelink.a : driver.obj (.text:_SlDrvDispatchHttpServerEvents)
                  2000ee74    0000000e                  : driver.obj (.text:_SlDrvResetCmdExt)
                  2000ee82    0000000e     rtsv7M4_T_le_eabi.lib : copy_decompress_none.obj (.text:decompress:none)
                  2000ee90    0000000c     simplelink.a : cc_pal.obj (.text:NwpMaskInterrupt)
                  2000ee9c    0000000c                  : cc_pal.obj (.text:NwpUnMaskInterrupt)
                  2000eea8    0000000c     rtsv7M4_T_le_eabi.lib : copy_zero_init.obj (.text:decompress:ZI)
                  2000eeb4    0000000a     driverlib.a : interrupt.obj (.text:IntMasterEnable)
                  2000eebe    00000008     rtsv7M4_T_le_eabi.lib : s_copysign.obj (.text)

.const     0    2000eec8    0000060f     
                  2000eec8    00000101     rtsv7M4_T_le_eabi.lib : ctype.obj (.const:.string:_ctypes_)
                  2000efc9    00000003     --HOLE-- [fill = 0]
                  2000efcc    00000100     driverlib.a : pin.obj (.const:g_ulPinToPadMap)
                  2000f0cc    000000d4                 : interrupt.obj (.const:g_pulRegs)
                  2000f1a0    000000a8                 : prcm.obj (.const:PRCM_PeriphRegsList)
                  2000f248    00000080                 : interrupt.obj (.const)
                  2000f2c8    00000044     simplelink.a : driver.obj (.const)
                  2000f30c    0000003c                  : driver.obj (.const:OpcodeTranslateTable)
                  2000f348    0000003c                  : wlan.obj (.const)
                  2000f384    00000038                  : driver.obj (.const:_SlActionLookupTable)
                  2000f3bc    00000028                  : netapp.obj (.const)
                  2000f3e4    00000021     simplelink_if.obj (.const:.string:$P$T2$7)
                  2000f405    00000020     simplelink_if.obj (.const:.string:$P$T0$5)
                  2000f425    00000020     simplelink_if.obj (.const:.string:$P$T1$6)
                  2000f445    00000020     main.obj (.const:.string:$P$T3$4)
                  2000f465    00000001     --HOLE-- [fill = 0]
                  2000f466    0000001c     simplelink.a : device.obj (.const)
                  2000f482    00000002     --HOLE-- [fill = 0]
                  2000f484    00000018     driverlib.a : spi.obj (.const)
                  2000f49c    00000011     main.obj (.const:.string:$P$T1$2)
                  2000f4ad    0000000f     main.obj (.const:.string:$P$T2$3)
                  2000f4bc    0000000e     main.obj (.const:.string:$P$T0$1)
                  2000f4ca    00000008     simplelink.a : netcfg.obj (.const)
                  2000f4d2    00000005     main.obj (.const:.string:$P$T4$5)

.cinit     0    2000f4d8    00000088     
                  2000f4d8    00000064     (.cinit..data.load) [load image, compression = lzss]
                  2000f53c    0000000c     (__TI_handler_table)
                  2000f548    00000008     (.cinit..bss.load) [load image, compression = zero_init]
                  2000f550    00000010     (__TI_cinit_table)

.sysmem    0    20017000    00002000     UNINITIALIZED
                  20017000    00000008     rtsv7M4_T_le_eabi.lib : memory.obj (.sysmem)
                  20017008    00001ff8     --HOLE--

.bss       0    20019000    00000405     UNINITIALIZED
                  20019000    00000178     simplelink.a : driver.obj (.bss:g_StatMem)
                  20019178    000000c8     free_rtos.a : tasks.obj (.bss:pxReadyTasksLists)
                  20019240    00000050     simplelink.a : cc_pal.obj (.bss:g_ucDinDout)
                  20019290    00000050     free_rtos.a : queue.obj (.bss:xQueueRegistry)
                  200192e0    00000024     main.obj (.bss:g_ucConnectionSSID)
                  20019304    00000024     simplelink_if.obj (.bss:strDeviceName$2)
                  20019328    00000024     simplelink_if.obj (.bss:strDomainName$3)
                  2001934c    00000020     simplelink_if.obj (.bss:ssidName$4)
                  2001936c    00000014     simplelink_if.obj (.bss:macAddressFull$1)
                  20019380    00000014     (.common:xDelayedTaskList1)
                  20019394    00000014     (.common:xDelayedTaskList2)
                  200193a8    00000014     (.common:xPendingReadyList)
                  200193bc    00000014     (.common:xSuspendedTaskList)
                  200193d0    00000014     (.common:xTasksWaitingTermination)
                  200193e4    00000008     main.obj (.bss:g_ucConnectionBSSID)
                  200193ec    00000004     uart_if.obj (.bss)
                  200193f0    00000004     (.common:DMAMsgQ)
                  200193f4    00000004     (.common:g_cDummy)
                  200193f8    00000004     (.common:pxDelayedTaskList)
                  200193fc    00000004     (.common:pxOverflowDelayedTaskList)
                  20019400    00000001     (.common:RxIrqCnt)
                  20019401    00000001     (.common:g_bDeviceRestartIsRequired)
                  20019402    00000001     (.common:g_ucLED1Pin)
                  20019403    00000001     (.common:g_ucLED2Pin)
                  20019404    00000001     (.common:g_ucLED3Pin)

.data      0    20019408    00000160     UNINITIALIZED
                  20019408    00000046     simplelink_if.obj (.data:mdnsText)
                  2001944e    00000002     --HOLE--
                  20019450    00000034     free_rtos.a : tasks.obj (.data)
                  20019484    00000028     simplelink_if.obj (.data:mdnsServiceName)
                  200194ac    00000014     main.obj (.data)
                  200194c0    00000014     gpio_if.obj (.data:ulReg)
                  200194d4    0000000d     simplelink.a : driver.obj (.data)
                  200194e1    00000003     --HOLE--
                  200194e4    0000000c     rtsv7M4_T_le_eabi.lib : exit.obj (.data:$O1$$)
                  200194f0    0000000c                           : memory.obj (.data:$O1$$)
                  200194fc    0000000c     free_rtos.a : osi_freertos.obj (.data)
                  20019508    0000000c     gpio_if.obj (.data)
                  20019514    0000000b     main.obj (.data:GET_token_ACC)
                  2001951f    0000000b     main.obj (.data:GET_token_TEMP)
                  2001952a    0000000b     main.obj (.data:GET_token_UIC)
                  20019535    0000000b     main.obj (.data:POST_token)
                  20019540    00000009     simplelink.a : cc_pal.obj (.data)
                  20019549    00000003     --HOLE--
                  2001954c    00000008     rtsv7M4_T_le_eabi.lib : _lock.obj (.data:$O1$$)
                  20019554    00000008     device_status.obj (.data)
                  2001955c    00000004     free_rtos.a : port.obj (.data)
                  20019560    00000004     rtsv7M4_T_le_eabi.lib : errno.obj (.data)
                  20019564    00000004                           : stkdepth_vars.obj (.data)

.stack     0    2002f000    00001000     UNINITIALIZED
                  2002f000    00001000     --HOLE--

MODULE SUMMARY

       Module                     code    ro data   rw data
       ------                     ----    -------   -------
    .\src\
       main.obj                   4044    83        108    
       simplelink_if.obj          922     97        234    
       gpio_if.obj                1196    0         35     
       startup_ccs.obj            34      1024      0      
       uart_if.obj                810     0         4      
       device_status.obj          462     0         8      
       PMS3003.obj                286     0         0      
       pinmux.obj                 262     0         0      
       hooks.obj                  50      0         0      
    +--+--------------------------+-------+---------+---------+
       Total:                     8066    1204      389    
                                                           
    C:/Users/jonathan/workspace_v6_1_3/driverlib/Release/driverlib.a
       prcm.obj                   852     168       0      
       interrupt.obj              608     340       0      
       spi.obj                    696     24        0      
       pin.obj                    388     256       0      
       udma.obj                   604     0         0      
       uart.obj                   306     0         0      
       gpio.obj                   286     0         0      
       sdhost.obj                 226     0         0      
       timer.obj                  210     0         0      
       cpu.obj                    20      0         0      
       utils.obj                  6       0         0      
    +--+--------------------------+-------+---------+---------+
       Total:                     4202    788       0      
                                                           
    C:/Users/jonathan/workspace_v6_1_3/oslib/free_rtos/free_rtos.a
       tasks.obj                  4700    0         360    
       queue.obj                  2852    0         80     
       osi_freertos.obj           1116    0         12     
       list.obj                   298     0         0      
       port.obj                   272     0         4      
       portasm.obj                186     0         0      
       heap_3.obj                 56      0         0      
    +--+--------------------------+-------+---------+---------+
       Total:                     9480    0         456    
                                                           
    C:/Users/jonathan/workspace_v6_1_3/simplelink/OS/simplelink.a
       driver.obj                 6746    184       391    
       netapp.obj                 2620    40        0      
       cc_pal.obj                 1780    0         97     
       device.obj                 874     28        0      
       wlan.obj                   452     60        0      
       socket.obj                 312     0         0      
       netcfg.obj                 216     8         0      
    +--+--------------------------+-------+---------+---------+
       Total:                     13000   320       488    
                                                           
    C:\TI\ccsv6\tools\compiler\ti-cgt-arm_16.9.1.LTS\lib\rtsv7M4_T_le_eabi.lib
       _printfi.obj               4386    0         0      
       memory.obj                 976     0         12     
       ull_div_t2.obj             500     0         0      
       fd_add_t2.obj              438     0         0      
       fd_div_t2.obj              310     0         0      
       fd_cmp_t2.obj              268     0         0      
       ctype.obj                  0       257       0      
       fd_mul_t2.obj              252     0         0      
       s_scalbn.obj               208     0         0      
       memcpy_t2.obj              156     0         0      
       vsnprintf.obj              136     0         0      
       memset_t2.obj              122     0         0      
       autoinit.obj               112     0         0      
       copy_decompress_lzss.obj   104     0         0      
       exit.obj                   84      0         12     
       sprintf.obj                96      0         0      
       s_frexp.obj                92      0         0      
       ltoa.obj                   84      0         0      
       atoi.obj                   76      0         0      
       cpy_tbl.obj                76      0         0      
       fd_toi_t2.obj              72      0         0      
       boot.obj                   64      0         0      
       i_tofd_t2.obj              46      0         0      
       memcmp.obj                 36      0         0      
       memmov.obj                 36      0         0      
       strcat.obj                 30      0         0      
       _lock.obj                  20      0         8      
       memccpy.obj                28      0         0      
       args_main.obj              24      0         0      
       strchr.obj                 22      0         0      
       strcpy.obj                 20      0         0      
       strlen.obj                 20      0         0      
       copy_decompress_none.obj   14      0         0      
       copy_zero_init.obj         12      0         0      
       s_copysign.obj             8       0         0      
       errno.obj                  0       0         4      
       pre_init.obj               4       0         0      
       stkdepth_vars.obj          0       0         4      
       mpu_init.obj               2       0         0      
       startup.obj                2       0         0      
    +--+--------------------------+-------+---------+---------+
       Total:                     8936    257       40     
                                                           
       Heap:                      0       0         8192   
       Stack:                     0       0         4096   
       Linker Generated:          0       136       0      
    +--+--------------------------+-------+---------+---------+
       Grand Total:               43684   2705      13661  


LINKER GENERATED COPY TABLES

__TI_cinit_table @ 2000f550 records: 2, size/record: 8, table size: 16
	.data: load addr=2000f4d8, load size=00000064 bytes, run addr=20019408, run size=00000160 bytes, compression=lzss
	.bss: load addr=2000f548, load size=00000008 bytes, run addr=20019000, run size=00000405 bytes, compression=zero_init


LINKER GENERATED HANDLER TABLE

__TI_handler_table @ 2000f53c records: 3, size/record: 4, table size: 12
	index: 0, handler: __TI_decompress_lzss
	index: 1, handler: __TI_decompress_none
	index: 2, handler: __TI_zero_init


GLOBAL SYMBOLS: SORTED ALPHABETICALLY BY Name 

address   name                                  
-------   ----                                  
2000df3d  C$$EXIT                               
2000edeb  CPUcpsie                              
2000b671  CheckSum                              
200098d9  ClearTerm                             
200070b9  ConnectToNetwork                      
2000a1e9  ConnectionTest                        
200193f0  DMAMsgQ                               
2000e765  DmaSpiSwIntHandler                    
200098e9  Error                                 
2000e601  GPIODirModeSet                        
2000edff  GPIOIntClear                          
2000ec05  GPIOIntEnable                         
2000d41d  GPIOIntTypeSet                        
2000ecbb  GPIOPinRead                           
2000ea43  GPIOPinWrite                          
20008be9  GPIO_IF_ConfigureNIntEnable           
20008c71  GPIO_IF_Get                           
20008b99  GPIO_IF_GetPortNPin                   
20008841  GPIO_IF_LedConfigure                  
200089b1  GPIO_IF_LedOff                        
200088a9  GPIO_IF_LedOn                         
20008ab9  GPIO_IF_LedStatus                     
20008b61  GPIO_IF_LedToggle                     
20008c31  GPIO_IF_Set                           
20009929  GetCmd                                
2000b6c9  GetPM01                               
2000b6f9  GetPM10                               
2000b6e1  GetPM2_5                              
2000b611  GetPMS3003Result                      
2000b5f1  InitPMS                               
20009879  InitTerm                              
2000c899  IntDisable                            
2000c941  IntEnable                             
2000eeb5  IntMasterEnable                       
2000dd35  IntPendClear                          
2000de95  IntPrioritySet                        
2000ea65  IntRegister                           
2000e8dd  IntUnregister                         
2000ee15  IntVTableBaseSet                      
200098a9  Message                               
2000ee91  NwpMaskInterrupt                      
2000e591  NwpPowerOff                           
2000e791  NwpPowerOn                            
2000ea85  NwpPrePowerOffTimout0                 
2000e8b5  NwpRegisterInterruptHandler           
2000ee9d  NwpUnMaskInterrupt                    
2000f30c  OpcodeTranslateTable                  
2000abb1  PRCMCC3200MCUInit                     
2000ed7d  PRCMHIBRegRead                        
2000ed93  PRCMHIBRegWrite                       
2000e83d  PRCMPeripheralClkDisable              
2000e4a1  PRCMPeripheralClkEnable               
2000cd91  PRCMPeripheralClockGet                
2000dd8d  PRCMPeripheralReset                   
2000e639  PRCMPeripheralStatusGet               
2000e7bd  PRCMSysResetCauseGet                  
2000d201  PinConfigSet                          
2000e4dd  PinDirModeSet                         
2000e3a5  PinModeSet                            
2000b821  PinMuxConfig                          
2000e6d3  PinTypeGPIO                           
2000eb5b  PinTypeI2C                            
2000ec1f  PinTypeSDHost                         
2000ec39  PinTypeUART                           
20009ae9  Report                                
2000ea21  ResetISR                              
20019400  RxIrqCnt                              
2000d621  SDHostInit                            
2000da21  SDHostSetExpClk                       
UNDEFED   SHT$$INIT_ARRAY$$Base                 
UNDEFED   SHT$$INIT_ARRAY$$Limit                
2000ecd3  SPICSDisable                          
2000eceb  SPICSEnable                           
2000c9e9  SPIConfigSetExpClk                    
2000ed03  SPIDisable                            
2000ec53  SPIDmaDisable                         
2000ec6d  SPIDmaEnable                          
2000ed1b  SPIEnable                             
2000ec87  SPIFIFODisable                        
2000eca1  SPIFIFOEnable                         
2000e66d  SPIFIFOLevelSet                       
2000e201  SPIIntClear                           
2000e085  SPIIntEnable                          
2000e9d9  SPIReset                              
2000e9fb  SPIWordCountSet                       
20006e79  SimpleLinkGeneralEventHandler         
20006c71  SimpleLinkHttpServerCallback          
20006971  SimpleLinkNetAppEventHandler          
2000a1c1  SimpleLinkPingReport                  
20006ea9  SimpleLinkSockEventHandler            
20006781  SimpleLinkWlanEventHandler            
2000e31d  TimerConfigure                        
2000eac5  TimerEnable                           
2000eaa5  TimerGetCurrentTimestamp              
2000e7e9  TimerLoadSet                          
2000e813  TimerPrescaleSet                      
2000eb77  TimerValueGet                         
20009a41  TrimSpace                             
2000eda9  UARTCharGet                           
2000eb93  UARTCharGetNonBlocking                
2000eae3  UARTCharPut                           
2000ed33  UARTCharsAvail                        
2000d791  UARTConfigSetExpClk                   
2000e705  UARTDisable                           
2000e901  UARTEnable                            
20009873  UtilsDelay                            
20008f75  VDeleteSimpleLinkSpawnTask            
20008f25  VStartSimpleLinkSpawnTask             
2000f384  _SlActionLookupTable                  
2000ca89  _SlDriverHandleError                  
2000e249  _SlDrvBasicCmd                        
2000c665  _SlDrvCmdOp                           
2000d879  _SlDrvCmdSend                         
2000cbc5  _SlDrvDeviceEventHandler              
2000ee65  _SlDrvDispatchHttpServerEvents        
2000b4c9  _SlDrvDriverCBDeinit                  
2000a891  _SlDrvDriverCBInit                    
2000e925  _SlDrvGlobalObjUnLock                 
2000d05d  _SlDrvIsTimeoutExpired                
2000edbf  _SlDrvMemZero                         
2000bedd  _SlDrvMsgReadSpawnCtx                 
2000b927  _SlDrvNetAppEventHandler              
2000e0d1  _SlDrvProtectAsyncRespSetting         
2000e88d  _SlDrvProtectionObjLockWaitForever    
2000e949  _SlDrvProtectionObjUnLock             
20009ff1  _SlDrvReleasePoolObj                  
2000ee75  _SlDrvResetCmdExt                     
2000dfe5  _SlDrvRxIrqHandler                    
2000ebaf  _SlDrvStartMeasureTimeout             
2000eb01  _SlDrvSyncObjSignal                   
2000e96d  _SlDrvSyncObjWaitForever              
2000e3e5  _SlDrvSyncObjWaitTimeout              
2000aa21  _SlDrvWaitForPoolObj                  
2000f3d8  _SlNetAppSendTokenValueCmdCtrl        
20030000  __STACK_END                           
00001000  __STACK_SIZE                          
00002000  __SYSMEM_SIZE                         
2000f550  __TI_CINIT_Base                       
2000f560  __TI_CINIT_Limit                      
2000f53c  __TI_Handler_Table_Base               
2000f548  __TI_Handler_Table_Limit              
2000d809  __TI_auto_init                        
200194e4  __TI_cleanup_ptr                      
2000d951  __TI_decompress_lzss                  
2000ee83  __TI_decompress_none                  
200194e8  __TI_dtors_ptr                        
200194ec  __TI_enable_exit_profile_output       
ffffffff  __TI_pprof_out_hndl                   
20005e95  __TI_printfi                          
ffffffff  __TI_prof_data_size                   
ffffffff  __TI_prof_data_start                  
2000f4d8  __TI_static_base__                    
2000eea9  __TI_zero_init                        
2000d311  __aeabi_cdcmpeq                       
2000d311  __aeabi_cdcmple                       
2000d397  __aeabi_cdrcmple                      
2000e291  __aeabi_d2iz                          
2000a399  __aeabi_dadd                          
2000b269  __aeabi_ddiv                          
2000ba2b  __aeabi_dmul                          
2000a38f  __aeabi_dsub                          
2000e735  __aeabi_i2d                           
2000d69d  __aeabi_memclr                        
2000d69d  __aeabi_memclr4                       
2000d69d  __aeabi_memclr8                       
2000cb29  __aeabi_memcpy                        
2000cb29  __aeabi_memcpy4                       
2000cb29  __aeabi_memcpy8                       
2000d69f  __aeabi_memset                        
2000d69f  __aeabi_memset4                       
2000d69f  __aeabi_memset8                       
20009dfd  __aeabi_uldivmod                      
ffffffff  __binit__                             
ffffffff  __c_args__                            
20009ba3  __mpu_init                            
2002f000  __stack                               
2000ed65  _args_main                            
2000e425  _c_int00                              
2000eec8  _ctypes_                              
2001954c  _lock                                 
2000ee37  _nop                                  
2000ee2f  _register_lock                        
2000ee29  _register_unlock                      
2000da89  _sl_HandleAsync_Accept                
2000d4a1  _sl_HandleAsync_Connect               
2000ce25  _sl_HandleAsync_DnsGetHostByName      
2000c409  _sl_HandleAsync_DnsGetHostByService   
2000d0e9  _sl_HandleAsync_InitComplete          
2000ceb5  _sl_HandleAsync_PingResponse          
2000dee9  _sl_HandleAsync_Select                
2000e035  _sl_HandleAsync_Stop                  
2000d8e5  _sl_NetAppSendTokenValue              
20017000  _sys_memory                           
2000b70f  _system_post_cinit                    
2000b5ed  _system_pre_init                      
20019550  _unlock                               
2000df41  abort                                 
2000e11d  atoi                                  
ffffffff  binit                                 
200094a9  calloc                                
2000e169  copy_in                               
2000eebf  copysign                              
2000eebf  copysignl                             
20004691  eTaskGetState                         
20019560  errno                                 
2000df49  exit                                  
200091f3  free                                  
2000dcd9  frexp                                 
2000dcd9  frexpl                                
200194d4  g_SlDeviceStatus                      
20019540  g_SpiFd                               
20019401  g_bDeviceRestartIsRequired            
200193f4  g_cDummy                              
200194d8  g_pCB                                 
20019544  g_pHostIntHdl                         
20004000  g_pfnVectors                          
20019548  g_ucDMAEnabled                        
20019240  g_ucDinDout                           
20019402  g_ucLED1Pin                           
20019403  g_ucLED2Pin                           
20019404  g_ucLED3Pin                           
20019508  g_uiLED1Port                          
2001950c  g_uiLED2Port                          
20019510  g_uiLED3Port                          
20019558  g_uiPingDone                          
20019554  g_uiPingPacketsRecv                   
20009581  getApDomainName                       
20009551  getDeviceName                         
200094d9  getMacAddress                         
200095b1  getSsidName                           
2000c339  ldexp                                 
2000c339  ldexpl                                
2000df91  ltoa                                  
20007651  main                                  
20019564  main_func_sp                          
20009189  malloc                                
20009079  mem_Free                              
2000906d  mem_Malloc                            
20009099  mem_copy                              
20009085  mem_set                               
200093bd  memalign                              
2000ebcb  memccpy                               
2000e991  memcmp                                
2000cb29  memcpy                                
2000e9b5  memmove                               
2000d6a5  memset                                
20009109  minit                                 
200090ef  osi_ContextRestore                    
200090ed  osi_ContextSave                       
200090ad  osi_EnterCritical                     
200090b7  osi_ExitCritical                      
20008cd3  osi_InterruptDeRegister               
20008cad  osi_InterruptRegister                 
20008ddd  osi_LockObjCreate                     
20008e51  osi_LockObjDelete                     
20008e61  osi_LockObjLock                       
20008e8d  osi_LockObjUnlock                     
20008fa1  osi_MsgQCreate                        
20008fe5  osi_MsgQDelete                        
20009031  osi_MsgQRead                          
20008fff  osi_MsgQWrite                         
200090c9  osi_Sleep                             
20008eb7  osi_Spawn                             
20008dbb  osi_SyncObjClear                      
20008ce5  osi_SyncObjCreate                     
20008d15  osi_SyncObjDelete                     
20008d2f  osi_SyncObjSignal                     
20008d57  osi_SyncObjSignalFromISR              
20008d8f  osi_SyncObjWait                       
20008e03  osi_TaskCreate                        
20008e43  osi_TaskDelete                        
200090d9  osi_TaskDisable                       
200090e3  osi_TaskEnable                        
200090c1  osi_start                             
200194dc  pPingCallBackFunc                     
20004bb5  pcTaskGetTaskName                     
2000c7d9  portCLZ                               
2000c7c1  prvPortStartFirstTask                 
2000e5c9  pvPortMalloc                          
20019450  pxCurrentTCB                          
2000b711  pxPortInitialiseStack                 
200092b5  realloc                               
20009689  registerMdnsService                   
2000c339  scalbn                                
2000c339  scalbnl                               
20009611  setApDomainName                       
200095e1  setDeviceName                         
20009649  setSsidName                           
2000e519  simplelink_timerA2_start              
2000afe9  sl_NetAppDnsGetHostByName             
2000c7e1  sl_NetAppGet                          
2000d9b9  sl_NetAppMDNSRegisterService          
2000bfc5  sl_NetAppMDNSRegisterUnregisterService
2000daed  sl_NetAppMDNSUnRegisterService        
2000a545  sl_NetAppPingStart                    
2000cc61  sl_NetAppSet                          
2000dde5  sl_NetAppStart                        
2000de3d  sl_NetAppStop                         
2000c261  sl_NetCfgGet                          
2000bd09  sl_Start                              
2000bb29  sl_Stop                               
2000c4d5  sl_WlanGet                            
2000ccf9  sl_WlanSet                            
2000dc79  sl_WlanSetMode                        
2000d719  spi_Close                             
2000ae99  spi_Open                              
2000c185  spi_Read                              
2000d175  spi_Write                             
2000dc19  sprintf                               
2000eb3d  strcat                                
2000edd5  strchr                                
2000ee3d  strcpy                                
2000ee51  strlen                                
2000e1b5  uDMAChannelAssign                     
2000db51  uDMAChannelAttributeDisable           
2000dbb5  uDMAChannelAttributeEnable            
2000e555  uDMAChannelControlSet                 
2000ebe9  uDMAChannelEnable                     
2000bc19  uDMAChannelTransferSet                
20007ecd  ucQueueGetQueueType                   
2000c729  ulPortSetInterruptMask                
200097e9  unregisterMdnsService                 
2000b481  uxListRemove                          
20007ead  uxQueueGetQueueNumber                 
20007e41  uxQueueMessagesWaiting                
20007e77  uxQueueMessagesWaitingFromISR         
20007e57  uxQueueSpacesAvailable                
20004ba9  uxTaskGetNumberOfTasks                
20004bd9  uxTaskGetSystemState                  
200050cd  uxTaskGetTaskNumber                   
20004725  uxTaskPriorityGet                     
20005625  uxTaskResetEventItemValue             
2000e6b9  vApplicationIdleHook                  
2000e6d1  vApplicationMallocFailedHook          
2000e6c1  vApplicationStackOverflowHook         
2000e6a1  vApplicationTickHook                  
2000e6a9  vAssertCalled                         
2000b39f  vListInitialise                       
2000b3cf  vListInitialiseItem                   
2000b41b  vListInsert                           
2000b3df  vListInsertEnd                        
2000c73f  vPortClearInterruptMask               
2000b78d  vPortEndScheduler                     
2000b7a1  vPortEnterCritical                    
2000b7b9  vPortExitCritical                     
2000e5e9  vPortFree                             
2000c799  vPortSVCHandler                       
2000b7ed  vPortSetupTimerInterrupt              
2000b78f  vPortYield                            
200080e7  vQueueAddToRegistry                   
20007e89  vQueueDelete                          
20007ebb  vQueueSetQueueNumber                  
20008129  vQueueUnregisterQueue                 
2000463b  vTaskDelay                            
2000459f  vTaskDelayUntil                       
2000450f  vTaskDelete                           
20004a8d  vTaskEndScheduler                     
200050bf  vTaskMissedYield                      
20004e55  vTaskPlaceOnEventList                 
20004eb9  vTaskPlaceOnUnorderedEventList        
2000559b  vTaskPriorityDisinherit               
200054e1  vTaskPriorityInherit                  
2000475d  vTaskPrioritySet                      
20004955  vTaskResume                           
200050ed  vTaskSetTaskNumber                    
2000501f  vTaskSetTimeOutState                  
20004a43  vTaskStartScheduler                   
20004861  vTaskSuspend                          
20004a9f  vTaskSuspendAll                       
20004dd5  vTaskSwitchContext                    
2000d289  vsnprintf                             
200194fc  xHigherPriorityTaskWoken              
2000c74d  xPortPendSVHandler                    
2000b761  xPortStartScheduler                   
2000b7d1  xPortSysTickHandler                   
20008177  xQueueAddToSet                        
20007aa9  xQueueAltGenericReceive               
200079fd  xQueueAltGenericSend                  
200078d1  xQueueCreateCountingSemaphore         
20007853  xQueueCreateMutex                     
20008163  xQueueCreateSet                       
200077dd  xQueueGenericCreate                   
20007c43  xQueueGenericReceive                  
2000774d  xQueueGenericReset                    
200078f1  xQueueGenericSend                     
20007ba7  xQueueGenericSendFromISR              
20008083  xQueueIsQueueEmptyFromISR             
200080c5  xQueueIsQueueFullFromISR              
20007dfd  xQueuePeekFromISR                     
20007d85  xQueueReceiveFromISR                  
20019290  xQueueRegistry                        
200081ab  xQueueRemoveFromSet                   
200081ed  xQueueSelectFromSet                   
20008207  xQueueSelectFromSetFromISR            
20019500  xSimpleLinkSpawnQueue                 
20019504  xSimpleLinkSpawnTaskHndl              
20005045  xTaskCheckForTimeOut                  
20004401  xTaskGenericCreate                    
20005495  xTaskGetCurrentTaskHandle             
20004c97  xTaskGetIdleTaskHandle                
200054a9  xTaskGetSchedulerState                
20004b7d  xTaskGetTickCount                     
20004b91  xTaskGetTickCountFromISR              
20004cb1  xTaskIncrementTick                    
20004f2d  xTaskRemoveFromEventList              
20004fb1  xTaskRemoveFromUnorderedEventList     
20004ab1  xTaskResumeAll                        
200049c9  xTaskResumeFromISR                    


GLOBAL SYMBOLS: SORTED BY Symbol Address 

address   name                                  
-------   ----                                  
00001000  __STACK_SIZE                          
00002000  __SYSMEM_SIZE                         
20004000  g_pfnVectors                          
20004401  xTaskGenericCreate                    
2000450f  vTaskDelete                           
2000459f  vTaskDelayUntil                       
2000463b  vTaskDelay                            
20004691  eTaskGetState                         
20004725  uxTaskPriorityGet                     
2000475d  vTaskPrioritySet                      
20004861  vTaskSuspend                          
20004955  vTaskResume                           
200049c9  xTaskResumeFromISR                    
20004a43  vTaskStartScheduler                   
20004a8d  vTaskEndScheduler                     
20004a9f  vTaskSuspendAll                       
20004ab1  xTaskResumeAll                        
20004b7d  xTaskGetTickCount                     
20004b91  xTaskGetTickCountFromISR              
20004ba9  uxTaskGetNumberOfTasks                
20004bb5  pcTaskGetTaskName                     
20004bd9  uxTaskGetSystemState                  
20004c97  xTaskGetIdleTaskHandle                
20004cb1  xTaskIncrementTick                    
20004dd5  vTaskSwitchContext                    
20004e55  vTaskPlaceOnEventList                 
20004eb9  vTaskPlaceOnUnorderedEventList        
20004f2d  xTaskRemoveFromEventList              
20004fb1  xTaskRemoveFromUnorderedEventList     
2000501f  vTaskSetTimeOutState                  
20005045  xTaskCheckForTimeOut                  
200050bf  vTaskMissedYield                      
200050cd  uxTaskGetTaskNumber                   
200050ed  vTaskSetTaskNumber                    
20005495  xTaskGetCurrentTaskHandle             
200054a9  xTaskGetSchedulerState                
200054e1  vTaskPriorityInherit                  
2000559b  vTaskPriorityDisinherit               
20005625  uxTaskResetEventItemValue             
20005e95  __TI_printfi                          
20006781  SimpleLinkWlanEventHandler            
20006971  SimpleLinkNetAppEventHandler          
20006c71  SimpleLinkHttpServerCallback          
20006e79  SimpleLinkGeneralEventHandler         
20006ea9  SimpleLinkSockEventHandler            
200070b9  ConnectToNetwork                      
20007651  main                                  
2000774d  xQueueGenericReset                    
200077dd  xQueueGenericCreate                   
20007853  xQueueCreateMutex                     
200078d1  xQueueCreateCountingSemaphore         
200078f1  xQueueGenericSend                     
200079fd  xQueueAltGenericSend                  
20007aa9  xQueueAltGenericReceive               
20007ba7  xQueueGenericSendFromISR              
20007c43  xQueueGenericReceive                  
20007d85  xQueueReceiveFromISR                  
20007dfd  xQueuePeekFromISR                     
20007e41  uxQueueMessagesWaiting                
20007e57  uxQueueSpacesAvailable                
20007e77  uxQueueMessagesWaitingFromISR         
20007e89  vQueueDelete                          
20007ead  uxQueueGetQueueNumber                 
20007ebb  vQueueSetQueueNumber                  
20007ecd  ucQueueGetQueueType                   
20008083  xQueueIsQueueEmptyFromISR             
200080c5  xQueueIsQueueFullFromISR              
200080e7  vQueueAddToRegistry                   
20008129  vQueueUnregisterQueue                 
20008163  xQueueCreateSet                       
20008177  xQueueAddToSet                        
200081ab  xQueueRemoveFromSet                   
200081ed  xQueueSelectFromSet                   
20008207  xQueueSelectFromSetFromISR            
20008841  GPIO_IF_LedConfigure                  
200088a9  GPIO_IF_LedOn                         
200089b1  GPIO_IF_LedOff                        
20008ab9  GPIO_IF_LedStatus                     
20008b61  GPIO_IF_LedToggle                     
20008b99  GPIO_IF_GetPortNPin                   
20008be9  GPIO_IF_ConfigureNIntEnable           
20008c31  GPIO_IF_Set                           
20008c71  GPIO_IF_Get                           
20008cad  osi_InterruptRegister                 
20008cd3  osi_InterruptDeRegister               
20008ce5  osi_SyncObjCreate                     
20008d15  osi_SyncObjDelete                     
20008d2f  osi_SyncObjSignal                     
20008d57  osi_SyncObjSignalFromISR              
20008d8f  osi_SyncObjWait                       
20008dbb  osi_SyncObjClear                      
20008ddd  osi_LockObjCreate                     
20008e03  osi_TaskCreate                        
20008e43  osi_TaskDelete                        
20008e51  osi_LockObjDelete                     
20008e61  osi_LockObjLock                       
20008e8d  osi_LockObjUnlock                     
20008eb7  osi_Spawn                             
20008f25  VStartSimpleLinkSpawnTask             
20008f75  VDeleteSimpleLinkSpawnTask            
20008fa1  osi_MsgQCreate                        
20008fe5  osi_MsgQDelete                        
20008fff  osi_MsgQWrite                         
20009031  osi_MsgQRead                          
2000906d  mem_Malloc                            
20009079  mem_Free                              
20009085  mem_set                               
20009099  mem_copy                              
200090ad  osi_EnterCritical                     
200090b7  osi_ExitCritical                      
200090c1  osi_start                             
200090c9  osi_Sleep                             
200090d9  osi_TaskDisable                       
200090e3  osi_TaskEnable                        
200090ed  osi_ContextSave                       
200090ef  osi_ContextRestore                    
20009109  minit                                 
20009189  malloc                                
200091f3  free                                  
200092b5  realloc                               
200093bd  memalign                              
200094a9  calloc                                
200094d9  getMacAddress                         
20009551  getDeviceName                         
20009581  getApDomainName                       
200095b1  getSsidName                           
200095e1  setDeviceName                         
20009611  setApDomainName                       
20009649  setSsidName                           
20009689  registerMdnsService                   
200097e9  unregisterMdnsService                 
20009873  UtilsDelay                            
20009879  InitTerm                              
200098a9  Message                               
200098d9  ClearTerm                             
200098e9  Error                                 
20009929  GetCmd                                
20009a41  TrimSpace                             
20009ae9  Report                                
20009ba3  __mpu_init                            
20009dfd  __aeabi_uldivmod                      
20009ff1  _SlDrvReleasePoolObj                  
2000a1c1  SimpleLinkPingReport                  
2000a1e9  ConnectionTest                        
2000a38f  __aeabi_dsub                          
2000a399  __aeabi_dadd                          
2000a545  sl_NetAppPingStart                    
2000a891  _SlDrvDriverCBInit                    
2000aa21  _SlDrvWaitForPoolObj                  
2000abb1  PRCMCC3200MCUInit                     
2000ae99  spi_Open                              
2000afe9  sl_NetAppDnsGetHostByName             
2000b269  __aeabi_ddiv                          
2000b39f  vListInitialise                       
2000b3cf  vListInitialiseItem                   
2000b3df  vListInsertEnd                        
2000b41b  vListInsert                           
2000b481  uxListRemove                          
2000b4c9  _SlDrvDriverCBDeinit                  
2000b5ed  _system_pre_init                      
2000b5f1  InitPMS                               
2000b611  GetPMS3003Result                      
2000b671  CheckSum                              
2000b6c9  GetPM01                               
2000b6e1  GetPM2_5                              
2000b6f9  GetPM10                               
2000b70f  _system_post_cinit                    
2000b711  pxPortInitialiseStack                 
2000b761  xPortStartScheduler                   
2000b78d  vPortEndScheduler                     
2000b78f  vPortYield                            
2000b7a1  vPortEnterCritical                    
2000b7b9  vPortExitCritical                     
2000b7d1  xPortSysTickHandler                   
2000b7ed  vPortSetupTimerInterrupt              
2000b821  PinMuxConfig                          
2000b927  _SlDrvNetAppEventHandler              
2000ba2b  __aeabi_dmul                          
2000bb29  sl_Stop                               
2000bc19  uDMAChannelTransferSet                
2000bd09  sl_Start                              
2000bedd  _SlDrvMsgReadSpawnCtx                 
2000bfc5  sl_NetAppMDNSRegisterUnregisterService
2000c185  spi_Read                              
2000c261  sl_NetCfgGet                          
2000c339  ldexp                                 
2000c339  ldexpl                                
2000c339  scalbn                                
2000c339  scalbnl                               
2000c409  _sl_HandleAsync_DnsGetHostByService   
2000c4d5  sl_WlanGet                            
2000c665  _SlDrvCmdOp                           
2000c729  ulPortSetInterruptMask                
2000c73f  vPortClearInterruptMask               
2000c74d  xPortPendSVHandler                    
2000c799  vPortSVCHandler                       
2000c7c1  prvPortStartFirstTask                 
2000c7d9  portCLZ                               
2000c7e1  sl_NetAppGet                          
2000c899  IntDisable                            
2000c941  IntEnable                             
2000c9e9  SPIConfigSetExpClk                    
2000ca89  _SlDriverHandleError                  
2000cb29  __aeabi_memcpy                        
2000cb29  __aeabi_memcpy4                       
2000cb29  __aeabi_memcpy8                       
2000cb29  memcpy                                
2000cbc5  _SlDrvDeviceEventHandler              
2000cc61  sl_NetAppSet                          
2000ccf9  sl_WlanSet                            
2000cd91  PRCMPeripheralClockGet                
2000ce25  _sl_HandleAsync_DnsGetHostByName      
2000ceb5  _sl_HandleAsync_PingResponse          
2000d05d  _SlDrvIsTimeoutExpired                
2000d0e9  _sl_HandleAsync_InitComplete          
2000d175  spi_Write                             
2000d201  PinConfigSet                          
2000d289  vsnprintf                             
2000d311  __aeabi_cdcmpeq                       
2000d311  __aeabi_cdcmple                       
2000d397  __aeabi_cdrcmple                      
2000d41d  GPIOIntTypeSet                        
2000d4a1  _sl_HandleAsync_Connect               
2000d621  SDHostInit                            
2000d69d  __aeabi_memclr                        
2000d69d  __aeabi_memclr4                       
2000d69d  __aeabi_memclr8                       
2000d69f  __aeabi_memset                        
2000d69f  __aeabi_memset4                       
2000d69f  __aeabi_memset8                       
2000d6a5  memset                                
2000d719  spi_Close                             
2000d791  UARTConfigSetExpClk                   
2000d809  __TI_auto_init                        
2000d879  _SlDrvCmdSend                         
2000d8e5  _sl_NetAppSendTokenValue              
2000d951  __TI_decompress_lzss                  
2000d9b9  sl_NetAppMDNSRegisterService          
2000da21  SDHostSetExpClk                       
2000da89  _sl_HandleAsync_Accept                
2000daed  sl_NetAppMDNSUnRegisterService        
2000db51  uDMAChannelAttributeDisable           
2000dbb5  uDMAChannelAttributeEnable            
2000dc19  sprintf                               
2000dc79  sl_WlanSetMode                        
2000dcd9  frexp                                 
2000dcd9  frexpl                                
2000dd35  IntPendClear                          
2000dd8d  PRCMPeripheralReset                   
2000dde5  sl_NetAppStart                        
2000de3d  sl_NetAppStop                         
2000de95  IntPrioritySet                        
2000dee9  _sl_HandleAsync_Select                
2000df3d  C$$EXIT                               
2000df41  abort                                 
2000df49  exit                                  
2000df91  ltoa                                  
2000dfe5  _SlDrvRxIrqHandler                    
2000e035  _sl_HandleAsync_Stop                  
2000e085  SPIIntEnable                          
2000e0d1  _SlDrvProtectAsyncRespSetting         
2000e11d  atoi                                  
2000e169  copy_in                               
2000e1b5  uDMAChannelAssign                     
2000e201  SPIIntClear                           
2000e249  _SlDrvBasicCmd                        
2000e291  __aeabi_d2iz                          
2000e31d  TimerConfigure                        
2000e3a5  PinModeSet                            
2000e3e5  _SlDrvSyncObjWaitTimeout              
2000e425  _c_int00                              
2000e4a1  PRCMPeripheralClkEnable               
2000e4dd  PinDirModeSet                         
2000e519  simplelink_timerA2_start              
2000e555  uDMAChannelControlSet                 
2000e591  NwpPowerOff                           
2000e5c9  pvPortMalloc                          
2000e5e9  vPortFree                             
2000e601  GPIODirModeSet                        
2000e639  PRCMPeripheralStatusGet               
2000e66d  SPIFIFOLevelSet                       
2000e6a1  vApplicationTickHook                  
2000e6a9  vAssertCalled                         
2000e6b9  vApplicationIdleHook                  
2000e6c1  vApplicationStackOverflowHook         
2000e6d1  vApplicationMallocFailedHook          
2000e6d3  PinTypeGPIO                           
2000e705  UARTDisable                           
2000e735  __aeabi_i2d                           
2000e765  DmaSpiSwIntHandler                    
2000e791  NwpPowerOn                            
2000e7bd  PRCMSysResetCauseGet                  
2000e7e9  TimerLoadSet                          
2000e813  TimerPrescaleSet                      
2000e83d  PRCMPeripheralClkDisable              
2000e88d  _SlDrvProtectionObjLockWaitForever    
2000e8b5  NwpRegisterInterruptHandler           
2000e8dd  IntUnregister                         
2000e901  UARTEnable                            
2000e925  _SlDrvGlobalObjUnLock                 
2000e949  _SlDrvProtectionObjUnLock             
2000e96d  _SlDrvSyncObjWaitForever              
2000e991  memcmp                                
2000e9b5  memmove                               
2000e9d9  SPIReset                              
2000e9fb  SPIWordCountSet                       
2000ea21  ResetISR                              
2000ea43  GPIOPinWrite                          
2000ea65  IntRegister                           
2000ea85  NwpPrePowerOffTimout0                 
2000eaa5  TimerGetCurrentTimestamp              
2000eac5  TimerEnable                           
2000eae3  UARTCharPut                           
2000eb01  _SlDrvSyncObjSignal                   
2000eb3d  strcat                                
2000eb5b  PinTypeI2C                            
2000eb77  TimerValueGet                         
2000eb93  UARTCharGetNonBlocking                
2000ebaf  _SlDrvStartMeasureTimeout             
2000ebcb  memccpy                               
2000ebe9  uDMAChannelEnable                     
2000ec05  GPIOIntEnable                         
2000ec1f  PinTypeSDHost                         
2000ec39  PinTypeUART                           
2000ec53  SPIDmaDisable                         
2000ec6d  SPIDmaEnable                          
2000ec87  SPIFIFODisable                        
2000eca1  SPIFIFOEnable                         
2000ecbb  GPIOPinRead                           
2000ecd3  SPICSDisable                          
2000eceb  SPICSEnable                           
2000ed03  SPIDisable                            
2000ed1b  SPIEnable                             
2000ed33  UARTCharsAvail                        
2000ed65  _args_main                            
2000ed7d  PRCMHIBRegRead                        
2000ed93  PRCMHIBRegWrite                       
2000eda9  UARTCharGet                           
2000edbf  _SlDrvMemZero                         
2000edd5  strchr                                
2000edeb  CPUcpsie                              
2000edff  GPIOIntClear                          
2000ee15  IntVTableBaseSet                      
2000ee29  _register_unlock                      
2000ee2f  _register_lock                        
2000ee37  _nop                                  
2000ee3d  strcpy                                
2000ee51  strlen                                
2000ee65  _SlDrvDispatchHttpServerEvents        
2000ee75  _SlDrvResetCmdExt                     
2000ee83  __TI_decompress_none                  
2000ee91  NwpMaskInterrupt                      
2000ee9d  NwpUnMaskInterrupt                    
2000eea9  __TI_zero_init                        
2000eeb5  IntMasterEnable                       
2000eebf  copysign                              
2000eebf  copysignl                             
2000eec8  _ctypes_                              
2000f30c  OpcodeTranslateTable                  
2000f384  _SlActionLookupTable                  
2000f3d8  _SlNetAppSendTokenValueCmdCtrl        
2000f4d8  __TI_static_base__                    
2000f53c  __TI_Handler_Table_Base               
2000f548  __TI_Handler_Table_Limit              
2000f550  __TI_CINIT_Base                       
2000f560  __TI_CINIT_Limit                      
20017000  _sys_memory                           
20019240  g_ucDinDout                           
20019290  xQueueRegistry                        
200193f0  DMAMsgQ                               
200193f4  g_cDummy                              
20019400  RxIrqCnt                              
20019401  g_bDeviceRestartIsRequired            
20019402  g_ucLED1Pin                           
20019403  g_ucLED2Pin                           
20019404  g_ucLED3Pin                           
20019450  pxCurrentTCB                          
200194d4  g_SlDeviceStatus                      
200194d8  g_pCB                                 
200194dc  pPingCallBackFunc                     
200194e4  __TI_cleanup_ptr                      
200194e8  __TI_dtors_ptr                        
200194ec  __TI_enable_exit_profile_output       
200194fc  xHigherPriorityTaskWoken              
20019500  xSimpleLinkSpawnQueue                 
20019504  xSimpleLinkSpawnTaskHndl              
20019508  g_uiLED1Port                          
2001950c  g_uiLED2Port                          
20019510  g_uiLED3Port                          
20019540  g_SpiFd                               
20019544  g_pHostIntHdl                         
20019548  g_ucDMAEnabled                        
2001954c  _lock                                 
20019550  _unlock                               
20019554  g_uiPingPacketsRecv                   
20019558  g_uiPingDone                          
20019560  errno                                 
20019564  main_func_sp                          
2002f000  __stack                               
20030000  __STACK_END                           
ffffffff  __TI_pprof_out_hndl                   
ffffffff  __TI_prof_data_size                   
ffffffff  __TI_prof_data_start                  
ffffffff  __binit__                             
ffffffff  __c_args__                            
ffffffff  binit                                 
UNDEFED   SHT$$INIT_ARRAY$$Base                 
UNDEFED   SHT$$INIT_ARRAY$$Limit                

[408 symbols]
