******************************************************************************
                  TI ARM Linker PC v16.9.1                     
******************************************************************************
>> Linked Wed Jan 17 23:06:54 2018

OUTPUT FILE NAME:   <airu-firmware-1.0.5.out>
ENTRY POINT SYMBOL: "_c_int00"  address: 20015e9d


MEMORY CONFIGURATION

         name            origin    length      used     unused   attr    fill
----------------------  --------  ---------  --------  --------  ----  --------
  SRAM_CODE             20004000   00015000  00013aae  00001552  RW X
  SRAM_DATA             20019000   00017000  0000c1ce  0000ae32  RW X


SEGMENT ALLOCATION MAP

run origin  load origin   length   init length attrs members
----------  ----------- ---------- ----------- ----- -------
20004000    20004000    00013ab0   00013ab0    r-x
  20004000    20004000    00000400   00000400    r-- .intvecs
  20004400    20004400    00012a6e   00012a6e    r-x .text
  20016e70    20016e70    00000ba8   00000ba8    r-- .const
  20017a18    20017a18    00000098   00000098    r-- .cinit
20019000    20019000    0000a1ce   00000000    rw-
  20019000    20019000    00008000   00000000    rw- .sysmem
  20021000    20021000    00001e6c   00000000    rw- .data
  20022e6c    20022e6c    00000362   00000000    rw- .bss
2002e000    2002e000    00002000   00000000    rw-
  2002e000    2002e000    00002000   00000000    rw- .stack


SECTION ALLOCATION MAP

 output                                  attributes/
section   page    origin      length       input sections
--------  ----  ----------  ----------   ----------------
.intvecs   0    20004000    00000400     
                  20004000    00000400     startup_ccs.obj (.intvecs)

.init_array 
*          0    20004000    00000000     UNINITIALIZED

.text      0    20004400    00012a6e     
                  20004400    00001dd4     main.obj (.text)
                  200061d4    00001744     internet_if.obj (.text)
                  20007918    000012a8     ff.obj (.text)
                  20008bc0    0000125c     free_rtos.a : tasks.obj (.text)
                  20009e1c    00001102     rtsv7M4_T_le_eabi.lib : _printfi.obj (.text)
                  2000af1e    00000002     driverlib.a : interrupt.obj (.text:IntDefaultHandler)
                  2000af20    00000fc4     webclient.a : httpcli.obj (.text)
                  2000bee4    00000b24     free_rtos.a : queue.obj (.text)
                  2000ca08    00000a9c     MQTTClient.obj (.text)
                  2000d4a4    00000590     simplelink.a : driver.obj (.text:_SlDrvMsgRead)
                  2000da34    000004f4     gps_if.obj (.text)
                  2000df28    0000045c     free_rtos.a : osi_freertos.obj (.text)
                  2000e384    00000378     device_time_if.obj (.text)
                  2000e6fc    000002ea     webclient.a : ssock.obj (.text)
                  2000e9e6    00000002     rtsv7M4_T_le_eabi.lib : _lock.obj (.text)
                  2000e9e8    000002c0                           : memory.obj (.text)
                  2000eca8    00000278     MQTTCC3200.obj (.text)
                  2000ef20    00000258     i2c_if.obj (.text)
                  2000f178    0000024c     simplelink.a : driver.obj (.text:_SlDrvRxHdrRead)
                  2000f3c4    00000238     rtsv7M4_T_le_eabi.lib : strtod.obj (.text)
                  2000f5fc    000001f4                           : ull_div_t2.obj (.text)
                  2000f7f0    000001e0     simplelink.a : driver.obj (.text:_SlDrvDataReadOp)
                  2000f9d0    000001dc     MQTTPacket.obj (.text)
                  2000fbac    000001dc     gpio_if.obj (.text)
                  2000fd88    000001dc     simplelink_if.obj (.text)
                  2000ff64    000001d0     simplelink.a : driver.obj (.text:_SlDrvReleasePoolObj)
                  20010134    000001c4     diskio.obj (.text)
                  200102f8    000001b6     rtsv7M4_T_le_eabi.lib : fd_add_t2.obj (.text)
                  200104ae    00000002                           : mpu_init.obj (.text)
                  200104b0    000001b0     simplelink.a : netapp.obj (.text:sl_NetAppPingStart)
                  20010660    000001a0     pms_if.obj (.text)
                  20010800    0000019c     simplelink.a : driver.obj (.text:_SlDrvMsgWrite)
                  2001099c    00000190                  : driver.obj (.text:_SlDrvDriverCBInit)
                  20010b2c    00000190                  : driver.obj (.text:_SlDrvWaitForPoolObj)
                  20010cbc    0000018c                  : socket.obj (.text:sl_Connect)
                  20010e48    0000017c     device_status.obj (.text)
                  20010fc4    00000178     driverlib.a : prcm.obj (.text:PRCMCC3200MCUInit)
                  2001113c    00000178     simplelink.a : socket.obj (.text:sl_Select)
                  200112b4    00000170                  : driver.obj (.text:_SlFindAndSetActiveObj)
                  20011424    00000170     sd_if.obj (.text)
                  20011594    00000150     simplelink.a : cc_pal.obj (.text:spi_Open)
                  200116e4    0000014c                  : driver.obj (.text:_SlDrvDataWriteOp)
                  20011830    00000144                  : netapp.obj (.text:sl_NetAppDnsGetHostByName)
                  20011974    00000144                  : socket.obj (.text:sl_SendTo)
                  20011ab8    0000013c                  : driver.obj (.text:_SlDrvMsgReadCmdCtx)
                  20011bf4    0000013c                  : socket.obj (.text:sl_RecvFrom)
                  20011d30    00000136     rtsv7M4_T_le_eabi.lib : fd_div_t2.obj (.text)
                  20011e66    00000002                           : startup.obj (.text)
                  20011e68    00000134     simplelink.a : socket.obj (.text:sl_Send)
                  20011f9c    0000012a     free_rtos.a : list.obj (.text)
                  200120c6    00000002     --HOLE-- [fill = 0]
                  200120c8    00000124     simplelink.a : driver.obj (.text:_SlDrvDriverCBDeinit)
                  200121ec    00000120                  : fs.obj (.text:sl_FsRead)
                  2001230c    00000118     MQTTSerializePublish.obj (.text)
                  20012424    00000118     simplelink.a : fs.obj (.text:sl_FsWrite)
                  2001253c    00000118                  : wlan.obj (.text:sl_WlanProfileGet)
                  20012654    00000114     rtsv7M4_T_le_eabi.lib : strtoul.obj (.text)
                  20012768    00000110     free_rtos.a : port.obj (.text)
                  20012878    00000104     simplelink.a : netapp.obj (.text:_SlDrvNetAppEventHandler)
                  2001297c    000000fc     rtsv7M4_T_le_eabi.lib : fd_mul_t2.obj (.text)
                  20012a78    000000f0     simplelink.a : device.obj (.text:sl_Stop)
                  20012b68    000000f0     driverlib.a : udma.obj (.text:uDMAChannelTransferSet)
                  20012c58    000000ec     simplelink.a : device.obj (.text:sl_Start)
                  20012d44    000000e8                  : driver.obj (.text:_SlAsyncEventGenericHandler)
                  20012e2c    000000e8                  : driver.obj (.text:_SlDrvMsgReadSpawnCtx)
                  20012f14    000000dc                  : driver.obj (.text:_SlDrvClassifyRxMsg)
                  20012ff0    000000dc                  : cc_pal.obj (.text:spi_Read)
                  200130cc    000000dc     timer_if.obj (.text)
                  200131a8    000000d8     simplelink.a : netcfg.obj (.text:sl_NetCfgGet)
                  20013280    000000d4     server_if.obj (.text)
                  20013354    000000d0     rtsv7M4_T_le_eabi.lib : s_scalbn.obj (.text)
                  20013424    000000cc     simplelink.a : netapp.obj (.text:_sl_HandleAsync_DnsGetHostByService)
                  200134f0    000000c4                  : driver.obj (.text:_SlRemoveFromList)
                  200135b4    000000c0                  : driver.obj (.text:_SlDrvCmdOp)
                  20013674    000000ba     free_rtos.a : portasm.obj (.text)
                  2001372e    00000002     --HOLE-- [fill = 0]
                  20013730    000000b8     simplelink.a : socket.obj (.text:sl_Bind)
                  200137e8    000000b4                  : fs.obj (.text:sl_FsClose)
                  2001389c    000000a8     driverlib.a : interrupt.obj (.text:IntDisable)
                  20013944    000000a8                 : interrupt.obj (.text:IntEnable)
                  200139ec    000000a8     simplelink.a : wlan.obj (.text:sl_WlanGetNetworkList)
                  20013a94    000000a4                  : fs.obj (.text:sl_FsOpen)
                  20013b38    000000a0     driverlib.a : spi.obj (.text:SPIConfigSetExpClk)
                  20013bd8    000000a0     simplelink.a : driver.obj (.text:_SlDriverHandleError)
                  20013c78    000000a0                  : socket.obj (.text:sl_Recv)
                  20013d18    0000009c     rtsv7M4_T_le_eabi.lib : memcpy_t2.obj (.text)
                  20013db4    0000009c     uart_if.obj (.text)
                  20013e50    0000009a     simplelink.a : device.obj (.text:_SlDrvDeviceEventHandler)
                  20013eea    00000002     --HOLE-- [fill = 0]
                  20013eec    00000098                  : device.obj (.text:sl_DevSet)
                  20013f84    00000098                  : netapp.obj (.text:sl_NetAppSet)
                  2001401c    00000098                  : netcfg.obj (.text:sl_NetCfgSet)
                  200140b4    00000098                  : socket.obj (.text:sl_SetSockOpt)
                  2001414c    00000098                  : wlan.obj (.text:sl_WlanSet)
                  200141e4    00000094     driverlib.a : prcm.obj (.text:PRCMPeripheralClockGet)
                  20014278    00000094     simplelink.a : fs.obj (.text:_sl_GetCreateFsMode)
                  2001430c    00000090                  : netapp.obj (.text:_sl_HandleAsync_DnsGetHostByName)
                  2001439c    00000090                  : netapp.obj (.text:_sl_HandleAsync_PingResponse)
                  2001442c    00000090                  : wlan.obj (.text:sl_WlanPolicySet)
                  200144bc    0000008c                  : cc_pal.obj (.text:SetupDMAReceive)
                  20014548    0000008c                  : cc_pal.obj (.text:SetupDMASend)
                  200145d4    0000008c                  : driver.obj (.text:_SlDrvIsTimeoutExpired)
                  20014660    0000008c                  : device.obj (.text:_sl_HandleAsync_InitComplete)
                  200146ec    0000008c                  : socket.obj (.text:sl_Socket)
                  20014778    0000008c                  : cc_pal.obj (.text:spi_Write)
                  20014804    00000088     driverlib.a : prcm.obj (.text:PRCMHibernateIntervalSet)
                  2001488c    00000088                 : pin.obj (.text:PinConfigSet)
                  20014914    00000088     rtsv7M4_T_le_eabi.lib : vsnprintf.obj (.text)
                  2001499c    00000086                           : fd_cmp_t2.obj (.text:__aeabi_cdcmple)
                  20014a22    00000086                           : fd_cmp_t2.obj (.text:__aeabi_cdrcmple)
                  20014aa8    00000084     driverlib.a : i2c.obj (.text:I2CMasterInitExpClk)
                  20014b2c    00000084     simplelink.a : wlan.obj (.text:sl_WlanRxFilterSet)
                  20014bb0    00000080                  : socket.obj (.text:_sl_HandleAsync_Connect)
                  20014c30    00000080                  : cc_pal.obj (.text:spi_Read_CPU)
                  20014cb0    00000080                  : cc_pal.obj (.text:spi_Write_CPU)
                  20014d30    0000007c     driverlib.a : sdhost.obj (.text:SDHostInit)
                  20014dac    0000007a     rtsv7M4_T_le_eabi.lib : fs_mul_t2.obj (.text)
                  20014e26    0000007a                           : memset_t2.obj (.text)
                  20014ea0    00000078     simplelink.a : cc_pal.obj (.text:spi_Close)
                  20014f18    00000076     driverlib.a : uart.obj (.text:UARTConfigSetExpClk)
                  20014f8e    00000002     --HOLE-- [fill = 0]
                  20014f90    00000074     app_utils.obj (.text)
                  20015004    00000074     rtsv7M4_T_le_eabi.lib : strtok.obj (.text)
                  20015078    00000070                           : autoinit.obj (.text)
                  200150e8    0000006e                           : fd_tos_t2.obj (.text)
                  20015156    00000002     --HOLE-- [fill = 0]
                  20015158    0000006c     simplelink.a : driver.obj (.text:_SlDrvCmdSend)
                  200151c4    0000006c                  : netapp.obj (.text:_sl_NetAppSendTokenValue)
                  20015230    00000068     rtsv7M4_T_le_eabi.lib : copy_decompress_lzss.obj (.text:decompress:lzss)
                  20015298    00000066     driverlib.a : sdhost.obj (.text:SDHostSetExpClk)
                  200152fe    00000002     --HOLE-- [fill = 0]
                  20015300    00000064     simplelink.a : socket.obj (.text:_sl_HandleAsync_Accept)
                  20015364    00000064     driverlib.a : udma.obj (.text:uDMAChannelAttributeDisable)
                  200153c8    00000064                 : udma.obj (.text:uDMAChannelAttributeEnable)
                  2001542c    00000060     rtsv7M4_T_le_eabi.lib : sprintf.obj (.text)
                  2001548c    00000060     simplelink.a : socket.obj (.text:sl_Close)
                  200154ec    00000060                  : wlan.obj (.text:sl_WlanProfileDel)
                  2001554c    00000060                  : wlan.obj (.text:sl_WlanSetMode)
                  200155ac    0000005c     rtsv7M4_T_le_eabi.lib : s_frexp.obj (.text)
                  20015608    00000058     driverlib.a : interrupt.obj (.text:IntPendClear)
                  20015660    00000058                 : prcm.obj (.text:PRCMPeripheralReset)
                  200156b8    00000058     simplelink.a : netapp.obj (.text:sl_NetAppStart)
                  20015710    00000058                  : netapp.obj (.text:sl_NetAppStop)
                  20015768    00000054     driverlib.a : interrupt.obj (.text:IntPrioritySet)
                  200157bc    00000054     simplelink.a : socket.obj (.text:_sl_HandleAsync_Select)
                  20015810    00000054     rtsv7M4_T_le_eabi.lib : exit.obj (.text)
                  20015864    00000054                           : ltoa.obj (.text)
                  200158b8    00000050     simplelink.a : driver.obj (.text:_SlDrvRxIrqHandler)
                  20015908    00000050                  : device.obj (.text:_sl_HandleAsync_Stop)
                  20015958    0000004c     driverlib.a : spi.obj (.text:SPIIntEnable)
                  200159a4    0000004c     simplelink.a : driver.obj (.text:_SlDrvProtectAsyncRespSetting)
                  200159f0    0000004c                  : socket.obj (.text:_sl_BuildAddress)
                  20015a3c    0000004c     rtsv7M4_T_le_eabi.lib : atoi.obj (.text)
                  20015a88    0000004c                           : cpy_tbl.obj (.text)
                  20015ad4    0000004c     driverlib.a : udma.obj (.text:uDMAChannelAssign)
                  20015b20    00000048     MQTTDeserializePublish.obj (.text)
                  20015b68    00000048     driverlib.a : prcm.obj (.text:PRCMHibernateWakeupSourceEnable)
                  20015bb0    00000048                 : spi.obj (.text:SPIIntClear)
                  20015bf8    00000048     simplelink.a : driver.obj (.text:_SlDrvBasicCmd)
                  20015c40    00000048     rtsv7M4_T_le_eabi.lib : fd_toi_t2.obj (.text)
                  20015c88    00000044     driverlib.a : spi.obj (.text:SPIDmaMaskGet)
                  20015ccc    00000044                 : timer.obj (.text:TimerConfigure)
                  20015d10    00000044                 : uart.obj (.text:UARTIntNumberGet)
                  20015d54    00000044     simplelink.a : cc_pal.obj (.text:cc_SetupTransfer)
                  20015d98    00000042                  : socket.obj (.text:sl_Htonl)
                  20015dda    00000002     --HOLE-- [fill = 0]
                  20015ddc    00000040     driverlib.a : pin.obj (.text:PinModeSet)
                  20015e1c    00000040     simplelink.a : driver.obj (.text:_SlDrvSyncObjWaitTimeout)
                  20015e5c    00000040                  : socket.obj (.text:_sl_TruncatePayloadByProtocol)
                  20015e9c    00000040     rtsv7M4_T_le_eabi.lib : boot.obj (.text)
                  20015edc    0000003e     driverlib.a : sdhost.obj (.text:SDHostCmdSend)
                  20015f1a    0000003c     simplelink.a : netapp.obj (.text:CopyPingResultsToReport)
                  20015f56    00000002     --HOLE-- [fill = 0]
                  20015f58    0000003c     MQTTConnectClient.obj (.text)
                  20015f94    0000003c     driverlib.a : prcm.obj (.text:PRCMPeripheralClkEnable)
                  20015fd0    0000003c                 : pin.obj (.text:PinDirModeSet)
                  2001600c    0000003c     simplelink.a : cc_pal.obj (.text:simplelink_timerA2_start)
                  20016048    0000003c                  : socket.obj (.text:sl_Htons)
                  20016084    0000003c     driverlib.a : udma.obj (.text:uDMAChannelControlSet)
                  200160c0    00000038     simplelink.a : cc_pal.obj (.text:NwpPowerOff)
                  200160f8    00000038     free_rtos.a : heap_3.obj (.text)
                  20016130    00000038     rtsv7M4_T_le_eabi.lib : fs_tod_t2.obj (.text)
                  20016168    00000038     simplelink.a : wlan.obj (.text:sl_WlanDisconnect)
                  200161a0    00000036     driverlib.a : gpio.obj (.text:GPIODirModeSet)
                  200161d6    00000002     --HOLE-- [fill = 0]
                  200161d8    00000034                 : prcm.obj (.text:PRCMPeripheralStatusGet)
                  2001620c    00000034                 : sdhost.obj (.text:SDHostRespGet)
                  20016240    00000034                 : spi.obj (.text:SPIFIFOLevelSet)
                  20016274    00000034     rtsv7M4_T_le_eabi.lib : strncpy.obj (.text)
                  200162a8    00000034                           : strstr.obj (.text)
                  200162dc    00000030     driverlib.a : pin.obj (.text:PinTypeGPIO)
                  2001630c    00000030                 : uart.obj (.text:UARTDisable)
                  2001633c    00000030     simplelink.a : fs.obj (.text:_sl_Strlen)
                  2001636c    0000002e     rtsv7M4_T_le_eabi.lib : i_tofd_t2.obj (.text)
                  2001639a    00000002     --HOLE-- [fill = 0]
                  2001639c    0000002c     simplelink.a : cc_pal.obj (.text:DmaSpiSwIntHandler)
                  200163c8    0000002c     driverlib.a : i2c.obj (.text:I2CMasterErr)
                  200163f4    0000002c     simplelink.a : cc_pal.obj (.text:NwpPowerOn)
                  20016420    0000002c     driverlib.a : prcm.obj (.text:PRCMSysResetCauseGet)
                  2001644c    0000002c                 : sdhost.obj (.text:SDHostIntStatus)
                  20016478    0000002c     rtsv7M4_T_le_eabi.lib : strncmp.obj (.text)
                  200164a4    0000002a     driverlib.a : timer.obj (.text:TimerLoadSet)
                  200164ce    0000002a                 : timer.obj (.text:TimerPrescaleSet)
                  200164f8    00000028                 : prcm.obj (.text:PRCMPeripheralClkDisable)
                  20016520    00000028                 : sdhost.obj (.text:SDHostBlockSizeSet)
                  20016548    00000028     simplelink.a : driver.obj (.text:_SlDrvObjGlobalLockWaitForever)
                  20016570    00000028                  : driver.obj (.text:_SlDrvProtectionObjLockWaitForever)
                  20016598    00000026                  : cc_pal.obj (.text:NwpRegisterInterruptHandler)
                  200165be    00000026     driverlib.a : sdhost.obj (.text:SDHostBlockCountSet)
                  200165e4    00000024                 : interrupt.obj (.text:IntUnregister)
                  20016608    00000024                 : sdhost.obj (.text:SDHostIntClear)
                  2001662c    00000024                 : uart.obj (.text:UARTCharPutNonBlocking)
                  20016650    00000024                 : uart.obj (.text:UARTEnable)
                  20016674    00000024     simplelink.a : driver.obj (.text:_SlDrvGlobalObjUnLock)
                  20016698    00000024                  : driver.obj (.text:_SlDrvProtectionObjUnLock)
                  200166bc    00000024                  : driver.obj (.text:_SlDrvSyncObjWaitForever)
                  200166e0    00000024     rtsv7M4_T_le_eabi.lib : memcmp.obj (.text)
                  20016704    00000024                           : u_tofs_t2.obj (.text)
                  20016728    00000022     driverlib.a : i2c.obj (.text:I2CMasterSlaveAddrSet)
                  2001674a    00000022                 : sdhost.obj (.text:SDHostCmdReset)
                  2001676c    00000022     simplelink.a : socket.obj (.text:SL_FD_SET)
                  2001678e    00000022     driverlib.a : spi.obj (.text:SPIReset)
                  200167b0    00000022                 : spi.obj (.text:SPIWordCountSet)
                  200167d2    00000022     simplelink.a : driver.obj (.text:_SlDrvObjLockWaitForever)
                  200167f4    00000020     driverlib.a : gpio.obj (.text:GPIOPinWrite)
                  20016814    00000020                 : interrupt.obj (.text:IntRegister)
                  20016834    00000020     simplelink.a : cc_pal.obj (.text:NwpPrePowerOffTimout0)
                  20016854    00000020     driverlib.a : prcm.obj (.text:PRCMOCRRegisterWrite)
                  20016874    00000020                 : sdhost.obj (.text:SDHostDataRead)
                  20016894    00000020     simplelink.a : cc_pal.obj (.text:TimerGetCurrentTimestamp)
                  200168b4    0000001e     driverlib.a : i2c.obj (.text:I2CMasterIntStatusEx)
                  200168d2    0000001e                 : sdhost.obj (.text:SDHostDataWrite)
                  200168f0    0000001e                 : timer.obj (.text:TimerEnable)
                  2001690e    0000001e                 : timer.obj (.text:TimerIntStatus)
                  2001692c    0000001e                 : uart.obj (.text:UARTCharPut)
                  2001694a    0000001e                 : uart.obj (.text:UARTIntRegister)
                  20016968    0000001e     simplelink.a : driver.obj (.text:_SlDrvObjUnLock)
                  20016986    0000001e                  : driver.obj (.text:_SlDrvSyncObjSignal)
                  200169a4    0000001e                  : cc_pal.obj (.text:cc_UDMAChannelSelect)
                  200169c2    0000001c     driverlib.a : pin.obj (.text:PinTypeI2C)
                  200169de    0000001c                 : timer.obj (.text:TimerValueGet)
                  200169fa    0000001c                 : uart.obj (.text:UARTCharGetNonBlocking)
                  20016a16    0000001c     simplelink.a : driver.obj (.text:_SlDrvStartMeasureTimeout)
                  20016a32    00000002     --HOLE-- [fill = 0]
                  20016a34    0000001c     driverlib.a : udma.obj (.text:uDMAChannelEnable)
                  20016a50    0000001a                 : pin.obj (.text:PinTypeSDHost)
                  20016a6a    0000001a                 : pin.obj (.text:PinTypeUART)
                  20016a84    0000001a                 : spi.obj (.text:SPIDmaDisable)
                  20016a9e    0000001a                 : spi.obj (.text:SPIDmaEnable)
                  20016ab8    0000001a                 : spi.obj (.text:SPIFIFODisable)
                  20016ad2    0000001a                 : spi.obj (.text:SPIFIFOEnable)
                  20016aec    0000001a     rtsv7M4_T_le_eabi.lib : strcat.obj (.text)
                  20016b06    00000018     driverlib.a : gpio.obj (.text:GPIOPinRead)
                  20016b1e    00000018                 : spi.obj (.text:SPICSDisable)
                  20016b36    00000018                 : spi.obj (.text:SPICSEnable)
                  20016b4e    00000018                 : spi.obj (.text:SPIDisable)
                  20016b66    00000018                 : spi.obj (.text:SPIEnable)
                  20016b7e    00000018                 : timer.obj (.text:TimerIntEnable)
                  20016b96    00000018                 : uart.obj (.text:UARTIntDisable)
                  20016bae    00000018                 : uart.obj (.text:UARTIntEnable)
                  20016bc6    00000002     --HOLE-- [fill = 0]
                  20016bc8    00000018                 : wdt.obj (.text:WatchdogUnlock)
                  20016be0    00000018     simplelink.a : device.obj (.text:_sl_GetStartResponseConvert)
                  20016bf8    00000018     rtsv7M4_T_le_eabi.lib : args_main.obj (.text)
                  20016c10    00000018                           : strcmp.obj (.text)
                  20016c28    00000016     driverlib.a : i2c.obj (.text:I2CMasterDataPut)
                  20016c3e    00000016                 : i2c.obj (.text:I2CMasterEnable)
                  20016c54    00000016                 : prcm.obj (.text:PRCMHIBRegRead)
                  20016c6a    00000016                 : prcm.obj (.text:PRCMHIBRegWrite)
                  20016c80    00000016                 : uart.obj (.text:UARTFIFODisable)
                  20016c96    00000016                 : uart.obj (.text:UARTFIFOEnable)
                  20016cac    00000016                 : wdt.obj (.text:WatchdogEnable)
                  20016cc2    00000016     simplelink.a : driver.obj (.text:_SlDrvMemZero)
                  20016cd8    00000016     rtsv7M4_T_le_eabi.lib : strchr.obj (.text)
                  20016cee    00000014     driverlib.a : cpu.obj (.text:CPUcpsie)
                  20016d02    00000002     --HOLE-- [fill = 0]
                  20016d04    00000014                 : interrupt.obj (.text:IntVTableBaseSet)
                  20016d18    00000014                 : prcm.obj (.text:PRCMHibernateEnter)
                  20016d2c    00000014     rtsv7M4_T_le_eabi.lib : strcpy.obj (.text)
                  20016d40    00000014                           : strlen.obj (.text)
                  20016d54    00000012     driverlib.a : i2c.obj (.text:I2CMasterControl)
                  20016d66    00000012                 : i2c.obj (.text:I2CMasterIntClearEx)
                  20016d78    00000012                 : i2c.obj (.text:I2CMasterTimeoutSet)
                  20016d8a    00000012                 : timer.obj (.text:TimerIntClear)
                  20016d9c    00000012                 : uart.obj (.text:UARTIntClear)
                  20016dae    00000012                 : wdt.obj (.text:WatchdogReloadSet)
                  20016dc0    00000010     simplelink.a : socket.obj (.text:SL_FD_ZERO)
                  20016dd0    00000010     driverlib.a : wdt.obj (.text:WatchdogIntClear)
                  20016de0    00000010     simplelink.a : driver.obj (.text:_SlDrvDispatchHttpServerEvents)
                  20016df0    0000000e     driverlib.a : i2c.obj (.text:I2CMasterDataGet)
                  20016dfe    0000000e     simplelink.a : driver.obj (.text:_SlDrvResetCmdExt)
                  20016e0c    0000000e     rtsv7M4_T_le_eabi.lib : copy_decompress_none.obj (.text:decompress:none)
                  20016e1a    0000000e     startup_ccs.obj (.text)
                  20016e28    0000000c     simplelink.a : cc_pal.obj (.text:NwpMaskInterrupt)
                  20016e34    0000000c                  : cc_pal.obj (.text:NwpUnMaskInterrupt)
                  20016e40    0000000c     rtsv7M4_T_le_eabi.lib : copy_zero_init.obj (.text:decompress:ZI)
                  20016e4c    0000000a     driverlib.a : interrupt.obj (.text:IntMasterEnable)
                  20016e56    00000008     rtsv7M4_T_le_eabi.lib : s_copysign.obj (.text)
                  20016e5e    00000006     driverlib.a : utils.obj (.text:UtilsDelay)
                  20016e64    00000006     hooks.obj (.text)
                  20016e6a    00000004     rtsv7M4_T_le_eabi.lib : pre_init.obj (.text)

.const     0    20016e70    00000ba8     
                  20016e70    000001a4     internet_if.obj (.const:$O18$$)
                  20017014    00000140     device_time_if.obj (.const:$O13$$)
                  20017154    00000101     rtsv7M4_T_le_eabi.lib : ctype.obj (.const:.string:_ctypes_)
                  20017255    00000003     --HOLE-- [fill = 0]
                  20017258    00000100     driverlib.a : pin.obj (.const:g_ulPinToPadMap)
                  20017358    000000fa     <whole-program> (.const:.string)
                  20017452    00000002     --HOLE-- [fill = 0]
                  20017454    000000d8     MQTTClient.obj (.const:$O2$$)
                  2001752c    000000d4     driverlib.a : interrupt.obj (.const:g_pulRegs)
                  20017600    000000a8                 : prcm.obj (.const:PRCM_PeriphRegsList)
                  200176a8    00000098     rtsv7M4_T_le_eabi.lib : strtod.obj (.const:$O29$$)
                  20017740    00000064     simplelink_if.obj (.const:$O25$$)
                  200177a4    00000004     simplelink.a : netapp.obj (.const:$P$T0$1)
                  200177a8    00000040     main.obj (.const:$O20$$)
                  200177e8    0000003c     simplelink.a : driver.obj (.const:OpcodeTranslateTable)
                  20017824    00000038                  : driver.obj (.const:_SlActionLookupTable)
                  2001785c    00000020                  : driver.obj (.const:RxMsgClassLUT)
                  2001787c    00000018     driverlib.a : interrupt.obj (.const:g_pulDisRegs)
                  20017894    00000018                 : interrupt.obj (.const:g_pulEnRegs)
                  200178ac    00000018                 : interrupt.obj (.const:g_pulUnpendRegs)
                  200178c4    00000018                 : spi.obj (.const:g_ulSPIDmaMaskMap)
                  200178dc    00000014     MQTTConnectClient.obj (.const:$O3$$)
                  200178f0    00000014     simplelink.a : driver.obj (.const:$P$T0$1)
                  20017904    00000014                  : fs.obj (.const:$P$T0$1)
                  20017918    00000012     server_if.obj (.const:.string:$P$T0$1$29)
                  2001792a    00000010     simplelink.a : socket.obj (.const:.string:_SlPayloadByProtocolLUT)
                  2001793a    00000002     --HOLE-- [fill = 0]
                  2001793c    00000010     driverlib.a : uart.obj (.const:g_ppulUARTIntMap)
                  2001794c    00000010     webclient.a : httpcli.obj (.const)
                  2001795c    0000000b     app_utils.obj (.const:.string:pcDigits)
                  20017967    00000001     --HOLE-- [fill = 0]
                  20017968    00000008     MQTTDeserializePublish.obj (.const:$O5$$)
                  20017970    00000008     MQTTSerializePublish.obj (.const:$O7$$)
                  20017978    00000008     MQTTSubscribeClient.obj (.const:$O8$$)
                  20017980    00000008     webclient.a : httpcli.obj (.const:.string)
                  20017988    00000008     simplelink.a : device.obj (.const:StartResponseLUT)
                  20017990    00000008                  : driver.obj (.const:g_H2NCnysPattern)
                  20017998    00000008                  : driver.obj (.const:g_H2NSyncPattern)
                  200179a0    00000004                  : socket.obj (.const:$P$T0$1)
                  200179a4    00000004                  : socket.obj (.const:$P$T1$2)
                  200179a8    00000004                  : socket.obj (.const:$P$T2$3)
                  200179ac    00000004                  : device.obj (.const:_SlDeviceSetCmdCtrl)
                  200179b0    00000004                  : fs.obj (.const:_SlFsCloseCmdCtrl)
                  200179b4    00000004                  : fs.obj (.const:_SlFsOpenCmdCtrl)
                  200179b8    00000004                  : fs.obj (.const:_SlFsReadCmdCtrl)
                  200179bc    00000004                  : fs.obj (.const:_SlFsWriteCmdCtrl)
                  200179c0    00000004                  : netapp.obj (.const:_SlGetHostByNameCtrl)
                  200179c4    00000004                  : netapp.obj (.const:_SlNetAppSendTokenValueCmdCtrl)
                  200179c8    00000004                  : netapp.obj (.const:_SlNetAppSetCmdCtrl)
                  200179cc    00000004                  : netapp.obj (.const:_SlNetAppStartCtrl)
                  200179d0    00000004                  : netapp.obj (.const:_SlNetAppStopCtrl)
                  200179d4    00000004                  : netcfg.obj (.const:_SlNetCfgGetCmdCtrl)
                  200179d8    00000004                  : netcfg.obj (.const:_SlNetCfgSetCmdCtrl)
                  200179dc    00000004                  : wlan.obj (.const:_SlPolicySetCmdCtrl)
                  200179e0    00000004                  : wlan.obj (.const:_SlProfileDelCmdCtrl)
                  200179e4    00000004                  : wlan.obj (.const:_SlProfileGetCmdCtrl)
                  200179e8    00000004                  : socket.obj (.const:_SlRecvCmdCtrl)
                  200179ec    00000004                  : socket.obj (.const:_SlRecvfomCmdCtrl)
                  200179f0    00000004                  : wlan.obj (.const:_SlRxFilterSetCmdCtrl)
                  200179f4    00000004                  : socket.obj (.const:_SlSelectCmdCtrl)
                  200179f8    00000004                  : socket.obj (.const:_SlSendCmdCtrl)
                  200179fc    00000004                  : socket.obj (.const:_SlSetSockOptCmdCtrl)
                  20017a00    00000004                  : socket.obj (.const:_SlSockCloseCmdCtrl)
                  20017a04    00000004                  : socket.obj (.const:_SlSockSocketCmdCtrl)
                  20017a08    00000004                  : device.obj (.const:_SlStopCmdCtrl)
                  20017a0c    00000004                  : wlan.obj (.const:_SlWlanCfgSetCmdCtrl)
                  20017a10    00000004                  : wlan.obj (.const:_SlWlanGetNetworkListCtrl)
                  20017a14    00000004                  : wlan.obj (.const:_SlWlanSetModeCmdCtrl)

.cinit     0    20017a18    00000098     
                  20017a18    0000006e     (.cinit..data.load) [load image, compression = lzss]
                  20017a86    00000002     --HOLE-- [fill = 0]
                  20017a88    0000000c     (__TI_handler_table)
                  20017a94    00000004     --HOLE-- [fill = 0]
                  20017a98    00000008     (.cinit..bss.load) [load image, compression = zero_init]
                  20017aa0    00000010     (__TI_cinit_table)

.sysmem    0    20019000    00008000     UNINITIALIZED
                  20019000    00000008     rtsv7M4_T_le_eabi.lib : memory.obj (.sysmem)
                  20019008    00007ff8     --HOLE--

.data      0    20021000    00001e6c     UNINITIALIZED
                  20021000    00000960     internet_if.obj (.data:$O17$$)
                  20021960    00000684     sd_if.obj (.data:$O22$$)
                  20021fe4    00000004     MQTTCC3200.obj (.data)
                  20021fe8    00000448     main.obj (.data:$O19$$)
                  20022430    00000430     gps_if.obj (.data:$O16$$)
                  20022860    000001fc     MQTTClient.obj (.data:$O1$$)
                  20022a5c    00000110     server_if.obj (.data:$O23$$)
                  20022b6c    000000bc     simplelink_if.obj (.data:$O24$$)
                  20022c28    000000b0     device_time_if.obj (.data:$O12$$)
                  20022cd8    00000048     webclient.a : httpcli.obj (.data:tlsParams)
                  20022d20    00000044     pms_if.obj (.data:$O21$$)
                  20022d64    00000034     gpio_if.obj (.data:$O15$$)
                  20022d98    00000034     free_rtos.a : tasks.obj (.data)
                  20022dcc    00000018     diskio.obj (.data:g_sDisk$17)
                  20022de4    00000012     main.obj (.data)
                  20022df6    00000010     webclient.a : httpcli.obj (.data)
                  20022e06    00000002     MQTTClient.obj (.data)
                  20022e08    0000000d     simplelink.a : driver.obj (.data)
                  20022e15    00000003     --HOLE--
                  20022e18    0000000c     rtsv7M4_T_le_eabi.lib : exit.obj (.data:$O1$$)
                  20022e24    0000000c                           : memory.obj (.data:$O28$$)
                  20022e30    0000000c     free_rtos.a : osi_freertos.obj (.data)
                  20022e3c    00000009     simplelink.a : cc_pal.obj (.data)
                  20022e45    00000003     --HOLE--
                  20022e48    00000008     device_status.obj (.data:$O11$$)
                  20022e50    00000008     rtsv7M4_T_le_eabi.lib : _lock.obj (.data:$O27$$)
                  20022e58    00000004     free_rtos.a : port.obj (.data)
                  20022e5c    00000004     internet_if.obj (.data)
                  20022e60    00000004     rtsv7M4_T_le_eabi.lib : errno.obj (.data)
                  20022e64    00000004                           : stkdepth_vars.obj (.data)
                  20022e68    00000004                           : strtok.obj (.data)

.bss       0    20022e6c    00000362     UNINITIALIZED
                  20022e6c    00000178     simplelink.a : driver.obj (.bss:g_StatMem)
                  20022fe4    000000c8     free_rtos.a : tasks.obj (.bss:pxReadyTasksLists)
                  200230ac    00000050     (.common:g_ucDinDout)
                  200230fc    00000050     (.common:xQueueRegistry)
                  2002314c    00000014                 : tasks.obj (.bss:xDelayedTaskList1)
                  20023160    00000014                 : tasks.obj (.bss:xDelayedTaskList2)
                  20023174    00000014                 : tasks.obj (.bss:xPendingReadyList)
                  20023188    00000014                 : tasks.obj (.bss:xSuspendedTaskList)
                  2002319c    00000014                 : tasks.obj (.bss:xTasksWaitingTermination)
                  200231b0    00000008     ff.obj (.bss:$O14$$)
                  200231b8    00000008     free_rtos.a : tasks.obj (.bss)
                  200231c0    00000004     MQTTPacket.obj (.bss)
                  200231c4    00000004     (.common:DMAMsgQ)
                  200231c8    00000004     (.common:g_cDummy)
                  200231cc    00000001     (.common:RxIrqCnt)
                  200231cd    00000001     (.common:g_bDeviceRestartIsRequired)

.stack     0    2002e000    00002000     UNINITIALIZED
                  2002e000    00002000     --HOLE--

MODULE SUMMARY

       Module                       code    ro data   rw data
       ------                       ----    -------   -------
    .\src\
       main.obj                     7636    64        1114   
       internet_if.obj              5956    420       2404   
       ff.obj                       4776    0         8      
       MQTTClient.obj               2716    216       510    
       gps_if.obj                   1268    0         1072   
       sd_if.obj                    368     0         1668   
       device_time_if.obj           888     320       176    
       startup_ccs.obj              14      1024      0      
       simplelink_if.obj            476     100       188    
       MQTTCC3200.obj               632     0         4      
       i2c_if.obj                   600     0         0      
       gpio_if.obj                  476     0         52     
       server_if.obj                212     18        272    
       pms_if.obj                   416     0         68     
       MQTTPacket.obj               476     0         4      
       diskio.obj                   452     0         24     
       device_status.obj            380     0         8      
       MQTTSerializePublish.obj     280     8         0      
       timer_if.obj                 220     0         0      
       uart_if.obj                  156     0         0      
       app_utils.obj                116     11        0      
       MQTTConnectClient.obj        60      20        0      
       MQTTDeserializePublish.obj   72      8         0      
       MQTTSubscribeClient.obj      0       8         0      
       hooks.obj                    6       0         0      
    +--+----------------------------+-------+---------+---------+
       Total:                       28652   2217      7572   
                                                             
    C:\Users\Tom\AppData\Local\Temp\
       048482                       0       250       0      
    +--+----------------------------+-------+---------+---------+
       Total:                       0       250       0      
                                                             
    C:/TI/CC3200SDK_1.3.0/cc3200-sdk/driverlib/ccs/Release/driverlib.a
       prcm.obj                     1112    168       0      
       interrupt.obj                608     284       0      
       spi.obj                      696     24        0      
       pin.obj                      388     256       0      
       udma.obj                     604     0         0      
       sdhost.obj                   594     0         0      
       uart.obj                     504     16        0      
       i2c.obj                      352     0         0      
       timer.obj                    282     0         0      
       gpio.obj                     110     0         0      
       wdt.obj                      80      0         0      
       cpu.obj                      20      0         0      
       utils.obj                    6       0         0      
    +--+----------------------------+-------+---------+---------+
       Total:                       5356    748       0      
                                                             
    C:/TI/CC3200SDK_1.3.0/cc3200-sdk/netapps/http/client/ccs/HTTPClientMinLib/webclient.a
       httpcli.obj                  4036    24        88     
       ssock.obj                    746     0         0      
    +--+----------------------------+-------+---------+---------+
       Total:                       4782    24        88     
                                                             
    C:/TI/CC3200SDK_1.3.0/cc3200-sdk/oslib/ccs/free_rtos/free_rtos.a
       tasks.obj                    4700    0         360    
       queue.obj                    2852    0         80     
       osi_freertos.obj             1116    0         12     
       list.obj                     298     0         0      
       port.obj                     272     0         4      
       portasm.obj                  186     0         0      
       heap_3.obj                   56      0         0      
    +--+----------------------------+-------+---------+---------+
       Total:                       9480    0         456    
                                                             
    C:/TI/CC3200SDK_1.3.0/cc3200-sdk/simplelink/ccs/OS/simplelink.a
       driver.obj                   7610    184       391    
       socket.obj                   3080    56        0      
       netapp.obj                   2004    24        0      
       cc_pal.obj                   1780    0         97     
       wlan.obj                     1124    28        0      
       fs.obj                       1108    36        0      
       device.obj                   1026    16        0      
       netcfg.obj                   368     8         0      
    +--+----------------------------+-------+---------+---------+
       Total:                       18100   352       488    
                                                             
    C:\TI\ccsv7\tools\compiler\ti-cgt-arm_16.9.1.LTS\lib\rtsv7M4_T_le_eabi.lib
       _printfi.obj                 4354    0         0      
       strtod.obj                   568     152       0      
       memory.obj                   704     0         12     
       ull_div_t2.obj               500     0         0      
       fd_add_t2.obj                438     0         0      
       fd_div_t2.obj                310     0         0      
       strtoul.obj                  276     0         0      
       fd_cmp_t2.obj                268     0         0      
       ctype.obj                    0       257       0      
       fd_mul_t2.obj                252     0         0      
       s_scalbn.obj                 208     0         0      
       memcpy_t2.obj                156     0         0      
       vsnprintf.obj                136     0         0      
       fs_mul_t2.obj                122     0         0      
       memset_t2.obj                122     0         0      
       strtok.obj                   116     0         4      
       autoinit.obj                 112     0         0      
       fd_tos_t2.obj                110     0         0      
       copy_decompress_lzss.obj     104     0         0      
       exit.obj                     84      0         12     
       sprintf.obj                  96      0         0      
       s_frexp.obj                  92      0         0      
       ltoa.obj                     84      0         0      
       atoi.obj                     76      0         0      
       cpy_tbl.obj                  76      0         0      
       fd_toi_t2.obj                72      0         0      
       boot.obj                     64      0         0      
       fs_tod_t2.obj                56      0         0      
       strncpy.obj                  52      0         0      
       strstr.obj                   52      0         0      
       i_tofd_t2.obj                46      0         0      
       strncmp.obj                  44      0         0      
       memcmp.obj                   36      0         0      
       u_tofs_t2.obj                36      0         0      
       strcat.obj                   26      0         0      
       args_main.obj                24      0         0      
       strcmp.obj                   24      0         0      
       strchr.obj                   22      0         0      
       strcpy.obj                   20      0         0      
       strlen.obj                   20      0         0      
       copy_decompress_none.obj     14      0         0      
       copy_zero_init.obj           12      0         0      
       _lock.obj                    2       0         8      
       s_copysign.obj               8       0         0      
       errno.obj                    0       0         4      
       pre_init.obj                 4       0         0      
       stkdepth_vars.obj            0       0         4      
       mpu_init.obj                 2       0         0      
       startup.obj                  2       0         0      
    +--+----------------------------+-------+---------+---------+
       Total:                       10002   409       44     
                                                             
       Heap:                        0       0         32768  
       Stack:                       0       0         8192   
       Linker Generated:            0       146       0      
    +--+----------------------------+-------+---------+---------+
       Grand Total:                 76372   4146      49608  


LINKER GENERATED COPY TABLES

__TI_cinit_table @ 20017aa0 records: 2, size/record: 8, table size: 16
	.data: load addr=20017a18, load size=0000006e bytes, run addr=20021000, run size=00001e6c bytes, compression=lzss
	.bss: load addr=20017a98, load size=00000008 bytes, run addr=20022e6c, run size=00000362 bytes, compression=zero_init


LINKER GENERATED HANDLER TABLE

__TI_handler_table @ 20017a88 records: 3, size/record: 4, table size: 12
	index: 0, handler: __TI_decompress_lzss
	index: 1, handler: __TI_decompress_none
	index: 2, handler: __TI_zero_init


GLOBAL SYMBOLS: SORTED ALPHABETICALLY BY Name 

address   name                               
-------   ----                               
20013281  AIR_ConnectAIRUServer              
20022aa0  AirHTTPClient                      
20015811  C$$EXIT                            
20016cef  CPUcpsie                           
20010e49  ConnectionTest                     
200231c4  DMAMsgQ                            
2001639d  DmaSpiSwIntHandler                 
200161a1  GPIODirModeSet                     
20016b07  GPIOPinRead                        
200167f5  GPIOPinWrite                       
2000fbad  GPIO_IF_Get                        
2000fd23  GPIO_IF_GetPortNPin                
2000fcf9  GPIO_IF_LedBlink                   
2000fd41  GPIO_IF_LedConfigure               
2000fc45  GPIO_IF_LedOff                     
2000fbd9  GPIO_IF_LedOn                      
2000fcb1  GPIO_IF_LedToggle                  
2000fbc3  GPIO_IF_Set                        
2000da95  GPS_DMm2Dd                         
2000da35  GPS_SendCommand                    
2000da7d  GPS_SetPOSIXFromRTC                
2000b84b  HTTPCli_connect                    
2000b96d  HTTPCli_construct                  
2000b9b5  HTTPCli_create                     
2000b9cd  HTTPCli_delete                     
2000ba03  HTTPCli_destruct                   
2000ba4b  HTTPCli_disconnect                 
2000bc81  HTTPCli_getResponseField           
2000bc4b  HTTPCli_getResponseStatus          
2000b73d  HTTPCli_initSockAddr               
2000be91  HTTPCli_readRawResponseBody        
2000be05  HTTPCli_readResponseBody           
2000bbbb  HTTPCli_sendField                  
2000baed  HTTPCli_sendRequest                
2000bc13  HTTPCli_sendRequestBody            
2000bed1  HTTPCli_setProxy                   
2000ba81  HTTPCli_setRequestFields           
2000baa7  HTTPCli_setResponseFields          
2000bacd  HTTPCli_setSecureParams            
20006807  HTTP_FlushHTTPResponse             
200068e5  HTTP_GETDownloadFile               
20016d55  I2CMasterControl                   
20016df1  I2CMasterDataGet                   
20016c29  I2CMasterDataPut                   
20016c3f  I2CMasterEnable                    
200163c9  I2CMasterErr                       
20014aa9  I2CMasterInitExpClk                
20016d67  I2CMasterIntClearEx                
200168b5  I2CMasterIntStatusEx               
20016729  I2CMasterSlaveAddrSet              
20016d79  I2CMasterTimeoutSet                
2000ef55  I2C_IF_Close                       
2000ef21  I2C_IF_Open                        
2000f12f  I2C_IF_Read                        
2000f0d7  I2C_IF_Write                       
2000ed09  InitTimer                          
2001389d  IntDisable                         
20013945  IntEnable                          
20016e4d  IntMasterEnable                    
20015609  IntPendClear                       
20015769  IntPrioritySet                     
20016815  IntRegister                        
200165e5  IntUnregister                      
20016d05  IntVTableBaseSet                   
20011425  LOG                                
2000ce7d  MQTTClient                         
2000ceb5  MQTTConnect                        
20015b21  MQTTDeserialize_ack                
2000d125  MQTTInitialize                     
2000fa31  MQTTPacket_decode                  
2000fa6d  MQTTPacket_decodeBuf               
2000f9ef  MQTTPacket_encode                  
2000faf5  MQTTPacket_len                     
2000cd95  MQTTPublish                        
2001230d  MQTTSerialize_ack                  
20012387  MQTTSerialize_publish              
2001235f  MQTTSerialize_publishLength        
20015f59  MQTTSerialize_zero                 
2000d257  MQTTSubscribe                      
2000d3a1  MQTTSubscribeAll                   
2000fb17  MQTTstrlen                         
20013db5  Message                            
20022860  MsgOutline                         
200066ab  Net_ConnectionTest                 
200061db  Net_Status                         
2000ca6b  NewMessageData                     
2000edfb  NewNetwork                         
20016e29  NwpMaskInterrupt                   
200160c1  NwpPowerOff                        
200163f5  NwpPowerOn                         
20016835  NwpPrePowerOffTimout0              
20016599  NwpRegisterInterruptHandler        
20016e35  NwpUnMaskInterrupt                 
200177e8  OpcodeTranslateTable               
20010679  PMS_Enable                         
20010fc5  PRCMCC3200MCUInit                  
20016c55  PRCMHIBRegRead                     
20016c6b  PRCMHIBRegWrite                    
20016d19  PRCMHibernateEnter                 
20014805  PRCMHibernateIntervalSet           
20015b69  PRCMHibernateWakeupSourceEnable    
20016855  PRCMOCRRegisterWrite               
200164f9  PRCMPeripheralClkDisable           
20015f95  PRCMPeripheralClkEnable            
200141e5  PRCMPeripheralClockGet             
20015661  PRCMPeripheralReset                
200161d9  PRCMPeripheralStatusGet            
20016421  PRCMSysResetCauseGet               
2001488d  PinConfigSet                       
20015fd1  PinDirModeSet                      
20015ddd  PinModeSet                         
200162dd  PinTypeGPIO                        
200169c3  PinTypeI2C                         
20016a51  PinTypeSDHost                      
20016a6b  PinTypeUART                        
20006af9  RebootMCU                          
20013dcd  Report                             
20016e1b  ResetISR                           
200231cc  RxIrqCnt                           
200165bf  SDHostBlockCountSet                
20016521  SDHostBlockSizeSet                 
2001674b  SDHostCmdReset                     
20015edd  SDHostCmdSend                      
20016875  SDHostDataRead                     
200168d3  SDHostDataWrite                    
20014d31  SDHostInit                         
20016609  SDHostIntClear                     
2001644d  SDHostIntStatus                    
2001620d  SDHostRespGet                      
20015299  SDHostSetExpClk                    
UNDEFED   SHT$$INIT_ARRAY$$Base              
UNDEFED   SHT$$INIT_ARRAY$$Limit             
2001676d  SL_FD_SET                          
20016dc1  SL_FD_ZERO                         
20016b1f  SPICSDisable                       
20016b37  SPICSEnable                        
20013b39  SPIConfigSetExpClk                 
20016b4f  SPIDisable                         
20016a85  SPIDmaDisable                      
20016a9f  SPIDmaEnable                       
20016b67  SPIEnable                          
20016ab9  SPIFIFODisable                     
20016ad3  SPIFIFOEnable                      
20016241  SPIFIFOLevelSet                    
20015bb1  SPIIntClear                        
20015959  SPIIntEnable                       
2001678f  SPIReset                           
200167b1  SPIWordCountSet                    
2000779b  SimpleLinkGeneralEventHandler      
200075f5  SimpleLinkHttpServerCallback       
200072c7  SimpleLinkNetAppEventHandler       
20010ecd  SimpleLinkPingReport               
200070f1  SimpleLinkSockEventHandler         
20006d35  SimpleLinkWlanEventHandler         
2000e715  Ssock_construct                    
2000e755  Ssock_create                       
2000e76f  Ssock_delete                       
2000e797  Ssock_destruct                     
2000e7e9  Ssock_getSocket                    
2000e7f7  Ssock_recv                         
2000e851  Ssock_recvall                      
2000e895  Ssock_send                         
2000e9af  Ssock_startSecure                  
2000e5e9  TIME_BestTimeSource                
2000e38b  TIME_Exists                        
2000e5f9  TIME_GetDateFromSource             
2000e3e3  TIME_GetPosix                      
2000e3d5  TIME_GetSecondsActive              
2000e657  TIME_TimerIntHandler               
2000e5bf  TIME_UpdateSystemTimeFromPOSIX     
2000e385  TIME_millis                        
2000e4e3  TIME_posix2lt                      
2000ee0d  TLSConnectNetwork                  
20015ccd  TimerConfigure                     
200168f1  TimerEnable                        
20016895  TimerGetCurrentTimestamp           
20016d8b  TimerIntClear                      
20016b7f  TimerIntEnable                     
2001690f  TimerIntStatus                     
200164a5  TimerLoadSet                       
200164cf  TimerPrescaleSet                   
200169df  TimerValueGet                      
200130e1  Timer_IF_Init                      
20013153  Timer_IF_IntSetup                  
200130cd  Timer_IF_InterruptClear            
20013185  Timer_IF_Start                     
200169fb  UARTCharGetNonBlocking             
2001692d  UARTCharPut                        
2001662d  UARTCharPutNonBlocking             
20014f19  UARTConfigSetExpClk                
2001630d  UARTDisable                        
20016651  UARTEnable                         
20016c81  UARTFIFODisable                    
20016c97  UARTFIFOEnable                     
20016d9d  UARTIntClear                       
20016b97  UARTIntDisable                     
20016baf  UARTIntEnable                      
2001694b  UARTIntRegister                    
20016e5f  UtilsDelay                         
2000e1f1  VDeleteSimpleLinkSpawnTask         
2000e1a1  VStartSimpleLinkSpawnTask          
20016cad  WatchdogEnable                     
20016dd1  WatchdogIntClear                   
20016daf  WatchdogReloadSet                  
20016bc9  WatchdogUnlock                     
20006379  Wlan_ConfigureMode                 
200063b9  Wlan_Connect                       
20017824  _SlActionLookupTable               
20013bd9  _SlDriverHandleError               
20015bf9  _SlDrvBasicCmd                     
200135b5  _SlDrvCmdOp                        
20015159  _SlDrvCmdSend                      
2000f7f1  _SlDrvDataReadOp                   
200116e5  _SlDrvDataWriteOp                  
20013e51  _SlDrvDeviceEventHandler           
20016de1  _SlDrvDispatchHttpServerEvents     
200120c9  _SlDrvDriverCBDeinit               
2001099d  _SlDrvDriverCBInit                 
20016675  _SlDrvGlobalObjUnLock              
200145d5  _SlDrvIsTimeoutExpired             
20016cc3  _SlDrvMemZero                      
20012e2d  _SlDrvMsgReadSpawnCtx              
20012879  _SlDrvNetAppEventHandler           
200167d3  _SlDrvObjLockWaitForever           
20016969  _SlDrvObjUnLock                    
200159a5  _SlDrvProtectAsyncRespSetting      
20016571  _SlDrvProtectionObjLockWaitForever 
20016699  _SlDrvProtectionObjUnLock          
2000ff65  _SlDrvReleasePoolObj               
20016dff  _SlDrvResetCmdExt                  
200158b9  _SlDrvRxIrqHandler                 
20016a17  _SlDrvStartMeasureTimeout          
20016987  _SlDrvSyncObjSignal                
200166bd  _SlDrvSyncObjWaitForever           
20015e1d  _SlDrvSyncObjWaitTimeout           
20010b2d  _SlDrvWaitForPoolObj               
200179c4  _SlNetAppSendTokenValueCmdCtrl     
20030000  __STACK_END                        
00002000  __STACK_SIZE                       
00008000  __SYSMEM_SIZE                      
20017aa0  __TI_CINIT_Base                    
20017ab0  __TI_CINIT_Limit                   
20017a88  __TI_Handler_Table_Base            
20017a94  __TI_Handler_Table_Limit           
20015079  __TI_auto_init                     
20022e18  __TI_cleanup_ptr                   
20015231  __TI_decompress_lzss               
20016e0d  __TI_decompress_none               
20022e1c  __TI_dtors_ptr                     
20022e20  __TI_enable_exit_profile_output    
ffffffff  __TI_pprof_out_hndl                
2000a645  __TI_printfi                       
ffffffff  __TI_prof_data_size                
ffffffff  __TI_prof_data_start               
20017a18  __TI_static_base__                 
20016e41  __TI_zero_init                     
2001499d  __aeabi_cdcmpeq                    
2001499d  __aeabi_cdcmple                    
20014a23  __aeabi_cdrcmple                   
200150e9  __aeabi_d2f                        
20015c41  __aeabi_d2iz                       
20010303  __aeabi_dadd                       
20011d31  __aeabi_ddiv                       
2001297d  __aeabi_dmul                       
200102f9  __aeabi_dsub                       
20016131  __aeabi_f2d                        
20014dad  __aeabi_fmul                       
2001636d  __aeabi_i2d                        
20014e27  __aeabi_memclr                     
20014e27  __aeabi_memclr4                    
20014e27  __aeabi_memclr8                    
20013d19  __aeabi_memcpy                     
20013d19  __aeabi_memcpy4                    
20013d19  __aeabi_memcpy8                    
20014e29  __aeabi_memset                     
20014e29  __aeabi_memset4                    
20014e29  __aeabi_memset8                    
20016705  __aeabi_ui2f                       
2000f5fd  __aeabi_uldivmod                   
ffffffff  __binit__                          
ffffffff  __c_args__                         
200104af  __mpu_init                         
2002e000  __stack                            
20016bf9  _args_main                         
20015e9d  _c_int00                           
20017154  _ctypes_                           
20022e50  _lock                              
2000e9e7  _nop                               
20014279  _sl_GetCreateFsMode                
20015301  _sl_HandleAsync_Accept             
20014bb1  _sl_HandleAsync_Connect            
2001430d  _sl_HandleAsync_DnsGetHostByName   
20013425  _sl_HandleAsync_DnsGetHostByService
20014661  _sl_HandleAsync_InitComplete       
2001439d  _sl_HandleAsync_PingResponse       
200157bd  _sl_HandleAsync_Select             
20015909  _sl_HandleAsync_Stop               
200151c5  _sl_NetAppSendTokenValue           
20019000  _sys_memory                        
20011e67  _system_post_cinit                 
20016e6b  _system_pre_init                   
20022e54  _unlock                            
20015815  abort                              
20015a3d  atoi                               
20022df5  bInitialConnectionFinished         
ffffffff  binit                              
20021968  btw_header                         
2000f9d1  bufchar                            
2000af67  bufferedRecv                       
2000eca9  cc3200_disconnect                  
2000ed37  cc3200_read                        
2000ecb1  cc3200_write                       
20008027  clust2sect                         
20015a89  copy_in                            
20016e57  copysign                           
20016e57  copysignl                          
2000ede7  countdown                          
2000ed13  countdown_ms                       
2000fd89  cpyUniqueID                        
2000ca75  cycle                              
20022070  dataPoint                          
2002223a  dbg_payload                        
20010245  disk_read                          
20010135  disk_status                        
20010181  disk_write                         
20008e51  eTaskGetState                      
20022e60  errno                              
2001581d  exit                               
2000ed21  expired                            
200088f9  f_append                           
2000885b  f_close                            
20007ef5  f_mount                            
20008639  f_open                             
20008a45  f_write                            
20022a60  firmware_binary                    
2002196c  fp                                 
20021b90  fp_log                             
2000ea53  free                               
200155ad  frexp                              
200155ad  frexpl                             
20021db4  fs                                 
20022cac  g_SlDateTime                       
20022e08  g_SlDeviceStatus                   
20022e3c  g_SpiFd                            
20022c2a  g_SundayIndex                      
2001702d  g_acDaysOfWeek2017                 
20017014  g_acNumOfDaysPerMonth              
20022c2c  g_acSNTPserver                     
20017061  g_acSNTPserverList                 
200231cd  g_bDeviceRestartIsRequired         
200231c8  g_cDummy                           
2002201a  g_cUniqueID                        
20022df0  g_lResetCause                      
20021001  g_numEntries                       
20022e0c  g_pCB                              
20022038  g_pDatetime                        
20022e40  g_pHostIntHdl                      
20004000  g_pfnVectors                       
20022c88  g_sGPSTimeInfo                     
20022438  g_sGPS_data                        
20022d34  g_sPMData                          
20022c29  g_sSNTPDataInUse                   
20022c54  g_sSNTPDateTime                    
20022c64  g_sTimeInfo                        
20022d3c  g_spmdata                          
20021014  g_ucConnectionBSSID                
20022ded  g_ucConnectionReset                
2002101a  g_ucConnectionSSID                 
20022e44  g_ucDMAEnabled                     
200230ac  g_ucDinDout                        
20022478  g_ucGPSRingBuf                     
20022d67  g_ucJ9Pin                          
20022d64  g_ucLED1Pin                        
20022d65  g_ucLED2Pin                        
20022d66  g_ucLED3Pin                        
20022df4  g_ucMode                           
20022a5c  g_ucOTABinFN                       
20022d20  g_ucPMRSTPin                       
20022dec  g_ucRequestPingTest                
20022c28  g_ucSNTPServerListIndex            
20022d74  g_uiJ9Port                         
20022d68  g_uiLED1Port                       
20022d6c  g_uiLED2Port                       
20022d70  g_uiLED3Port                       
20022d2c  g_uiPMRSTPort                      
20022e4c  g_uiPingDone                       
20022e48  g_uiPingPacketsRecv                
20022864  g_uiSubscribedTopics               
20022de4  g_ulErrorCodes                     
20021010  g_ulGatewayIP                      
2002100c  g_ulStaIp                          
20022e5c  g_ulStatus                         
20022de8  g_ulTaskStatus                     
200066a5  getLastConnectionError             
2000ca13  getMQTTPubFlag                     
2000cd51  getNextPacketId                    
200061d5  getStatus                          
20007f53  get_fat                            
200102cd  get_fattime                        
20021964  header                             
20014f91  itoa                               
20013355  ldexp                              
20013355  ldexpl                             
2000edd1  left_ms                            
20015865  ltoa                               
20005c75  main                               
20022e64  main_func_sp                       
2000ec2d  malloc                             
2000e2f5  mem_Free                           
2000e2e9  mem_Malloc                         
2000e315  mem_copy                           
2000e301  mem_set                            
200166e1  memcmp                             
20013d19  memcpy                             
20014e2f  memset                             
200053e9  messageArrived                     
2000edbf  milliInterrupt                     
2000ec0b  minit                              
20022028  n                                  
2002103b  netEntries                         
2000e36b  osi_ContextRestore                 
2000e369  osi_ContextSave                    
2000e329  osi_EnterCritical                  
2000e333  osi_ExitCritical                   
2000df4f  osi_InterruptDeRegister            
2000df29  osi_InterruptRegister              
2000e059  osi_LockObjCreate                  
2000e0cd  osi_LockObjDelete                  
2000e0dd  osi_LockObjLock                    
2000e109  osi_LockObjUnlock                  
2000e21d  osi_MsgQCreate                     
2000e261  osi_MsgQDelete                     
2000e2ad  osi_MsgQRead                       
2000e27b  osi_MsgQWrite                      
2000e345  osi_Sleep                          
2000e133  osi_Spawn                          
2000e037  osi_SyncObjClear                   
2000df61  osi_SyncObjCreate                  
2000df91  osi_SyncObjDelete                  
2000dfab  osi_SyncObjSignal                  
2000dfd3  osi_SyncObjSignalFromISR           
2000e00b  osi_SyncObjWait                    
2000e07f  osi_TaskCreate                     
2000e0bf  osi_TaskDelete                     
2000e355  osi_TaskDisable                    
2000e35f  osi_TaskEnable                     
2000e33d  osi_start                          
20022e10  pPingCallBackFunc                  
2002266c  packet                             
20014fe5  parseHex                           
20022140  payload                            
2001795c  pcDigits                           
20009375  pcTaskGetTaskName                  
20013729  portCLZ                            
20013711  prvPortStartFirstTask              
200080bd  put_fat                            
200160f9  pvPortMalloc                       
20022d98  pxCurrentTCB                       
20012769  pxPortInitialiseStack              
20022962  readBuf                            
2000fa25  readChar                           
2000fa77  readInt                            
2000fac1  readMQTTLenString                  
2000eb0d  realloc                            
20021960  res                                
2000ce6f  resetMQTTPubFlag                   
20022c34  sAddr                              
20022c44  sLocalAddr                         
20013355  scalbn                             
20013355  scalbnl                            
2000ca19  sendPacket                         
2000fde5  setAPDomainName                    
2000fdbd  setDeviceName                      
2000ca09  setMQTTPubFlag                     
200061f7  setSLStatus                        
2000fd8f  setSSIDName                        
2001600d  simplelink_timerA2_start           
20013731  sl_Bind                            
2001548d  sl_Close                           
20010cbd  sl_Connect                         
20013eed  sl_DevSet                          
200137e9  sl_FsClose                         
20013a95  sl_FsOpen                          
200121ed  sl_FsRead                          
20012425  sl_FsWrite                         
2000fe65  sl_GetProfileIndex                 
20015d99  sl_Htonl                           
20016049  sl_Htons                           
20011831  sl_NetAppDnsGetHostByName          
200104b1  sl_NetAppPingStart                 
20013f85  sl_NetAppSet                       
200156b9  sl_NetAppStart                     
20015711  sl_NetAppStop                      
200131a9  sl_NetCfgGet                       
2001401d  sl_NetCfgSet                       
2000fe0d  sl_ProfilesExist                   
20013c79  sl_Recv                            
20011bf5  sl_RecvFrom                        
2001113d  sl_Select                          
20011e69  sl_Send                            
20011975  sl_SendTo                          
200140b5  sl_SetSockOpt                      
200146ed  sl_Socket                          
20012c59  sl_Start                           
20012a79  sl_Stop                            
20016169  sl_WlanDisconnect                  
200139ed  sl_WlanGetNetworkList              
2001442d  sl_WlanPolicySet                   
200154ed  sl_WlanProfileDel                  
2001253d  sl_WlanProfileGet                  
20014b2d  sl_WlanRxFilterSet                 
2001414d  sl_WlanSet                         
2001554d  sl_WlanSetMode                     
20014ea1  spi_Close                          
20011595  spi_Open                           
20012ff1  spi_Read                           
20014779  spi_Write                          
2001544f  sprintf                            
20016aed  strcat                             
20016cd9  strchr                             
20016c11  strcmp                             
20016d2d  strcpy                             
20016d41  strlen                             
20016479  strncmp                            
20016275  strncpy                            
200162a9  strstr                             
2000f3c5  strtod                             
20015005  strtok                             
2000f3c5  strtold                            
20012655  strtoul                            
20015ad5  uDMAChannelAssign                  
20015365  uDMAChannelAttributeDisable        
200153c9  uDMAChannelAttributeEnable         
20016085  uDMAChannelControlSet              
20016a35  uDMAChannelEnable                  
20012b69  uDMAChannelTransferSet             
2000c665  ucQueueGetQueueType                
20013679  ulPortSetInterruptMask             
2001207f  uxListRemove                       
2000c645  uxQueueGetQueueNumber              
2000c5d9  uxQueueMessagesWaiting             
2000c60f  uxQueueMessagesWaitingFromISR      
2000c5ef  uxQueueSpacesAvailable             
20009369  uxTaskGetNumberOfTasks             
20009399  uxTaskGetSystemState               
2000988d  uxTaskGetTaskNumber                
20008ee5  uxTaskPriorityGet                  
20009de5  uxTaskResetEventItemValue          
20016e69  vApplicationIdleHook               
20016e67  vApplicationMallocFailedHook       
20016e65  vApplicationStackOverflowHook      
20011f9d  vListInitialise                    
20011fcd  vListInitialiseItem                
20012019  vListInsert                        
20011fdd  vListInsertEnd                     
2001368f  vPortClearInterruptMask            
200127e5  vPortEndScheduler                  
200127f9  vPortEnterCritical                 
20012811  vPortExitCritical                  
20016119  vPortFree                          
200136e9  vPortSVCHandler                    
20012845  vPortSetupTimerInterrupt           
200127e7  vPortYield                         
2000c87f  vQueueAddToRegistry                
2000c621  vQueueDelete                       
2000c653  vQueueSetQueueNumber               
2000c8c1  vQueueUnregisterQueue              
20004401  vSyncTime_GPS                      
20004581  vSyncTime_NTP                      
20008dfb  vTaskDelay                         
20008d5f  vTaskDelayUntil                    
20008ccf  vTaskDelete                        
2000924d  vTaskEndScheduler                  
2000987f  vTaskMissedYield                   
20009615  vTaskPlaceOnEventList              
20009679  vTaskPlaceOnUnorderedEventList     
20009d5b  vTaskPriorityDisinherit            
20009ca1  vTaskPriorityInherit               
20008f1d  vTaskPrioritySet                   
20009115  vTaskResume                        
200098ad  vTaskSetTaskNumber                 
200097df  vTaskSetTimeOutState               
20009203  vTaskStartScheduler                
20009021  vTaskSuspend                       
2000925f  vTaskSuspendAll                    
20009595  vTaskSwitchContext                 
2001495d  vsnprintf                          
2000cd69  waitfor                            
20022868  writeBuf                           
2000fb39  writeCString                       
2000fa89  writeChar                          
2000fa95  writeInt                           
2000fb61  writeMQTTString                    
20022e30  xHigherPriorityTaskWoken           
2001369d  xPortPendSVHandler                 
200127b9  xPortStartScheduler                
20012829  xPortSysTickHandler                
2000c90f  xQueueAddToSet                     
2000c241  xQueueAltGenericReceive            
2000c195  xQueueAltGenericSend               
2000c069  xQueueCreateCountingSemaphore      
2000bfeb  xQueueCreateMutex                  
2000c8fb  xQueueCreateSet                    
2000bf75  xQueueGenericCreate                
2000c3db  xQueueGenericReceive               
2000bee5  xQueueGenericReset                 
2000c089  xQueueGenericSend                  
2000c33f  xQueueGenericSendFromISR           
2000c81b  xQueueIsQueueEmptyFromISR          
2000c85d  xQueueIsQueueFullFromISR           
2000c595  xQueuePeekFromISR                  
2000c51d  xQueueReceiveFromISR               
200230fc  xQueueRegistry                     
2000c943  xQueueRemoveFromSet                
2000c985  xQueueSelectFromSet                
2000c99f  xQueueSelectFromSetFromISR         
20022e34  xSimpleLinkSpawnQueue              
20022e38  xSimpleLinkSpawnTaskHndl           
20009805  xTaskCheckForTimeOut               
20008bc1  xTaskGenericCreate                 
20009c55  xTaskGetCurrentTaskHandle          
20009457  xTaskGetIdleTaskHandle             
20009c69  xTaskGetSchedulerState             
2000933d  xTaskGetTickCount                  
20009351  xTaskGetTickCountFromISR           
20009471  xTaskIncrementTick                 
200096ed  xTaskRemoveFromEventList           
20009771  xTaskRemoveFromUnorderedEventList  
20009271  xTaskResumeAll                     
20009189  xTaskResumeFromISR                 


GLOBAL SYMBOLS: SORTED BY Symbol Address 

address   name                               
-------   ----                               
00002000  __STACK_SIZE                       
00008000  __SYSMEM_SIZE                      
20004000  g_pfnVectors                       
20004401  vSyncTime_GPS                      
20004581  vSyncTime_NTP                      
200053e9  messageArrived                     
20005c75  main                               
200061d5  getStatus                          
200061db  Net_Status                         
200061f7  setSLStatus                        
20006379  Wlan_ConfigureMode                 
200063b9  Wlan_Connect                       
200066a5  getLastConnectionError             
200066ab  Net_ConnectionTest                 
20006807  HTTP_FlushHTTPResponse             
200068e5  HTTP_GETDownloadFile               
20006af9  RebootMCU                          
20006d35  SimpleLinkWlanEventHandler         
200070f1  SimpleLinkSockEventHandler         
200072c7  SimpleLinkNetAppEventHandler       
200075f5  SimpleLinkHttpServerCallback       
2000779b  SimpleLinkGeneralEventHandler      
20007ef5  f_mount                            
[...]
2000f9d1  bufchar                            
2000f9ef  MQTTPacket_encode                  
2000fa25  readChar                           
2000fa31  MQTTPacket_decode                  
2000fa6d  MQTTPacket_decodeBuf               
2000fa77  readInt                            
2000fa89  writeChar                          
2000fa95  writeInt                           
2000fac1  readMQTTLenString                  
2000faf5  MQTTPacket_len                     
2000fb17  MQTTstrlen                         
2000fb39  writeCString                       
2000fb61  writeMQTTString                    
2000fbad  GPIO_IF_Get                        
2000fbc3  GPIO_IF_Set                        
2000fbd9  GPIO_IF_LedOn                      
2000fc45  GPIO_IF_LedOff                     
2000fcb1  GPIO_IF_LedToggle                  
2000fcf9  GPIO_IF_LedBlink                   
2000fd23  GPIO_IF_GetPortNPin                
2000fd41  GPIO_IF_LedConfigure               
2000fd89  cpyUniqueID                        
2000fd8f  setSSIDName                        
2000fdbd  setDeviceName                      
2000fde5  setAPDomainName                    
2000fe0d  sl_ProfilesExist                   
2000fe65  sl_GetProfileIndex                 
2000ff65  _SlDrvReleasePoolObj               
20010135  disk_status                        
20010181  disk_write                         
20010245  disk_read                          
200102cd  get_fattime                        
200102f9  __aeabi_dsub                       
20010303  __aeabi_dadd                       
200104af  __mpu_init                         
200104b1  sl_NetAppPingStart                 
20010679  PMS_Enable                         
2001099d  _SlDrvDriverCBInit                 
20010b2d  _SlDrvWaitForPoolObj               
20010cbd  sl_Connect                         
20010e49  ConnectionTest                     
20010ecd  SimpleLinkPingReport               
20010fc5  PRCMCC3200MCUInit                  
2001113d  sl_Select                          
20011425  LOG                                
20011595  spi_Open                           
200116e5  _SlDrvDataWriteOp                  
20011831  sl_NetAppDnsGetHostByName          
20011975  sl_SendTo                          
20011bf5  sl_RecvFrom                        
20011d31  __aeabi_ddiv                       
20011e67  _system_post_cinit                 
20011e69  sl_Send                            
20011f9d  vListInitialise                    
20011fcd  vListInitialiseItem                
20011fdd  vListInsertEnd                     
20012019  vListInsert                        
2001207f  uxListRemove                       
200120c9  _SlDrvDriverCBDeinit               
200121ed  sl_FsRead                          
2001230d  MQTTSerialize_ack                  
2001235f  MQTTSerialize_publishLength        
20012387  MQTTSerialize_publish              
20012425  sl_FsWrite                         
2001253d  sl_WlanProfileGet                  
20012655  strtoul                            
20012769  pxPortInitialiseStack              
200127b9  xPortStartScheduler                
200127e5  vPortEndScheduler                  
200127e7  vPortYield                         
200127f9  vPortEnterCritical                 
20012811  vPortExitCritical                  
20012829  xPortSysTickHandler                
20012845  vPortSetupTimerInterrupt           
20012879  _SlDrvNetAppEventHandler           
2001297d  __aeabi_dmul                       
20012a79  sl_Stop                            
20012b69  uDMAChannelTransferSet             
20012c59  sl_Start                           
20012e2d  _SlDrvMsgReadSpawnCtx              
20012ff1  spi_Read                           
200130cd  Timer_IF_InterruptClear            
200130e1  Timer_IF_Init                      
20013153  Timer_IF_IntSetup                  
20013185  Timer_IF_Start                     
200131a9  sl_NetCfgGet                       
20013281  AIR_ConnectAIRUServer              
20013355  ldexp                              
20013355  ldexpl                             
20013355  scalbn                             
20013355  scalbnl                            
20013425  _sl_HandleAsync_DnsGetHostByService
200135b5  _SlDrvCmdOp                        
20013679  ulPortSetInterruptMask             
2001368f  vPortClearInterruptMask            
2001369d  xPortPendSVHandler                 
200136e9  vPortSVCHandler                    
20013711  prvPortStartFirstTask              
20013729  portCLZ                            
20013731  sl_Bind                            
200137e9  sl_FsClose                         
2001389d  IntDisable                         
20013945  IntEnable                          
200139ed  sl_WlanGetNetworkList              
20013a95  sl_FsOpen                          
20013b39  SPIConfigSetExpClk                 
20013bd9  _SlDriverHandleError               
20013c79  sl_Recv                            
20013d19  __aeabi_memcpy                     
20013d19  __aeabi_memcpy4                    
20013d19  __aeabi_memcpy8                    
20013d19  memcpy                             
20013db5  Message                            
20013dcd  Report                             
20013e51  _SlDrvDeviceEventHandler           
20013eed  sl_DevSet                          
20013f85  sl_NetAppSet                       
2001401d  sl_NetCfgSet                       
200140b5  sl_SetSockOpt                      
2001414d  sl_WlanSet                         
200141e5  PRCMPeripheralClockGet             
20014279  _sl_GetCreateFsMode                
2001430d  _sl_HandleAsync_DnsGetHostByName   
2001439d  _sl_HandleAsync_PingResponse       
2001442d  sl_WlanPolicySet                   
200145d5  _SlDrvIsTimeoutExpired             
20014661  _sl_HandleAsync_InitComplete       
200146ed  sl_Socket                          
20014779  spi_Write                          
20014805  PRCMHibernateIntervalSet           
2001488d  PinConfigSet                       
2001495d  vsnprintf                          
2001499d  __aeabi_cdcmpeq                    
2001499d  __aeabi_cdcmple                    
20014a23  __aeabi_cdrcmple                   
20014aa9  I2CMasterInitExpClk                
20014b2d  sl_WlanRxFilterSet                 
20014bb1  _sl_HandleAsync_Connect            
20014d31  SDHostInit                         
20014dad  __aeabi_fmul                       
20014e27  __aeabi_memclr                     
20014e27  __aeabi_memclr4                    
20014e27  __aeabi_memclr8                    
20014e29  __aeabi_memset                     
20014e29  __aeabi_memset4                    
20014e29  __aeabi_memset8                    
20014e2f  memset                             
20014ea1  spi_Close                          
20014f19  UARTConfigSetExpClk                
20014f91  itoa                               
20014fe5  parseHex                           
20015005  strtok                             
20015079  __TI_auto_init                     
200150e9  __aeabi_d2f                        
20015159  _SlDrvCmdSend                      
200151c5  _sl_NetAppSendTokenValue           
20015231  __TI_decompress_lzss               
20015299  SDHostSetExpClk                    
20015301  _sl_HandleAsync_Accept             
20015365  uDMAChannelAttributeDisable        
200153c9  uDMAChannelAttributeEnable         
2001544f  sprintf                            
2001548d  sl_Close                           
200154ed  sl_WlanProfileDel                  
2001554d  sl_WlanSetMode                     
200155ad  frexp                              
200155ad  frexpl                             
20015609  IntPendClear                       
20015661  PRCMPeripheralReset                
200156b9  sl_NetAppStart                     
20015711  sl_NetAppStop                      
20015769  IntPrioritySet                     
200157bd  _sl_HandleAsync_Select             
20015811  C$$EXIT                            
20015815  abort                              
2001581d  exit                               
20015865  ltoa                               
200158b9  _SlDrvRxIrqHandler                 
20015909  _sl_HandleAsync_Stop               
20015959  SPIIntEnable                       
200159a5  _SlDrvProtectAsyncRespSetting      
20015a3d  atoi                               
20015a89  copy_in                            
20015ad5  uDMAChannelAssign                  
20015b21  MQTTDeserialize_ack                
20015b69  PRCMHibernateWakeupSourceEnable    
20015bb1  SPIIntClear                        
20015bf9  _SlDrvBasicCmd                     
20015c41  __aeabi_d2iz                       
20015ccd  TimerConfigure                     
20015d99  sl_Htonl                           
20015ddd  PinModeSet                         
20015e1d  _SlDrvSyncObjWaitTimeout           
20015e9d  _c_int00                           
20015edd  SDHostCmdSend                      
20015f59  MQTTSerialize_zero                 
20015f95  PRCMPeripheralClkEnable            
20015fd1  PinDirModeSet                      
2001600d  simplelink_timerA2_start           
20016049  sl_Htons                           
20016085  uDMAChannelControlSet              
200160c1  NwpPowerOff                        
200160f9  pvPortMalloc                       
20016119  vPortFree                          
20016131  __aeabi_f2d                        
20016169  sl_WlanDisconnect                  
200161a1  GPIODirModeSet                     
200161d9  PRCMPeripheralStatusGet            
2001620d  SDHostRespGet                      
20016241  SPIFIFOLevelSet                    
20016275  strncpy                            
200162a9  strstr                             
200162dd  PinTypeGPIO                        
2001630d  UARTDisable                        
2001636d  __aeabi_i2d                        
2001639d  DmaSpiSwIntHandler                 
200163c9  I2CMasterErr                       
200163f5  NwpPowerOn                         
20016421  PRCMSysResetCauseGet               
2001644d  SDHostIntStatus                    
20016479  strncmp                            
200164a5  TimerLoadSet                       
200164cf  TimerPrescaleSet                   
200164f9  PRCMPeripheralClkDisable           
20016521  SDHostBlockSizeSet                 
20016571  _SlDrvProtectionObjLockWaitForever 
20016599  NwpRegisterInterruptHandler        
200165bf  SDHostBlockCountSet                
200165e5  IntUnregister                      
20016609  SDHostIntClear                     
2001662d  UARTCharPutNonBlocking             
20016651  UARTEnable                         
20016675  _SlDrvGlobalObjUnLock              
20016699  _SlDrvProtectionObjUnLock          
200166bd  _SlDrvSyncObjWaitForever           
200166e1  memcmp                             
20016705  __aeabi_ui2f                       
20016729  I2CMasterSlaveAddrSet              
2001674b  SDHostCmdReset                     
2001676d  SL_FD_SET                          
2001678f  SPIReset                           
200167b1  SPIWordCountSet                    
200167d3  _SlDrvObjLockWaitForever           
200167f5  GPIOPinWrite                       
20016815  IntRegister                        
20016835  NwpPrePowerOffTimout0              
20016855  PRCMOCRRegisterWrite               
20016875  SDHostDataRead                     
20016895  TimerGetCurrentTimestamp           
200168b5  I2CMasterIntStatusEx               
200168d3  SDHostDataWrite                    
200168f1  TimerEnable                        
2001690f  TimerIntStatus                     
2001692d  UARTCharPut                        
2001694b  UARTIntRegister                    
20016969  _SlDrvObjUnLock                    
20016987  _SlDrvSyncObjSignal                
200169c3  PinTypeI2C                         
200169df  TimerValueGet                      
200169fb  UARTCharGetNonBlocking             
20016a17  _SlDrvStartMeasureTimeout          
20016a35  uDMAChannelEnable                  
20016a51  PinTypeSDHost                      
20016a6b  PinTypeUART                        
20016a85  SPIDmaDisable                      
20016a9f  SPIDmaEnable                       
20016ab9  SPIFIFODisable                     
20016ad3  SPIFIFOEnable                      
20016aed  strcat                             
20016b07  GPIOPinRead                        
20016b1f  SPICSDisable                       
20016b37  SPICSEnable                        
20016b4f  SPIDisable                         
20016b67  SPIEnable                          
20016b7f  TimerIntEnable                     
20016b97  UARTIntDisable                     
20016baf  UARTIntEnable                      
20016bc9  WatchdogUnlock                     
20016bf9  _args_main                         
20016c11  strcmp                             
20016c29  I2CMasterDataPut                   
20016c3f  I2CMasterEnable                    
20016c55  PRCMHIBRegRead                     
20016c6b  PRCMHIBRegWrite                    
20016c81  UARTFIFODisable                    
20016c97  UARTFIFOEnable                     
20016cad  WatchdogEnable                     
20016cc3  _SlDrvMemZero                      
20016cd9  strchr                             
20016cef  CPUcpsie                           
20016d05  IntVTableBaseSet                   
20016d19  PRCMHibernateEnter                 
20016d2d  strcpy                             
20016d41  strlen                             
20016d55  I2CMasterControl                   
20016d67  I2CMasterIntClearEx                
20016d79  I2CMasterTimeoutSet                
20016d8b  TimerIntClear                      
20016d9d  UARTIntClear                       
20016daf  WatchdogReloadSet                  
20016dc1  SL_FD_ZERO                         
20016dd1  WatchdogIntClear                   
20016de1  _SlDrvDispatchHttpServerEvents     
20016df1  I2CMasterDataGet                   
20016dff  _SlDrvResetCmdExt                  
20016e0d  __TI_decompress_none               
20016e1b  ResetISR                           
20016e29  NwpMaskInterrupt                   
20016e35  NwpUnMaskInterrupt                 
20016e41  __TI_zero_init                     
20016e4d  IntMasterEnable                    
20016e57  copysign                           
20016e57  copysignl                          
20016e5f  UtilsDelay                         
20016e65  vApplicationStackOverflowHook      
20016e67  vApplicationMallocFailedHook       
20016e69  vApplicationIdleHook               
20016e6b  _system_pre_init                   
20017014  g_acNumOfDaysPerMonth              
2001702d  g_acDaysOfWeek2017                 
20017061  g_acSNTPserverList                 
20017154  _ctypes_                           
200177e8  OpcodeTranslateTable               
20017824  _SlActionLookupTable               
2001795c  pcDigits                           
200179c4  _SlNetAppSendTokenValueCmdCtrl     
20017a18  __TI_static_base__                 
20017a88  __TI_Handler_Table_Base            
20017a94  __TI_Handler_Table_Limit           
20017aa0  __TI_CINIT_Base                    
20017ab0  __TI_CINIT_Limit                   
20019000  _sys_memory                        
20021001  g_numEntries                       
2002100c  g_ulStaIp                          
20021010  g_ulGatewayIP                      
20021014  g_ucConnectionBSSID                
2002101a  g_ucConnectionSSID                 
2002103b  netEntries                         
20021960  res                                
20021964  header                             
20021968  btw_header                         
2002196c  fp                                 
20021b90  fp_log                             
20021db4  fs                                 
2002201a  g_cUniqueID                        
20022028  n                                  
20022038  g_pDatetime                        
20022070  dataPoint                          
20022140  payload                            
2002223a  dbg_payload                        
20022438  g_sGPS_data                        
20022478  g_ucGPSRingBuf                     
2002266c  packet                             
20022860  MsgOutline                         
20022864  g_uiSubscribedTopics               
20022868  writeBuf                           
20022962  readBuf                            
20022a5c  g_ucOTABinFN                       
20022a60  firmware_binary                    
20022aa0  AirHTTPClient                      
20022c28  g_ucSNTPServerListIndex            
20022c29  g_sSNTPDataInUse                   
20022c2a  g_SundayIndex                      
20022c2c  g_acSNTPserver                     
20022c34  sAddr                              
20022c44  sLocalAddr                         
20022c54  g_sSNTPDateTime                    
20022c64  g_sTimeInfo                        
20022c88  g_sGPSTimeInfo                     
20022cac  g_SlDateTime                       
20022d20  g_ucPMRSTPin                       
20022d2c  g_uiPMRSTPort                      
20022d34  g_sPMData                          
20022d3c  g_spmdata                          
20022d64  g_ucLED1Pin                        
20022d65  g_ucLED2Pin                        
20022d66  g_ucLED3Pin                        
20022d67  g_ucJ9Pin                          
20022d68  g_uiLED1Port                       
20022d6c  g_uiLED2Port                       
20022d70  g_uiLED3Port                       
20022d74  g_uiJ9Port                         
20022d98  pxCurrentTCB                       
20022de4  g_ulErrorCodes                     
20022de8  g_ulTaskStatus                     
20022dec  g_ucRequestPingTest                
20022ded  g_ucConnectionReset                
20022df0  g_lResetCause                      
20022df4  g_ucMode                           
20022df5  bInitialConnectionFinished         
20022e08  g_SlDeviceStatus                   
20022e0c  g_pCB                              
20022e10  pPingCallBackFunc                  
20022e18  __TI_cleanup_ptr                   
20022e1c  __TI_dtors_ptr                     
20022e20  __TI_enable_exit_profile_output    
20022e30  xHigherPriorityTaskWoken           
20022e34  xSimpleLinkSpawnQueue              
20022e38  xSimpleLinkSpawnTaskHndl           
20022e3c  g_SpiFd                            
20022e40  g_pHostIntHdl                      
20022e44  g_ucDMAEnabled                     
20022e48  g_uiPingPacketsRecv                
20022e4c  g_uiPingDone                       
20022e50  _lock                              
20022e54  _unlock                            
20022e5c  g_ulStatus                         
20022e60  errno                              
20022e64  main_func_sp                       
200230ac  g_ucDinDout                        
200230fc  xQueueRegistry                     
200231c4  DMAMsgQ                            
200231c8  g_cDummy                           
200231cc  RxIrqCnt                           
200231cd  g_bDeviceRestartIsRequired         
2002e000  __stack                            
20030000  __STACK_END                        
ffffffff  __TI_pprof_out_hndl                
ffffffff  __TI_prof_data_size                
ffffffff  __TI_prof_data_start               
ffffffff  __binit__                          
ffffffff  __c_args__                         
ffffffff  binit                              
UNDEFED   SHT$$INIT_ARRAY$$Base              
UNDEFED   SHT$$INIT_ARRAY$$Limit             

[630 symbols]
