******************************************************************************
                  TI ARM Linker PC v16.9.1                     
******************************************************************************
>> Linked Fri Jul 07 13:24:58 2017

OUTPUT FILE NAME:   <airu-firmware.out>
ENTRY POINT SYMBOL: "_c_int00"  address: 2001372d


MEMORY CONFIGURATION

         name            origin    length      used     unused   attr    fill
----------------------  --------  ---------  --------  --------  ----  --------
  SRAM_CODE             20004000   00013000  00010e72  0000218e  RW X
  SRAM_DATA             20017000   00019000  00008606  000109fa  RW X


SEGMENT ALLOCATION MAP

run origin  load origin   length   init length attrs members
----------  ----------- ---------- ----------- ----- -------
20004000    20004000    00010e78   00010e78    r-x
  20004000    20004000    00000400   00000400    r-- .intvecs
  20004400    20004400    000101b6   000101b6    r-x .text
  200145b8    200145b8    0000084c   0000084c    r-- .const
  20014e08    20014e08    00000070   00000070    r-- .cinit
20017000    20017000    00006606   00000000    rw-
  20017000    20017000    00005000   00000000    rw- .sysmem
  2001c000    2001c000    000012a8   00000000    rw- .data
  2001d2a8    2001d2a8    0000035e   00000000    rw- .bss
2002e000    2002e000    00002000   00000000    rw-
  2002e000    2002e000    00002000   00000000    rw- .stack


SECTION ALLOCATION MAP

 output                                  attributes/
section   page    origin      length       input sections
--------  ----  ----------  ----------   ----------------
.intvecs   0    20004000    00000400     
                  20004000    00000400     startup_ccs.obj (.intvecs)

.init_array 
*          0    20004000    00000000     UNINITIALIZED

.text      0    20004400    000101b6     
                  20004400    000018e0     internet_if.obj (.text)
                  20005ce0    000012f8     main.obj (.text)
                  20006fd8    0000125c     free_rtos.a : tasks.obj (.text)
                  20008234    00001164     ff.obj (.text)
                  20009398    00001102     rtsv7M4_T_le_eabi.lib : _printfi.obj (.text)
                  2000a49a    00000002     driverlib.a : interrupt.obj (.text:IntDefaultHandler)
                  2000a49c    00000fc4     webclient.a : httpcli.obj (.text)
                  2000b460    00000b24     free_rtos.a : queue.obj (.text)
                  2000bf84    000005f0     json.a : jsmn.obj (.text)
                  2000c574    00000590     simplelink.a : driver.obj (.text:_SlDrvMsgRead)
                  2000cb04    0000045c     free_rtos.a : osi_freertos.obj (.text)
                  2000cf60    00000438     gps_if.obj (.text)
                  2000d398    000002ea     webclient.a : ssock.obj (.text)
                  2000d682    00000002     rtsv7M4_T_le_eabi.lib : _lock.obj (.text)
                  2000d684    00000258     i2c_if.obj (.text)
                  2000d8dc    0000024c     simplelink.a : driver.obj (.text:_SlDrvRxHdrRead)
                  2000db28    00000238     rtsv7M4_T_le_eabi.lib : strtod.obj (.text)
                  2000dd60    000001f4                           : ull_div_t2.obj (.text)
                  2000df54    000001e0     simplelink.a : driver.obj (.text:_SlDrvDataReadOp)
                  2000e134    000001d0                  : driver.obj (.text:_SlDrvReleasePoolObj)
                  2000e304    000001cc     uart_if.obj (.text)
                  2000e4d0    000001c4     diskio.obj (.text)
                  2000e694    000001c0     rtsv7M4_T_le_eabi.lib : memory.obj (.text)
                  2000e854    000001b6                           : fd_add_t2.obj (.text)
                  2000ea0a    00000002                           : mpu_init.obj (.text)
                  2000ea0c    0000019c     simplelink.a : driver.obj (.text:_SlDrvMsgWrite)
                  2000eba8    00000190                  : driver.obj (.text:_SlDrvDriverCBInit)
                  2000ed38    00000190                  : driver.obj (.text:_SlDrvWaitForPoolObj)
                  2000eec8    0000018c                  : socket.obj (.text:sl_Connect)
                  2000f054    00000178     driverlib.a : prcm.obj (.text:PRCMCC3200MCUInit)
                  2000f1cc    00000170     simplelink.a : driver.obj (.text:_SlFindAndSetActiveObj)
                  2000f33c    00000150                  : cc_pal.obj (.text:spi_Open)
                  2000f48c    0000014c                  : driver.obj (.text:_SlDrvDataWriteOp)
                  2000f5d8    00000144                  : netapp.obj (.text:sl_NetAppDnsGetHostByName)
                  2000f71c    00000144                  : socket.obj (.text:sl_SendTo)
                  2000f860    0000013c                  : driver.obj (.text:_SlDrvMsgReadCmdCtx)
                  2000f99c    0000013c                  : socket.obj (.text:sl_RecvFrom)
                  2000fad8    00000136     rtsv7M4_T_le_eabi.lib : fd_div_t2.obj (.text)
                  2000fc0e    00000002                           : startup.obj (.text)
                  2000fc10    00000134     simplelink.a : socket.obj (.text:sl_Send)
                  2000fd44    0000012a     free_rtos.a : list.obj (.text)
                  2000fe6e    00000002     --HOLE-- [fill = 0]
                  2000fe70    00000124     simplelink.a : driver.obj (.text:_SlDrvDriverCBDeinit)
                  2000ff94    00000118                  : fs.obj (.text:sl_FsWrite)
                  200100ac    00000114     rtsv7M4_T_le_eabi.lib : strtoul.obj (.text)
                  200101c0    00000110     free_rtos.a : port.obj (.text)
                  200102d0    00000104     simplelink.a : netapp.obj (.text:_SlDrvNetAppEventHandler)
                  200103d4    000000fc     rtsv7M4_T_le_eabi.lib : fd_mul_t2.obj (.text)
                  200104d0    000000fa                           : fs_add_t2.obj (.text)
                  200105ca    00000002     --HOLE-- [fill = 0]
                  200105cc    000000f0     gpio_if.obj (.text)
                  200106bc    000000f0     simplelink.a : device.obj (.text:sl_Stop)
                  200107ac    000000f0     driverlib.a : udma.obj (.text:uDMAChannelTransferSet)
                  2001089c    000000ec     simplelink.a : device.obj (.text:sl_Start)
                  20010988    000000e8                  : driver.obj (.text:_SlAsyncEventGenericHandler)
                  20010a70    000000e8                  : driver.obj (.text:_SlDrvMsgReadSpawnCtx)
                  20010b58    000000dc                  : driver.obj (.text:_SlDrvClassifyRxMsg)
                  20010c34    000000dc     pms_if.obj (.text)
                  20010d10    000000dc     simplelink.a : cc_pal.obj (.text:spi_Read)
                  20010dec    000000d8                  : netcfg.obj (.text:sl_NetCfgGet)
                  20010ec4    000000d4     simplelink_if.obj (.text)
                  20010f98    000000d0     rtsv7M4_T_le_eabi.lib : s_scalbn.obj (.text)
                  20011068    000000cc     simplelink.a : netapp.obj (.text:_sl_HandleAsync_DnsGetHostByService)
                  20011134    000000cc                  : wlan.obj (.text:sl_WlanGet)
                  20011200    000000c4                  : driver.obj (.text:_SlRemoveFromList)
                  200112c4    000000c0                  : driver.obj (.text:_SlDrvCmdOp)
                  20011384    000000ba     free_rtos.a : portasm.obj (.text)
                  2001143e    00000002     --HOLE-- [fill = 0]
                  20011440    000000b8     simplelink.a : socket.obj (.text:sl_Bind)
                  200114f8    000000b4                  : fs.obj (.text:sl_FsClose)
                  200115ac    000000a8     driverlib.a : interrupt.obj (.text:IntDisable)
                  20011654    000000a8                 : interrupt.obj (.text:IntEnable)
                  200116fc    000000a4     simplelink.a : fs.obj (.text:sl_FsOpen)
                  200117a0    000000a0     driverlib.a : spi.obj (.text:SPIConfigSetExpClk)
                  20011840    000000a0     simplelink.a : driver.obj (.text:_SlDriverHandleError)
                  200118e0    000000a0                  : socket.obj (.text:sl_Recv)
                  20011980    0000009c     rtsv7M4_T_le_eabi.lib : memcpy_t2.obj (.text)
                  20011a1c    0000009a     simplelink.a : device.obj (.text:_SlDrvDeviceEventHandler)
                  20011ab6    00000002     --HOLE-- [fill = 0]
                  20011ab8    00000098                  : netapp.obj (.text:sl_NetAppSet)
                  20011b50    00000098                  : socket.obj (.text:sl_SetSockOpt)
                  20011be8    00000098                  : wlan.obj (.text:sl_WlanSet)
                  20011c80    00000094     driverlib.a : prcm.obj (.text:PRCMPeripheralClockGet)
                  20011d14    00000094     simplelink.a : fs.obj (.text:_sl_GetCreateFsMode)
                  20011da8    00000090                  : netapp.obj (.text:_sl_HandleAsync_DnsGetHostByName)
                  20011e38    00000090                  : netapp.obj (.text:_sl_HandleAsync_PingResponse)
                  20011ec8    0000008c                  : cc_pal.obj (.text:SetupDMAReceive)
                  20011f54    0000008c                  : cc_pal.obj (.text:SetupDMASend)
                  20011fe0    0000008c                  : driver.obj (.text:_SlDrvIsTimeoutExpired)
                  2001206c    0000008c                  : device.obj (.text:_sl_HandleAsync_InitComplete)
                  200120f8    0000008c                  : socket.obj (.text:sl_Socket)
                  20012184    0000008c                  : cc_pal.obj (.text:spi_Write)
                  20012210    00000088     driverlib.a : prcm.obj (.text:PRCMHibernateIntervalSet)
                  20012298    00000088                 : pin.obj (.text:PinConfigSet)
                  20012320    00000088     rtsv7M4_T_le_eabi.lib : vsnprintf.obj (.text)
                  200123a8    00000086                           : fd_cmp_t2.obj (.text:__aeabi_cdcmple)
                  2001242e    00000086                           : fd_cmp_t2.obj (.text:__aeabi_cdrcmple)
                  200124b4    00000084     driverlib.a : i2c.obj (.text:I2CMasterInitExpClk)
                  20012538    00000080     simplelink.a : socket.obj (.text:_sl_HandleAsync_Connect)
                  200125b8    00000080     app_utils.obj (.text)
                  20012638    00000080     simplelink.a : cc_pal.obj (.text:spi_Read_CPU)
                  200126b8    00000080                  : cc_pal.obj (.text:spi_Write_CPU)
                  20012738    0000007c     driverlib.a : sdhost.obj (.text:SDHostInit)
                  200127b4    0000007a     rtsv7M4_T_le_eabi.lib : fs_mul_t2.obj (.text)
                  2001282e    0000007a                           : memset_t2.obj (.text)
                  200128a8    00000078     simplelink.a : cc_pal.obj (.text:spi_Close)
                  20012920    00000076     driverlib.a : uart.obj (.text:UARTConfigSetExpClk)
                  20012996    00000002     --HOLE-- [fill = 0]
                  20012998    00000070     rtsv7M4_T_le_eabi.lib : autoinit.obj (.text)
                  20012a08    0000006e                           : fd_tos_t2.obj (.text)
                  20012a76    00000002     --HOLE-- [fill = 0]
                  20012a78    0000006c     simplelink.a : driver.obj (.text:_SlDrvCmdSend)
                  20012ae4    0000006c                  : netapp.obj (.text:_sl_NetAppSendTokenValue)
                  20012b50    00000068     rtsv7M4_T_le_eabi.lib : copy_decompress_lzss.obj (.text:decompress:lzss)
                  20012bb8    00000066     driverlib.a : sdhost.obj (.text:SDHostSetExpClk)
                  20012c1e    00000002     --HOLE-- [fill = 0]
                  20012c20    00000064     simplelink.a : socket.obj (.text:_sl_HandleAsync_Accept)
                  20012c84    00000064     driverlib.a : udma.obj (.text:uDMAChannelAttributeDisable)
                  20012ce8    00000064                 : udma.obj (.text:uDMAChannelAttributeEnable)
                  20012d4c    00000060     rtsv7M4_T_le_eabi.lib : fs_cmp_t2.obj (.text:__aeabi_cfcmple)
                  20012dac    00000060                           : sprintf.obj (.text)
                  20012e0c    00000060     simplelink.a : socket.obj (.text:sl_Close)
                  20012e6c    00000060                  : wlan.obj (.text:sl_WlanSetMode)
                  20012ecc    0000005c     rtsv7M4_T_le_eabi.lib : s_frexp.obj (.text)
                  20012f28    00000058     driverlib.a : interrupt.obj (.text:IntPendClear)
                  20012f80    00000058                 : prcm.obj (.text:PRCMPeripheralReset)
                  20012fd8    00000058     simplelink.a : netapp.obj (.text:sl_NetAppStart)
                  20013030    00000058                  : netapp.obj (.text:sl_NetAppStop)
                  20013088    00000054     driverlib.a : interrupt.obj (.text:IntPrioritySet)
                  200130dc    00000054     simplelink.a : socket.obj (.text:_sl_HandleAsync_Select)
                  20013130    00000054     rtsv7M4_T_le_eabi.lib : exit.obj (.text)
                  20013184    00000054                           : ltoa.obj (.text)
                  200131d8    00000050     simplelink.a : driver.obj (.text:_SlDrvRxIrqHandler)
                  20013228    00000050                  : device.obj (.text:_sl_HandleAsync_Stop)
                  20013278    0000004c     driverlib.a : spi.obj (.text:SPIIntEnable)
                  200132c4    0000004c     simplelink.a : driver.obj (.text:_SlDrvProtectAsyncRespSetting)
                  20013310    0000004c                  : socket.obj (.text:_sl_BuildAddress)
                  2001335c    0000004c     rtsv7M4_T_le_eabi.lib : atoi.obj (.text)
                  200133a8    0000004c                           : cpy_tbl.obj (.text)
                  200133f4    0000004c     driverlib.a : udma.obj (.text:uDMAChannelAssign)
                  20013440    00000048                 : prcm.obj (.text:PRCMHibernateWakeupSourceEnable)
                  20013488    00000048                 : spi.obj (.text:SPIIntClear)
                  200134d0    00000048     rtsv7M4_T_le_eabi.lib : fd_toi_t2.obj (.text)
                  20013518    00000044     driverlib.a : spi.obj (.text:SPIDmaMaskGet)
                  2001355c    00000044                 : timer.obj (.text:TimerConfigure)
                  200135a0    00000044                 : uart.obj (.text:UARTIntNumberGet)
                  200135e4    00000044     simplelink.a : cc_pal.obj (.text:cc_SetupTransfer)
                  20013628    00000042                  : socket.obj (.text:sl_Htonl)
                  2001366a    00000002     --HOLE-- [fill = 0]
                  2001366c    00000040     driverlib.a : pin.obj (.text:PinModeSet)
                  200136ac    00000040     simplelink.a : driver.obj (.text:_SlDrvSyncObjWaitTimeout)
                  200136ec    00000040                  : socket.obj (.text:_sl_TruncatePayloadByProtocol)
                  2001372c    00000040     rtsv7M4_T_le_eabi.lib : boot.obj (.text)
                  2001376c    0000003e     driverlib.a : sdhost.obj (.text:SDHostCmdSend)
                  200137aa    0000003c     simplelink.a : netapp.obj (.text:CopyPingResultsToReport)
                  200137e6    00000002     --HOLE-- [fill = 0]
                  200137e8    0000003c     driverlib.a : prcm.obj (.text:PRCMPeripheralClkEnable)
                  20013824    0000003c                 : pin.obj (.text:PinDirModeSet)
                  20013860    0000003c     simplelink.a : cc_pal.obj (.text:simplelink_timerA2_start)
                  2001389c    0000003c                  : socket.obj (.text:sl_Htons)
                  200138d8    0000003c     driverlib.a : udma.obj (.text:uDMAChannelControlSet)
                  20013914    00000038     simplelink.a : cc_pal.obj (.text:NwpPowerOff)
                  2001394c    00000038     free_rtos.a : heap_3.obj (.text)
                  20013984    00000038     rtsv7M4_T_le_eabi.lib : fs_tod_t2.obj (.text)
                  200139bc    00000038                           : fs_toi_t2.obj (.text)
                  200139f4    00000038                           : i_tofs_t2.obj (.text)
                  20013a2c    00000036     driverlib.a : gpio.obj (.text:GPIODirModeSet)
                  20013a62    00000002     --HOLE-- [fill = 0]
                  20013a64    00000034                 : prcm.obj (.text:PRCMPeripheralStatusGet)
                  20013a98    00000034                 : sdhost.obj (.text:SDHostRespGet)
                  20013acc    00000034                 : spi.obj (.text:SPIFIFOLevelSet)
                  20013b00    00000034     rtsv7M4_T_le_eabi.lib : strncpy.obj (.text)
                  20013b34    00000034                           : strstr.obj (.text)
                  20013b68    00000030     driverlib.a : pin.obj (.text:PinTypeGPIO)
                  20013b98    00000030                 : uart.obj (.text:UARTDisable)
                  20013bc8    00000030     simplelink.a : fs.obj (.text:_sl_Strlen)
                  20013bf8    0000002e     rtsv7M4_T_le_eabi.lib : i_tofd_t2.obj (.text)
                  20013c26    00000002     --HOLE-- [fill = 0]
                  20013c28    0000002c     simplelink.a : cc_pal.obj (.text:DmaSpiSwIntHandler)
                  20013c54    0000002c     driverlib.a : i2c.obj (.text:I2CMasterErr)
                  20013c80    0000002c     simplelink.a : cc_pal.obj (.text:NwpPowerOn)
                  20013cac    0000002c     driverlib.a : prcm.obj (.text:PRCMSysResetCauseGet)
                  20013cd8    0000002c                 : sdhost.obj (.text:SDHostIntStatus)
                  20013d04    0000002c     rtsv7M4_T_le_eabi.lib : strncmp.obj (.text)
                  20013d30    0000002a     driverlib.a : timer.obj (.text:TimerLoadSet)
                  20013d5a    0000002a                 : timer.obj (.text:TimerPrescaleSet)
                  20013d84    00000028                 : prcm.obj (.text:PRCMPeripheralClkDisable)
                  20013dac    00000028                 : sdhost.obj (.text:SDHostBlockSizeSet)
                  20013dd4    00000028     simplelink.a : driver.obj (.text:_SlDrvObjGlobalLockWaitForever)
                  20013dfc    00000028                  : driver.obj (.text:_SlDrvProtectionObjLockWaitForever)
                  20013e24    00000026                  : cc_pal.obj (.text:NwpRegisterInterruptHandler)
                  20013e4a    00000026     driverlib.a : sdhost.obj (.text:SDHostBlockCountSet)
                  20013e70    00000024                 : interrupt.obj (.text:IntUnregister)
                  20013e94    00000024                 : sdhost.obj (.text:SDHostIntClear)
                  20013eb8    00000024                 : uart.obj (.text:UARTEnable)
                  20013edc    00000024     simplelink.a : driver.obj (.text:_SlDrvGlobalObjUnLock)
                  20013f00    00000024                  : driver.obj (.text:_SlDrvProtectionObjUnLock)
                  20013f24    00000024                  : driver.obj (.text:_SlDrvSyncObjWaitForever)
                  20013f48    00000024     rtsv7M4_T_le_eabi.lib : memcmp.obj (.text)
                  20013f6c    00000022     driverlib.a : i2c.obj (.text:I2CMasterSlaveAddrSet)
                  20013f8e    00000022                 : sdhost.obj (.text:SDHostCmdReset)
                  20013fb0    00000022                 : spi.obj (.text:SPIReset)
                  20013fd2    00000022                 : spi.obj (.text:SPIWordCountSet)
                  20013ff4    00000022     simplelink.a : driver.obj (.text:_SlDrvObjLockWaitForever)
                  20014016    00000020     driverlib.a : gpio.obj (.text:GPIOPinWrite)
                  20014036    00000002     --HOLE-- [fill = 0]
                  20014038    00000020                 : interrupt.obj (.text:IntRegister)
                  20014058    00000020     simplelink.a : cc_pal.obj (.text:NwpPrePowerOffTimout0)
                  20014078    00000020     driverlib.a : sdhost.obj (.text:SDHostDataRead)
                  20014098    00000020     simplelink.a : cc_pal.obj (.text:TimerGetCurrentTimestamp)
                  200140b8    0000001e     driverlib.a : i2c.obj (.text:I2CMasterIntStatusEx)
                  200140d6    0000001e                 : sdhost.obj (.text:SDHostDataWrite)
                  200140f4    0000001e                 : timer.obj (.text:TimerEnable)
                  20014112    0000001e                 : timer.obj (.text:TimerIntStatus)
                  20014130    0000001e                 : uart.obj (.text:UARTCharPut)
                  2001414e    0000001e                 : uart.obj (.text:UARTIntRegister)
                  2001416c    0000001e     simplelink.a : driver.obj (.text:_SlDrvObjUnLock)
                  2001418a    0000001e                  : driver.obj (.text:_SlDrvSyncObjSignal)
                  200141a8    0000001e                  : cc_pal.obj (.text:cc_UDMAChannelSelect)
                  200141c6    0000001c     driverlib.a : pin.obj (.text:PinTypeI2C)
                  200141e2    0000001c                 : timer.obj (.text:TimerValueGet)
                  200141fe    0000001c                 : uart.obj (.text:UARTCharGetNonBlocking)
                  2001421a    0000001c     simplelink.a : driver.obj (.text:_SlDrvStartMeasureTimeout)
                  20014236    00000002     --HOLE-- [fill = 0]
                  20014238    0000001c     driverlib.a : udma.obj (.text:uDMAChannelEnable)
                  20014254    0000001a                 : pin.obj (.text:PinTypeSDHost)
                  2001426e    0000001a                 : pin.obj (.text:PinTypeUART)
                  20014288    0000001a                 : spi.obj (.text:SPIDmaDisable)
                  200142a2    0000001a                 : spi.obj (.text:SPIDmaEnable)
                  200142bc    0000001a                 : spi.obj (.text:SPIFIFODisable)
                  200142d6    0000001a                 : spi.obj (.text:SPIFIFOEnable)
                  200142f0    0000001a     rtsv7M4_T_le_eabi.lib : strcat.obj (.text)
                  2001430a    00000018     driverlib.a : spi.obj (.text:SPICSDisable)
                  20014322    00000018                 : spi.obj (.text:SPICSEnable)
                  2001433a    00000018                 : spi.obj (.text:SPIDisable)
                  20014352    00000018                 : spi.obj (.text:SPIEnable)
                  2001436a    00000018                 : uart.obj (.text:UARTIntEnable)
                  20014382    00000002     --HOLE-- [fill = 0]
                  20014384    00000018     simplelink.a : device.obj (.text:_sl_GetStartResponseConvert)
                  2001439c    00000018     rtsv7M4_T_le_eabi.lib : args_main.obj (.text)
                  200143b4    00000018                           : strcmp.obj (.text)
                  200143cc    00000016     driverlib.a : i2c.obj (.text:I2CMasterDataPut)
                  200143e2    00000016                 : i2c.obj (.text:I2CMasterEnable)
                  200143f8    00000016                 : prcm.obj (.text:PRCMHIBRegRead)
                  2001440e    00000016                 : prcm.obj (.text:PRCMHIBRegWrite)
                  20014424    00000016                 : uart.obj (.text:UARTFIFODisable)
                  2001443a    00000016     simplelink.a : driver.obj (.text:_SlDrvMemZero)
                  20014450    00000016     rtsv7M4_T_le_eabi.lib : strchr.obj (.text)
                  20014466    00000014     driverlib.a : cpu.obj (.text:CPUcpsie)
                  2001447a    00000002     --HOLE-- [fill = 0]
                  2001447c    00000014                 : interrupt.obj (.text:IntVTableBaseSet)
                  20014490    00000014                 : prcm.obj (.text:PRCMHibernateEnter)
                  200144a4    00000014     rtsv7M4_T_le_eabi.lib : strcpy.obj (.text)
                  200144b8    00000014                           : strlen.obj (.text)
                  200144cc    00000012     driverlib.a : i2c.obj (.text:I2CMasterControl)
                  200144de    00000012                 : i2c.obj (.text:I2CMasterIntClearEx)
                  200144f0    00000012                 : i2c.obj (.text:I2CMasterTimeoutSet)
                  20014502    00000012                 : timer.obj (.text:TimerIntClear)
                  20014514    00000012                 : uart.obj (.text:UARTIntClear)
                  20014526    00000010     simplelink.a : driver.obj (.text:_SlDrvDispatchHttpServerEvents)
                  20014536    0000000e     driverlib.a : i2c.obj (.text:I2CMasterDataGet)
                  20014544    0000000e     simplelink.a : driver.obj (.text:_SlDrvResetCmdExt)
                  20014552    0000000e     rtsv7M4_T_le_eabi.lib : copy_decompress_none.obj (.text:decompress:none)
                  20014560    0000000e     startup_ccs.obj (.text)
                  2001456e    00000002     --HOLE-- [fill = 0]
                  20014570    0000000c     simplelink.a : cc_pal.obj (.text:NwpMaskInterrupt)
                  2001457c    0000000c                  : cc_pal.obj (.text:NwpUnMaskInterrupt)
                  20014588    0000000c     rtsv7M4_T_le_eabi.lib : copy_zero_init.obj (.text:decompress:ZI)
                  20014594    0000000a     driverlib.a : interrupt.obj (.text:IntMasterEnable)
                  2001459e    00000008     rtsv7M4_T_le_eabi.lib : s_copysign.obj (.text)
                  200145a6    00000006     driverlib.a : utils.obj (.text:UtilsDelay)
                  200145ac    00000006     hooks.obj (.text)
                  200145b2    00000004     rtsv7M4_T_le_eabi.lib : pre_init.obj (.text)

.const     0    200145b8    0000084c     
                  200145b8    000001d0     internet_if.obj (.const:$O6$$)
                  20014788    00000101     rtsv7M4_T_le_eabi.lib : ctype.obj (.const:.string:_ctypes_)
                  20014889    00000003     --HOLE-- [fill = 0]
                  2001488c    00000100     driverlib.a : pin.obj (.const:g_ulPinToPadMap)
                  2001498c    000000d4                 : interrupt.obj (.const:g_pulRegs)
                  20014a60    000000a8                 : prcm.obj (.const:PRCM_PeriphRegsList)
                  20014b08    00000098     rtsv7M4_T_le_eabi.lib : strtod.obj (.const:$O15$$)
                  20014ba0    00000064     simplelink_if.obj (.const:$O11$$)
                  20014c04    0000003c     simplelink.a : driver.obj (.const:OpcodeTranslateTable)
                  20014c40    00000038                  : driver.obj (.const:_SlActionLookupTable)
                  20014c78    00000030     main.obj (.const:$O8$$)
                  20014ca8    00000020     simplelink.a : driver.obj (.const:RxMsgClassLUT)
                  20014cc8    00000018     driverlib.a : interrupt.obj (.const:g_pulDisRegs)
                  20014ce0    00000018                 : interrupt.obj (.const:g_pulEnRegs)
                  20014cf8    00000018                 : interrupt.obj (.const:g_pulUnpendRegs)
                  20014d10    00000018                 : spi.obj (.const:g_ulSPIDmaMaskMap)
                  20014d28    00000014     simplelink.a : driver.obj (.const:$P$T0$1)
                  20014d3c    00000014                  : fs.obj (.const:$P$T0$1)
                  20014d50    00000010                  : socket.obj (.const:.string:_SlPayloadByProtocolLUT)
                  20014d60    00000010     driverlib.a : uart.obj (.const:g_ppulUARTIntMap)
                  20014d70    00000010     webclient.a : httpcli.obj (.const)
                  20014d80    0000000b     app_utils.obj (.const:.string:pcDigits)
                  20014d8b    00000008     webclient.a : httpcli.obj (.const:.string)
                  20014d93    00000008     simplelink.a : device.obj (.const:StartResponseLUT)
                  20014d9b    00000001     --HOLE-- [fill = 0]
                  20014d9c    00000008                  : driver.obj (.const:g_H2NCnysPattern)
                  20014da4    00000008                  : driver.obj (.const:g_H2NSyncPattern)
                  20014dac    00000004                  : socket.obj (.const:$P$T0$1)
                  20014db0    00000004                  : socket.obj (.const:$P$T1$2)
                  20014db4    00000004                  : socket.obj (.const:$P$T2$3)
                  20014db8    00000004                  : fs.obj (.const:_SlFsCloseCmdCtrl)
                  20014dbc    00000004                  : fs.obj (.const:_SlFsOpenCmdCtrl)
                  20014dc0    00000004                  : fs.obj (.const:_SlFsWriteCmdCtrl)
                  20014dc4    00000004                  : netapp.obj (.const:_SlGetHostByNameCtrl)
                  20014dc8    00000004                  : netapp.obj (.const:_SlNetAppSendTokenValueCmdCtrl)
                  20014dcc    00000004                  : netapp.obj (.const:_SlNetAppSetCmdCtrl)
                  20014dd0    00000004                  : netapp.obj (.const:_SlNetAppStartCtrl)
                  20014dd4    00000004                  : netapp.obj (.const:_SlNetAppStopCtrl)
                  20014dd8    00000004                  : netcfg.obj (.const:_SlNetCfgGetCmdCtrl)
                  20014ddc    00000004                  : socket.obj (.const:_SlRecvCmdCtrl)
                  20014de0    00000004                  : socket.obj (.const:_SlRecvfomCmdCtrl)
                  20014de4    00000004                  : socket.obj (.const:_SlSendCmdCtrl)
                  20014de8    00000004                  : socket.obj (.const:_SlSetSockOptCmdCtrl)
                  20014dec    00000004                  : socket.obj (.const:_SlSockCloseCmdCtrl)
                  20014df0    00000004                  : socket.obj (.const:_SlSockSocketCmdCtrl)
                  20014df4    00000004                  : device.obj (.const:_SlStopCmdCtrl)
                  20014df8    00000004                  : wlan.obj (.const:_SlWlanCfgGetCmdCtrl)
                  20014dfc    00000004                  : wlan.obj (.const:_SlWlanCfgSetCmdCtrl)
                  20014e00    00000004                  : wlan.obj (.const:_SlWlanSetModeCmdCtrl)

.cinit     0    20014e08    00000070     
                  20014e08    00000048     (.cinit..data.load) [load image, compression = lzss]
                  20014e50    0000000c     (__TI_handler_table)
                  20014e5c    00000004     --HOLE-- [fill = 0]
                  20014e60    00000008     (.cinit..bss.load) [load image, compression = zero_init]
                  20014e68    00000010     (__TI_cinit_table)

.sysmem    0    20017000    00005000     UNINITIALIZED
                  20017000    00000008     rtsv7M4_T_le_eabi.lib : memory.obj (.sysmem)
                  20017008    00004ff8     --HOLE--

.data      0    2001c000    000012a8     UNINITIALIZED
                  2001c000    000006a8     main.obj (.data:$O7$$)
                  2001c6a8    00000688     internet_if.obj (.data:$O5$$)
                  2001cd30    0000042c     gps_if.obj (.data:$O4$$)
                  2001d15c    00000048     webclient.a : httpcli.obj (.data:tlsParams)
                  2001d1a4    00000034     free_rtos.a : tasks.obj (.data)
                  2001d1d8    00000028     gpio_if.obj (.data:$O3$$)
                  2001d200    00000028     pms_if.obj (.data:$O9$$)
                  2001d228    00000018     diskio.obj (.data:g_sDisk$4)
                  2001d240    00000010     webclient.a : httpcli.obj (.data)
                  2001d250    0000000d     simplelink.a : driver.obj (.data)
                  2001d25d    00000003     --HOLE--
                  2001d260    0000000c     rtsv7M4_T_le_eabi.lib : exit.obj (.data:$O1$$)
                  2001d26c    0000000c                           : memory.obj (.data:$O14$$)
                  2001d278    0000000c     free_rtos.a : osi_freertos.obj (.data)
                  2001d284    00000009     simplelink.a : cc_pal.obj (.data)
                  2001d28d    00000003     --HOLE--
                  2001d290    00000008     rtsv7M4_T_le_eabi.lib : _lock.obj (.data:$O13$$)
                  2001d298    00000004     free_rtos.a : port.obj (.data)
                  2001d29c    00000004     internet_if.obj (.data)
                  2001d2a0    00000004     rtsv7M4_T_le_eabi.lib : errno.obj (.data)
                  2001d2a4    00000004                           : stkdepth_vars.obj (.data)

.bss       0    2001d2a8    0000035e     UNINITIALIZED
                  2001d2a8    00000178     simplelink.a : driver.obj (.bss:g_StatMem)
                  2001d420    000000c8     free_rtos.a : tasks.obj (.bss:pxReadyTasksLists)
                  2001d4e8    00000050     (.common:g_ucDinDout)
                  2001d538    00000050     (.common:xQueueRegistry)
                  2001d588    00000014                 : tasks.obj (.bss:xDelayedTaskList1)
                  2001d59c    00000014                 : tasks.obj (.bss:xDelayedTaskList2)
                  2001d5b0    00000014                 : tasks.obj (.bss:xPendingReadyList)
                  2001d5c4    00000014                 : tasks.obj (.bss:xSuspendedTaskList)
                  2001d5d8    00000014                 : tasks.obj (.bss:xTasksWaitingTermination)
                  2001d5ec    00000008     ff.obj (.bss:$O2$$)
                  2001d5f4    00000008     free_rtos.a : tasks.obj (.bss)
                  2001d5fc    00000004     (.common:DMAMsgQ)
                  2001d600    00000004     (.common:g_cDummy)
                  2001d604    00000001     (.common:RxIrqCnt)
                  2001d605    00000001     (.common:g_bDeviceRestartIsRequired)

.stack     0    2002e000    00002000     UNINITIALIZED
                  2002e000    00002000     --HOLE--

MODULE SUMMARY

       Module                     code    ro data   rw data
       ------                     ----    -------   -------
    .\src\
       internet_if.obj            6368    464       1676   
       main.obj                   4856    48        1704   
       ff.obj                     4452    0         8      
       gps_if.obj                 1080    0         1068   
       startup_ccs.obj            14      1024      0      
       i2c_if.obj                 600     0         0      
       diskio.obj                 452     0         24     
       uart_if.obj                460     0         0      
       simplelink_if.obj          212     100       0      
       gpio_if.obj                240     0         40     
       pms_if.obj                 220     0         40     
       app_utils.obj              128     11        0      
       hooks.obj                  6       0         0      
    +--+--------------------------+-------+---------+---------+
       Total:                     19088   1647      4560   
                                                           
    C:/TI/CC3200SDK_1.3.0/cc3200-sdk/driverlib/ccs/Release/driverlib.a
       prcm.obj                   1080    168       0      
       interrupt.obj              608     284       0      
       spi.obj                    696     24        0      
       pin.obj                    388     256       0      
       udma.obj                   604     0         0      
       sdhost.obj                 594     0         0      
       uart.obj                   422     16        0      
       i2c.obj                    352     0         0      
       timer.obj                  258     0         0      
       gpio.obj                   86      0         0      
       cpu.obj                    20      0         0      
       utils.obj                  6       0         0      
    +--+--------------------------+-------+---------+---------+
       Total:                     5114    748       0      
                                                           
    C:/TI/CC3200SDK_1.3.0/cc3200-sdk/netapps/http/client/ccs/HTTPClientMinLib/webclient.a
       httpcli.obj                4036    24        88     
       ssock.obj                  746     0         0      
    +--+--------------------------+-------+---------+---------+
       Total:                     4782    24        88     
                                                           
    C:/TI/CC3200SDK_1.3.0/cc3200-sdk/netapps/json/ccs/Release/json.a
       jsmn.obj                   1520    0         0      
    +--+--------------------------+-------+---------+---------+
       Total:                     1520    0         0      
                                                           
    C:/TI/CC3200SDK_1.3.0/cc3200-sdk/oslib/ccs/free_rtos/free_rtos.a
       tasks.obj                  4700    0         360    
       queue.obj                  2852    0         80     
       osi_freertos.obj           1116    0         12     
       list.obj                   298     0         0      
       port.obj                   272     0         4      
       portasm.obj                186     0         0      
       heap_3.obj                 56      0         0      
    +--+--------------------------+-------+---------+---------+
       Total:                     9480    0         456    
                                                           
    C:/TI/CC3200SDK_1.3.0/cc3200-sdk/simplelink/ccs/OS/simplelink.a
       driver.obj                 7538    184       391    
       socket.obj                 2654    52        0      
       cc_pal.obj                 1780    0         97     
       netapp.obj                 1572    20        0      
       device.obj                 874     12        0      
       fs.obj                     820     32        0      
       wlan.obj                   452     12        0      
       netcfg.obj                 216     4         0      
    +--+--------------------------+-------+---------+---------+
       Total:                     15906   316       488    
                                                           
    C:\TI\ccsv7\tools\compiler\ti-cgt-arm_16.9.1.LTS\lib\rtsv7M4_T_le_eabi.lib
       _printfi.obj               4354    0         0      
       strtod.obj                 568     152       0      
       ull_div_t2.obj             500     0         0      
       memory.obj                 448     0         12     
       fd_add_t2.obj              438     0         0      
       fd_div_t2.obj              310     0         0      
       strtoul.obj                276     0         0      
       fd_cmp_t2.obj              268     0         0      
       ctype.obj                  0       257       0      
       fd_mul_t2.obj              252     0         0      
       fs_add_t2.obj              250     0         0      
       s_scalbn.obj               208     0         0      
       memcpy_t2.obj              156     0         0      
       vsnprintf.obj              136     0         0      
       fs_mul_t2.obj              122     0         0      
       memset_t2.obj              122     0         0      
       autoinit.obj               112     0         0      
       fd_tos_t2.obj              110     0         0      
       copy_decompress_lzss.obj   104     0         0      
       exit.obj                   84      0         12     
       fs_cmp_t2.obj              96      0         0      
       sprintf.obj                96      0         0      
       s_frexp.obj                92      0         0      
       ltoa.obj                   84      0         0      
       atoi.obj                   76      0         0      
       cpy_tbl.obj                76      0         0      
       fd_toi_t2.obj              72      0         0      
       boot.obj                   64      0         0      
       fs_tod_t2.obj              56      0         0      
       fs_toi_t2.obj              56      0         0      
       i_tofs_t2.obj              56      0         0      
       strncpy.obj                52      0         0      
       strstr.obj                 52      0         0      
       i_tofd_t2.obj              46      0         0      
       strncmp.obj                44      0         0      
       memcmp.obj                 36      0         0      
       strcat.obj                 26      0         0      
       args_main.obj              24      0         0      
       strcmp.obj                 24      0         0      
       strchr.obj                 22      0         0      
       strcpy.obj                 20      0         0      
       strlen.obj                 20      0         0      
       copy_decompress_none.obj   14      0         0      
       copy_zero_init.obj         12      0         0      
       _lock.obj                  2       0         8      
       s_copysign.obj             8       0         0      
       errno.obj                  0       0         4      
       pre_init.obj               4       0         0      
       stkdepth_vars.obj          0       0         4      
       mpu_init.obj               2       0         0      
       startup.obj                2       0         0      
    +--+--------------------------+-------+---------+---------+
       Total:                     10052   409       40     
                                                           
       Heap:                      0       0         20480  
       Stack:                     0       0         8192   
       Linker Generated:          0       108       0      
    +--+--------------------------+-------+---------+---------+
       Grand Total:               65942   3252      34304  


LINKER GENERATED COPY TABLES

__TI_cinit_table @ 20014e68 records: 2, size/record: 8, table size: 16
	.data: load addr=20014e08, load size=00000048 bytes, run addr=2001c000, run size=000012a8 bytes, compression=lzss
	.bss: load addr=20014e60, load size=00000008 bytes, run addr=2001d2a8, run size=0000035e bytes, compression=zero_init


LINKER GENERATED HANDLER TABLE

__TI_handler_table @ 20014e50 records: 3, size/record: 4, table size: 12
	index: 0, handler: __TI_decompress_lzss
	index: 1, handler: __TI_decompress_none
	index: 2, handler: __TI_zero_init


GLOBAL SYMBOLS: SORTED ALPHABETICALLY BY Name 

address   name                               
-------   ----                               
20013131  C$$EXIT                            
20014467  CPUcpsie                           
20004d61  ConnectToNetwork                   
2000cfff  DEBUGprintDateTime                 
2001d5fc  DMAMsgQ                            
20013c29  DmaSpiSwIntHandler                 
2001cd38  GPGGA_data                         
20013a2d  GPIODirModeSet                     
20014017  GPIOPinWrite                       
2001065d  GPIO_IF_GetPortNPin                
2001067b  GPIO_IF_LedConfigure               
200105f1  GPIO_IF_LedOff                     
200105e3  GPIO_IF_LedOn                      
200105cd  GPIO_IF_Set                        
2000cf95  GPS_GetDateTime                    
200044d9  GetSNTPTime                        
2000adc7  HTTPCli_connect                    
2000aee9  HTTPCli_construct                  
2000af31  HTTPCli_create                     
2000af49  HTTPCli_delete                     
2000af7f  HTTPCli_destruct                   
2000afc7  HTTPCli_disconnect                 
2000b1fd  HTTPCli_getResponseField           
2000b1c7  HTTPCli_getResponseStatus          
2000acb9  HTTPCli_initSockAddr               
2000b40d  HTTPCli_readRawResponseBody        
2000b381  HTTPCli_readResponseBody           
2000b137  HTTPCli_sendField                  
2000b069  HTTPCli_sendRequest                
2000b18f  HTTPCli_sendRequestBody            
2000b44d  HTTPCli_setProxy                   
2000affd  HTTPCli_setRequestFields           
2000b023  HTTPCli_setResponseFields          
2000b049  HTTPCli_setSecureParams            
20004855  HTTP_FlushHTTPResponse             
200048f9  HTTP_GETDownloadFile               
2000543b  HTTP_POSTInfluxDBDataPoint         
20004fb5  HTTP_PostMethod                    
200144cd  I2CMasterControl                   
20014537  I2CMasterDataGet                   
200143cd  I2CMasterDataPut                   
200143e3  I2CMasterEnable                    
20013c55  I2CMasterErr                       
200124b5  I2CMasterInitExpClk                
200144df  I2CMasterIntClearEx                
200140b9  I2CMasterIntStatusEx               
20013f6d  I2CMasterSlaveAddrSet              
200144f1  I2CMasterTimeoutSet                
2000d6b9  I2C_IF_Close                       
2000d685  I2C_IF_Open                        
2000d893  I2C_IF_Read                        
2000d83b  I2C_IF_Write                       
2001c0bc  InfluxDBhttpClient                 
200115ad  IntDisable                         
20011655  IntEnable                          
20014595  IntMasterEnable                    
20012f29  IntPendClear                       
20013089  IntPrioritySet                     
20014039  IntRegister                        
20013e71  IntUnregister                      
2001447d  IntVTableBaseSet                   
2000e305  Message                            
20014571  NwpMaskInterrupt                   
20013915  NwpPowerOff                        
20013c81  NwpPowerOn                         
20014059  NwpPrePowerOffTimout0              
20013e25  NwpRegisterInterruptHandler        
2001457d  NwpUnMaskInterrupt                 
2001c188  OTAhttpClient                      
20014c04  OpcodeTranslateTable               
20010c5d  PMSSampleGet                       
2000f055  PRCMCC3200MCUInit                  
200143f9  PRCMHIBRegRead                     
2001440f  PRCMHIBRegWrite                    
20014491  PRCMHibernateEnter                 
20012211  PRCMHibernateIntervalSet           
20013441  PRCMHibernateWakeupSourceEnable    
20013d85  PRCMPeripheralClkDisable           
200137e9  PRCMPeripheralClkEnable            
20011c81  PRCMPeripheralClockGet             
20012f81  PRCMPeripheralReset                
20013a65  PRCMPeripheralStatusGet            
20013cad  PRCMSysResetCauseGet               
20012299  PinConfigSet                       
20013825  PinDirModeSet                      
2001366d  PinModeSet                         
20013b69  PinTypeGPIO                        
200141c7  PinTypeI2C                         
20014255  PinTypeSDHost                      
2001426f  PinTypeUART                        
2000e31d  Report                             
20014561  ResetISR                           
2001d604  RxIrqCnt                           
20013e4b  SDHostBlockCountSet                
20013dad  SDHostBlockSizeSet                 
20013f8f  SDHostCmdReset                     
2001376d  SDHostCmdSend                      
20014079  SDHostDataRead                     
200140d7  SDHostDataWrite                    
20012739  SDHostInit                         
20013e95  SDHostIntClear                     
20013cd9  SDHostIntStatus                    
20013a99  SDHostRespGet                      
20012bb9  SDHostSetExpClk                    
UNDEFED   SHT$$INIT_ARRAY$$Base              
UNDEFED   SHT$$INIT_ARRAY$$Limit             
20004847  SKT_CloseSocket                    
20004407  SKT_OpenUDPSocket                  
2001430b  SPICSDisable                       
20014323  SPICSEnable                        
200117a1  SPIConfigSetExpClk                 
2001433b  SPIDisable                         
20014289  SPIDmaDisable                      
200142a3  SPIDmaEnable                       
20014353  SPIEnable                          
200142bd  SPIFIFODisable                     
200142d7  SPIFIFOEnable                      
20013acd  SPIFIFOLevelSet                    
20013489  SPIIntClear                        
20013279  SPIIntEnable                       
20013fb1  SPIReset                           
20013fd3  SPIWordCountSet                    
20005c8d  SimpleLinkGeneralEventHandler      
20005be9  SimpleLinkHttpServerCallback       
200057c7  SimpleLinkNetAppEventHandler       
2000570d  SimpleLinkSockEventHandler         
200055e7  SimpleLinkWlanEventHandler         
2001c008  Size                               
2000d3b1  Ssock_construct                    
2000d3f1  Ssock_create                       
2000d40b  Ssock_delete                       
2000d433  Ssock_destruct                     
2000d485  Ssock_getSocket                    
2000d493  Ssock_recv                         
2000d4ed  Ssock_recvall                      
2000d531  Ssock_send                         
2000d64b  Ssock_startSecure                  
2001355d  TimerConfigure                     
200140f5  TimerEnable                        
20014099  TimerGetCurrentTimestamp           
20014503  TimerIntClear                      
20014113  TimerIntStatus                     
20013d31  TimerLoadSet                       
20006249  TimerPeriodicIntHandler            
20013d5b  TimerPrescaleSet                   
200141e3  TimerValueGet                      
200141ff  UARTCharGetNonBlocking             
20014131  UARTCharPut                        
20012921  UARTConfigSetExpClk                
20013b99  UARTDisable                        
20013eb9  UARTEnable                         
20014425  UARTFIFODisable                    
20014515  UARTIntClear                       
2001436b  UARTIntEnable                      
2001414f  UARTIntRegister                    
200145a7  UtilsDelay                         
2000cdcd  VDeleteSimpleLinkSpawnTask         
2000cd7d  VStartSimpleLinkSpawnTask          
20004401  Wlan_IsInternetAccess              
20014c40  _SlActionLookupTable               
20011841  _SlDriverHandleError               
200112c5  _SlDrvCmdOp                        
20012a79  _SlDrvCmdSend                      
2000df55  _SlDrvDataReadOp                   
2000f48d  _SlDrvDataWriteOp                  
20011a1d  _SlDrvDeviceEventHandler           
20014527  _SlDrvDispatchHttpServerEvents     
2000fe71  _SlDrvDriverCBDeinit               
2000eba9  _SlDrvDriverCBInit                 
20013edd  _SlDrvGlobalObjUnLock              
20011fe1  _SlDrvIsTimeoutExpired             
2001443b  _SlDrvMemZero                      
20010a71  _SlDrvMsgReadSpawnCtx              
200102d1  _SlDrvNetAppEventHandler           
20013ff5  _SlDrvObjLockWaitForever           
2001416d  _SlDrvObjUnLock                    
200132c5  _SlDrvProtectAsyncRespSetting      
20013dfd  _SlDrvProtectionObjLockWaitForever 
20013f01  _SlDrvProtectionObjUnLock          
2000e135  _SlDrvReleasePoolObj               
20014545  _SlDrvResetCmdExt                  
200131d9  _SlDrvRxIrqHandler                 
2001421b  _SlDrvStartMeasureTimeout          
2001418b  _SlDrvSyncObjSignal                
20013f25  _SlDrvSyncObjWaitForever           
200136ad  _SlDrvSyncObjWaitTimeout           
2000ed39  _SlDrvWaitForPoolObj               
20014dc8  _SlNetAppSendTokenValueCmdCtrl     
20030000  __STACK_END                        
00002000  __STACK_SIZE                       
00005000  __SYSMEM_SIZE                      
20014e68  __TI_CINIT_Base                    
20014e78  __TI_CINIT_Limit                   
20014e50  __TI_Handler_Table_Base            
20014e5c  __TI_Handler_Table_Limit           
20012999  __TI_auto_init                     
2001d260  __TI_cleanup_ptr                   
20012b51  __TI_decompress_lzss               
20014553  __TI_decompress_none               
2001d264  __TI_dtors_ptr                     
2001d268  __TI_enable_exit_profile_output    
ffffffff  __TI_pprof_out_hndl                
20009bc1  __TI_printfi                       
ffffffff  __TI_prof_data_size                
ffffffff  __TI_prof_data_start               
20014e08  __TI_static_base__                 
20014589  __TI_zero_init                     
200123a9  __aeabi_cdcmpeq                    
200123a9  __aeabi_cdcmple                    
2001242f  __aeabi_cdrcmple                   
20012d4d  __aeabi_cfcmpeq                    
20012d4d  __aeabi_cfcmple                    
20012a09  __aeabi_d2f                        
200134d1  __aeabi_d2iz                       
2000e85f  __aeabi_dadd                       
2000fad9  __aeabi_ddiv                       
200103d5  __aeabi_dmul                       
2000e855  __aeabi_dsub                       
20013985  __aeabi_f2d                        
200139bd  __aeabi_f2iz                       
200104d5  __aeabi_fadd                       
200127b5  __aeabi_fmul                       
200104d1  __aeabi_fsub                       
20013bf9  __aeabi_i2d                        
200139f5  __aeabi_i2f                        
2001282f  __aeabi_memclr                     
2001282f  __aeabi_memclr4                    
2001282f  __aeabi_memclr8                    
20011981  __aeabi_memcpy                     
20011981  __aeabi_memcpy4                    
20011981  __aeabi_memcpy8                    
20012831  __aeabi_memset                     
20012831  __aeabi_memset4                    
20012831  __aeabi_memset8                    
2000dd61  __aeabi_uldivmod                   
ffffffff  __binit__                          
ffffffff  __c_args__                         
2000ea0b  __mpu_init                         
2002e000  __stack                            
2001439d  _args_main                         
2001372d  _c_int00                           
20014788  _ctypes_                           
2001d290  _lock                              
2000d683  _nop                               
20011d15  _sl_GetCreateFsMode                
20012c21  _sl_HandleAsync_Accept             
20012539  _sl_HandleAsync_Connect            
20011da9  _sl_HandleAsync_DnsGetHostByName   
20011069  _sl_HandleAsync_DnsGetHostByService
2001206d  _sl_HandleAsync_InitComplete       
20011e39  _sl_HandleAsync_PingResponse       
200130dd  _sl_HandleAsync_Select             
20013229  _sl_HandleAsync_Stop               
20012ae5  _sl_NetAppSendTokenValue           
20017000  _sys_memory                        
2000fc0f  _system_post_cinit                 
200145b3  _system_pre_init                   
2001d294  _unlock                            
20013135  abort                              
2001335d  atoi                               
2001c003  bInitialConnectionFinished         
ffffffff  binit                              
2000a4e3  bufferedRecv                       
20008901  clust2sect                         
200133a9  copy_in                            
2001459f  copysign                           
2001459f  copysignl                          
2001c08c  dataPoint                          
2000e5e1  disk_read                          
2000e4d1  disk_status                        
2000e51d  disk_write                         
20007269  eTaskGetState                      
2001d2a0  errno                              
2001313d  exit                               
200090f9  f_close                            
20008f09  f_open                             
200091c1  f_write                            
2001c254  fp                                 
2000e789  free                               
20012ecd  frexp                              
20012ecd  frexpl                             
2001c478  fs                                 
2001d250  g_SlDeviceStatus                   
2001d284  g_SpiFd                            
2001466e  g_acDaysOfWeek2017                 
20014764  g_acMonthOfYear                    
200145e4  g_acNumOfDaysPerMonth              
200146e3  g_acSNTPserver                     
2001d605  g_bDeviceRestartIsRequired         
2001d600  g_cDummy                           
2001d254  g_pCB                              
2001d288  g_pHostIntHdl                      
20004000  g_pfnVectors                       
2001c72c  g_sSNTPData                        
2001c6c4  g_ucConnectionBSSID                
2001c70a  g_ucConnectionSSID                 
2001d28c  g_ucDMAEnabled                     
2001d4e8  g_ucDinDout                        
2001cd74  g_ucGPSRingBuf                     
2001d1db  g_ucJ9Pin                          
2001d1d8  g_ucLED1Pin                        
2001d1d9  g_ucLED2Pin                        
2001d1da  g_ucLED3Pin                        
2001d210  g_ucpmsRingBuf                     
2001d1e8  g_uiJ9Port                         
2001d1dc  g_uiLED1Port                       
2001d1e0  g_uiLED2Port                       
2001d1e4  g_uiLED3Port                       
2001c00c  g_ulErrorCodes                     
2001c6c0  g_ulGatewayIP                      
2001c6bc  g_ulStaIp                          
2001d29c  g_ulStatus                         
2001c006  g_usTimerInts                      
20010ec5  getMacAddress                      
2000882d  get_fat                            
2000e669  get_fattime                        
200125b9  itoa                               
2000c557  jsmn_init                          
2000c245  jsmn_parse                         
20010f99  ldexp                              
20010f99  ldexpl                             
20013185  ltoa                               
20006bfd  main                               
2001d2a4  main_func_sp                       
2000e721  malloc                             
2000ced1  mem_Free                           
2000cec5  mem_Malloc                         
2000cef1  mem_copy                           
2000cedd  mem_set                            
20013f49  memcmp                             
20011981  memcpy                             
20012837  memset                             
2000e6a3  minit                              
2000cf47  osi_ContextRestore                 
2000cf45  osi_ContextSave                    
2000cf05  osi_EnterCritical                  
2000cf0f  osi_ExitCritical                   
2000cb2b  osi_InterruptDeRegister            
2000cb05  osi_InterruptRegister              
2000cc35  osi_LockObjCreate                  
2000cca9  osi_LockObjDelete                  
2000ccb9  osi_LockObjLock                    
2000cce5  osi_LockObjUnlock                  
2000cdf9  osi_MsgQCreate                     
2000ce3d  osi_MsgQDelete                     
2000ce89  osi_MsgQRead                       
2000ce57  osi_MsgQWrite                      
2000cf21  osi_Sleep                          
2000cd0f  osi_Spawn                          
2000cc13  osi_SyncObjClear                   
2000cb3d  osi_SyncObjCreate                  
2000cb6d  osi_SyncObjDelete                  
2000cb87  osi_SyncObjSignal                  
2000cbaf  osi_SyncObjSignalFromISR           
2000cbe7  osi_SyncObjWait                    
2000cc5b  osi_TaskCreate                     
2000cc9b  osi_TaskDelete                     
2000cf31  osi_TaskDisable                    
2000cf3b  osi_TaskEnable                     
2000cf19  osi_start                          
2001d258  pPingCallBackFunc                  
2001cf68  packet                             
2000cf79  parseHex                           
20014d80  pcDigits                           
2000778d  pcTaskGetTaskName                  
20011439  portCLZ                            
20011421  prvPortStartFirstTask              
20008997  put_fat                            
2001394d  pvPortMalloc                       
2001d1a4  pxCurrentTCB                       
200101c1  pxPortInitialiseStack              
2001c000  res                                
2001c6d8  sAddr                              
2001c6e8  sLocalAddr                         
20010f99  scalbn                             
20010f99  scalbnl                            
2000cf61  sendCommand                        
20010f5d  setApDomainName                    
20010f35  setDeviceName                      
20010f05  setSsidName                        
20013861  simplelink_timerA2_start           
20011441  sl_Bind                            
20012e0d  sl_Close                           
2000eec9  sl_Connect                         
200114f9  sl_FsClose                         
200116fd  sl_FsOpen                          
2000ff95  sl_FsWrite                         
20013629  sl_Htonl                           
2001389d  sl_Htons                           
2000f5d9  sl_NetAppDnsGetHostByName          
20011ab9  sl_NetAppSet                       
20012fd9  sl_NetAppStart                     
20013031  sl_NetAppStop                      
20010ded  sl_NetCfgGet                       
200118e1  sl_Recv                            
2000f99d  sl_RecvFrom                        
2000fc11  sl_Send                            
2000f71d  sl_SendTo                          
20011b51  sl_SetSockOpt                      
200120f9  sl_Socket                          
2001089d  sl_Start                           
200106bd  sl_Stop                            
20011135  sl_WlanGet                         
20011be9  sl_WlanSet                         
20012e6d  sl_WlanSetMode                     
200128a9  spi_Close                          
2000f33d  spi_Open                           
20010d11  spi_Read                           
20012185  spi_Write                          
20012dcf  sprintf                            
200142f1  strcat                             
20014451  strchr                             
200143b5  strcmp                             
200144a5  strcpy                             
2001260d  stripChar                          
200144b9  strlen                             
20013d05  strncmp                            
20013b01  strncpy                            
20013b35  strstr                             
2000db29  strtod                             
2000db29  strtold                            
200100ad  strtoul                            
200133f5  uDMAChannelAssign                  
20012c85  uDMAChannelAttributeDisable        
20012ce9  uDMAChannelAttributeEnable         
200138d9  uDMAChannelControlSet              
20014239  uDMAChannelEnable                  
200107ad  uDMAChannelTransferSet             
2001c001  ucHasPreviouslyConnectedToNetwork  
2000bbe1  ucQueueGetQueueType                
20011389  ulPortSetInterruptMask             
2000fe27  uxListRemove                       
2000bbc1  uxQueueGetQueueNumber              
2000bb55  uxQueueMessagesWaiting             
2000bb8b  uxQueueMessagesWaitingFromISR      
2000bb6b  uxQueueSpacesAvailable             
20007781  uxTaskGetNumberOfTasks             
200077b1  uxTaskGetSystemState               
20007ca5  uxTaskGetTaskNumber                
200072fd  uxTaskPriorityGet                  
200081fd  uxTaskResetEventItemValue          
200145b1  vApplicationIdleHook               
200145af  vApplicationMallocFailedHook       
200145ad  vApplicationStackOverflowHook      
2000fd45  vListInitialise                    
2000fd75  vListInitialiseItem                
2000fdc1  vListInsert                        
2000fd85  vListInsertEnd                     
2001139f  vPortClearInterruptMask            
2001023d  vPortEndScheduler                  
20010251  vPortEnterCritical                 
20010269  vPortExitCritical                  
2001396d  vPortFree                          
200113f9  vPortSVCHandler                    
2001029d  vPortSetupTimerInterrupt           
2001023f  vPortYield                         
2000bdfb  vQueueAddToRegistry                
2000bb9d  vQueueDelete                       
2000bbcf  vQueueSetQueueNumber               
2000be3d  vQueueUnregisterQueue              
20007213  vTaskDelay                         
20007177  vTaskDelayUntil                    
200070e7  vTaskDelete                        
20007665  vTaskEndScheduler                  
20007c97  vTaskMissedYield                   
20007a2d  vTaskPlaceOnEventList              
20007a91  vTaskPlaceOnUnorderedEventList     
20008173  vTaskPriorityDisinherit            
200080b9  vTaskPriorityInherit               
20007335  vTaskPrioritySet                   
2000752d  vTaskResume                        
20007cc5  vTaskSetTaskNumber                 
20007bf7  vTaskSetTimeOutState               
2000761b  vTaskStartScheduler                
20007439  vTaskSuspend                       
20007677  vTaskSuspendAll                    
200079ad  vTaskSwitchContext                 
20012369  vsnprintf                          
2001d278  xHigherPriorityTaskWoken           
200113ad  xPortPendSVHandler                 
20010211  xPortStartScheduler                
20010281  xPortSysTickHandler                
2000be8b  xQueueAddToSet                     
2000b7bd  xQueueAltGenericReceive            
2000b711  xQueueAltGenericSend               
2000b5e5  xQueueCreateCountingSemaphore      
2000b567  xQueueCreateMutex                  
2000be77  xQueueCreateSet                    
2000b4f1  xQueueGenericCreate                
2000b957  xQueueGenericReceive               
2000b461  xQueueGenericReset                 
2000b605  xQueueGenericSend                  
2000b8bb  xQueueGenericSendFromISR           
2000bd97  xQueueIsQueueEmptyFromISR          
2000bdd9  xQueueIsQueueFullFromISR           
2000bb11  xQueuePeekFromISR                  
2000ba99  xQueueReceiveFromISR               
2001d538  xQueueRegistry                     
2000bebf  xQueueRemoveFromSet                
2000bf01  xQueueSelectFromSet                
2000bf1b  xQueueSelectFromSetFromISR         
2001d27c  xSimpleLinkSpawnQueue              
2001d280  xSimpleLinkSpawnTaskHndl           
20007c1d  xTaskCheckForTimeOut               
20006fd9  xTaskGenericCreate                 
2000806d  xTaskGetCurrentTaskHandle          
2000786f  xTaskGetIdleTaskHandle             
20008081  xTaskGetSchedulerState             
20007755  xTaskGetTickCount                  
20007769  xTaskGetTickCountFromISR           
20007889  xTaskIncrementTick                 
20007b05  xTaskRemoveFromEventList           
20007b89  xTaskRemoveFromUnorderedEventList  
20007689  xTaskResumeAll                     
200075a1  xTaskResumeFromISR                 


GLOBAL SYMBOLS: SORTED BY Symbol Address 

address   name                               
-------   ----                               
00002000  __STACK_SIZE                       
00005000  __SYSMEM_SIZE                      
20004000  g_pfnVectors                       
20004401  Wlan_IsInternetAccess              
20004407  SKT_OpenUDPSocket                  
200044d9  GetSNTPTime                        
20004847  SKT_CloseSocket                    
20004855  HTTP_FlushHTTPResponse             
200048f9  HTTP_GETDownloadFile               
20004d61  ConnectToNetwork                   
20004fb5  HTTP_PostMethod                    
2000543b  HTTP_POSTInfluxDBDataPoint         
200055e7  SimpleLinkWlanEventHandler         
2000570d  SimpleLinkSockEventHandler         
200057c7  SimpleLinkNetAppEventHandler       
20005be9  SimpleLinkHttpServerCallback       
20005c8d  SimpleLinkGeneralEventHandler      
20006249  TimerPeriodicIntHandler            
20006bfd  main                               
20006fd9  xTaskGenericCreate                 
200070e7  vTaskDelete                        
20007177  vTaskDelayUntil                    
20007213  vTaskDelay                         
20007269  eTaskGetState                      
200072fd  uxTaskPriorityGet                  
20007335  vTaskPrioritySet                   
20007439  vTaskSuspend                       
2000752d  vTaskResume                        
200075a1  xTaskResumeFromISR                 
2000761b  vTaskStartScheduler                
20007665  vTaskEndScheduler                  
20007677  vTaskSuspendAll                    
20007689  xTaskResumeAll                     
20007755  xTaskGetTickCount                  
20007769  xTaskGetTickCountFromISR           
20007781  uxTaskGetNumberOfTasks             
2000778d  pcTaskGetTaskName                  
200077b1  uxTaskGetSystemState               
2000786f  xTaskGetIdleTaskHandle             
20007889  xTaskIncrementTick                 
200079ad  vTaskSwitchContext                 
20007a2d  vTaskPlaceOnEventList              
20007a91  vTaskPlaceOnUnorderedEventList     
20007b05  xTaskRemoveFromEventList           
20007b89  xTaskRemoveFromUnorderedEventList  
20007bf7  vTaskSetTimeOutState               
20007c1d  xTaskCheckForTimeOut               
20007c97  vTaskMissedYield                   
20007ca5  uxTaskGetTaskNumber                
20007cc5  vTaskSetTaskNumber                 
2000806d  xTaskGetCurrentTaskHandle          
20008081  xTaskGetSchedulerState             
200080b9  vTaskPriorityInherit               
20008173  vTaskPriorityDisinherit            
200081fd  uxTaskResetEventItemValue          
2000882d  get_fat                            
20008901  clust2sect                         
20008997  put_fat                            
20008f09  f_open                             
200090f9  f_close                            
200091c1  f_write                            
20009bc1  __TI_printfi                       
2000a4e3  bufferedRecv                       
2000acb9  HTTPCli_initSockAddr               
2000adc7  HTTPCli_connect                    
2000aee9  HTTPCli_construct                  
2000af31  HTTPCli_create                     
2000af49  HTTPCli_delete                     
2000af7f  HTTPCli_destruct                   
2000afc7  HTTPCli_disconnect                 
2000affd  HTTPCli_setRequestFields           
2000b023  HTTPCli_setResponseFields          
2000b049  HTTPCli_setSecureParams            
2000b069  HTTPCli_sendRequest                
2000b137  HTTPCli_sendField                  
2000b18f  HTTPCli_sendRequestBody            
2000b1c7  HTTPCli_getResponseStatus          
2000b1fd  HTTPCli_getResponseField           
2000b381  HTTPCli_readResponseBody           
2000b40d  HTTPCli_readRawResponseBody        
2000b44d  HTTPCli_setProxy                   
2000b461  xQueueGenericReset                 
2000b4f1  xQueueGenericCreate                
2000b567  xQueueCreateMutex                  
2000b5e5  xQueueCreateCountingSemaphore      
2000b605  xQueueGenericSend                  
2000b711  xQueueAltGenericSend               
2000b7bd  xQueueAltGenericReceive            
2000b8bb  xQueueGenericSendFromISR           
2000b957  xQueueGenericReceive               
2000ba99  xQueueReceiveFromISR               
2000bb11  xQueuePeekFromISR                  
2000bb55  uxQueueMessagesWaiting             
2000bb6b  uxQueueSpacesAvailable             
2000bb8b  uxQueueMessagesWaitingFromISR      
2000bb9d  vQueueDelete                       
2000bbc1  uxQueueGetQueueNumber              
2000bbcf  vQueueSetQueueNumber               
2000bbe1  ucQueueGetQueueType                
2000bd97  xQueueIsQueueEmptyFromISR          
2000bdd9  xQueueIsQueueFullFromISR           
2000bdfb  vQueueAddToRegistry                
2000be3d  vQueueUnregisterQueue              
2000be77  xQueueCreateSet                    
2000be8b  xQueueAddToSet                     
2000bebf  xQueueRemoveFromSet                
2000bf01  xQueueSelectFromSet                
2000bf1b  xQueueSelectFromSetFromISR         
2000c245  jsmn_parse                         
2000c557  jsmn_init                          
2000cb05  osi_InterruptRegister              
2000cb2b  osi_InterruptDeRegister            
2000cb3d  osi_SyncObjCreate                  
2000cb6d  osi_SyncObjDelete                  
2000cb87  osi_SyncObjSignal                  
2000cbaf  osi_SyncObjSignalFromISR           
2000cbe7  osi_SyncObjWait                    
2000cc13  osi_SyncObjClear                   
2000cc35  osi_LockObjCreate                  
2000cc5b  osi_TaskCreate                     
2000cc9b  osi_TaskDelete                     
2000cca9  osi_LockObjDelete                  
2000ccb9  osi_LockObjLock                    
2000cce5  osi_LockObjUnlock                  
2000cd0f  osi_Spawn                          
2000cd7d  VStartSimpleLinkSpawnTask          
2000cdcd  VDeleteSimpleLinkSpawnTask         
2000cdf9  osi_MsgQCreate                     
2000ce3d  osi_MsgQDelete                     
2000ce57  osi_MsgQWrite                      
2000ce89  osi_MsgQRead                       
2000cec5  mem_Malloc                         
2000ced1  mem_Free                           
2000cedd  mem_set                            
2000cef1  mem_copy                           
2000cf05  osi_EnterCritical                  
2000cf0f  osi_ExitCritical                   
2000cf19  osi_start                          
2000cf21  osi_Sleep                          
2000cf31  osi_TaskDisable                    
2000cf3b  osi_TaskEnable                     
2000cf45  osi_ContextSave                    
2000cf47  osi_ContextRestore                 
2000cf61  sendCommand                        
2000cf79  parseHex                           
2000cf95  GPS_GetDateTime                    
2000cfff  DEBUGprintDateTime                 
2000d3b1  Ssock_construct                    
2000d3f1  Ssock_create                       
2000d40b  Ssock_delete                       
2000d433  Ssock_destruct                     
2000d485  Ssock_getSocket                    
2000d493  Ssock_recv                         
2000d4ed  Ssock_recvall                      
2000d531  Ssock_send                         
2000d64b  Ssock_startSecure                  
2000d683  _nop                               
2000d685  I2C_IF_Open                        
2000d6b9  I2C_IF_Close                       
2000d83b  I2C_IF_Write                       
2000d893  I2C_IF_Read                        
2000db29  strtod                             
2000db29  strtold                            
2000dd61  __aeabi_uldivmod                   
2000df55  _SlDrvDataReadOp                   
2000e135  _SlDrvReleasePoolObj               
2000e305  Message                            
2000e31d  Report                             
2000e4d1  disk_status                        
2000e51d  disk_write                         
2000e5e1  disk_read                          
2000e669  get_fattime                        
2000e6a3  minit                              
2000e721  malloc                             
2000e789  free                               
2000e855  __aeabi_dsub                       
2000e85f  __aeabi_dadd                       
2000ea0b  __mpu_init                         
2000eba9  _SlDrvDriverCBInit                 
2000ed39  _SlDrvWaitForPoolObj               
2000eec9  sl_Connect                         
2000f055  PRCMCC3200MCUInit                  
2000f33d  spi_Open                           
2000f48d  _SlDrvDataWriteOp                  
2000f5d9  sl_NetAppDnsGetHostByName          
2000f71d  sl_SendTo                          
2000f99d  sl_RecvFrom                        
2000fad9  __aeabi_ddiv                       
2000fc0f  _system_post_cinit                 
2000fc11  sl_Send                            
2000fd45  vListInitialise                    
2000fd75  vListInitialiseItem                
2000fd85  vListInsertEnd                     
2000fdc1  vListInsert                        
2000fe27  uxListRemove                       
2000fe71  _SlDrvDriverCBDeinit               
2000ff95  sl_FsWrite                         
200100ad  strtoul                            
200101c1  pxPortInitialiseStack              
20010211  xPortStartScheduler                
2001023d  vPortEndScheduler                  
2001023f  vPortYield                         
20010251  vPortEnterCritical                 
20010269  vPortExitCritical                  
20010281  xPortSysTickHandler                
2001029d  vPortSetupTimerInterrupt           
200102d1  _SlDrvNetAppEventHandler           
200103d5  __aeabi_dmul                       
200104d1  __aeabi_fsub                       
200104d5  __aeabi_fadd                       
200105cd  GPIO_IF_Set                        
200105e3  GPIO_IF_LedOn                      
200105f1  GPIO_IF_LedOff                     
2001065d  GPIO_IF_GetPortNPin                
2001067b  GPIO_IF_LedConfigure               
200106bd  sl_Stop                            
200107ad  uDMAChannelTransferSet             
2001089d  sl_Start                           
20010a71  _SlDrvMsgReadSpawnCtx              
20010c5d  PMSSampleGet                       
20010d11  spi_Read                           
20010ded  sl_NetCfgGet                       
20010ec5  getMacAddress                      
20010f05  setSsidName                        
20010f35  setDeviceName                      
20010f5d  setApDomainName                    
20010f99  ldexp                              
20010f99  ldexpl                             
20010f99  scalbn                             
20010f99  scalbnl                            
20011069  _sl_HandleAsync_DnsGetHostByService
20011135  sl_WlanGet                         
200112c5  _SlDrvCmdOp                        
20011389  ulPortSetInterruptMask             
2001139f  vPortClearInterruptMask            
200113ad  xPortPendSVHandler                 
200113f9  vPortSVCHandler                    
20011421  prvPortStartFirstTask              
20011439  portCLZ                            
20011441  sl_Bind                            
200114f9  sl_FsClose                         
200115ad  IntDisable                         
20011655  IntEnable                          
200116fd  sl_FsOpen                          
200117a1  SPIConfigSetExpClk                 
20011841  _SlDriverHandleError               
200118e1  sl_Recv                            
20011981  __aeabi_memcpy                     
20011981  __aeabi_memcpy4                    
20011981  __aeabi_memcpy8                    
20011981  memcpy                             
20011a1d  _SlDrvDeviceEventHandler           
20011ab9  sl_NetAppSet                       
20011b51  sl_SetSockOpt                      
20011be9  sl_WlanSet                         
20011c81  PRCMPeripheralClockGet             
20011d15  _sl_GetCreateFsMode                
20011da9  _sl_HandleAsync_DnsGetHostByName   
20011e39  _sl_HandleAsync_PingResponse       
20011fe1  _SlDrvIsTimeoutExpired             
2001206d  _sl_HandleAsync_InitComplete       
200120f9  sl_Socket                          
20012185  spi_Write                          
20012211  PRCMHibernateIntervalSet           
20012299  PinConfigSet                       
20012369  vsnprintf                          
200123a9  __aeabi_cdcmpeq                    
200123a9  __aeabi_cdcmple                    
2001242f  __aeabi_cdrcmple                   
200124b5  I2CMasterInitExpClk                
20012539  _sl_HandleAsync_Connect            
200125b9  itoa                               
2001260d  stripChar                          
20012739  SDHostInit                         
200127b5  __aeabi_fmul                       
2001282f  __aeabi_memclr                     
2001282f  __aeabi_memclr4                    
2001282f  __aeabi_memclr8                    
20012831  __aeabi_memset                     
20012831  __aeabi_memset4                    
20012831  __aeabi_memset8                    
20012837  memset                             
200128a9  spi_Close                          
20012921  UARTConfigSetExpClk                
20012999  __TI_auto_init                     
20012a09  __aeabi_d2f                        
20012a79  _SlDrvCmdSend                      
20012ae5  _sl_NetAppSendTokenValue           
20012b51  __TI_decompress_lzss               
20012bb9  SDHostSetExpClk                    
20012c21  _sl_HandleAsync_Accept             
20012c85  uDMAChannelAttributeDisable        
20012ce9  uDMAChannelAttributeEnable         
20012d4d  __aeabi_cfcmpeq                    
20012d4d  __aeabi_cfcmple                    
20012dcf  sprintf                            
20012e0d  sl_Close                           
20012e6d  sl_WlanSetMode                     
20012ecd  frexp                              
20012ecd  frexpl                             
20012f29  IntPendClear                       
20012f81  PRCMPeripheralReset                
20012fd9  sl_NetAppStart                     
20013031  sl_NetAppStop                      
20013089  IntPrioritySet                     
200130dd  _sl_HandleAsync_Select             
20013131  C$$EXIT                            
20013135  abort                              
2001313d  exit                               
20013185  ltoa                               
200131d9  _SlDrvRxIrqHandler                 
20013229  _sl_HandleAsync_Stop               
20013279  SPIIntEnable                       
200132c5  _SlDrvProtectAsyncRespSetting      
2001335d  atoi                               
200133a9  copy_in                            
200133f5  uDMAChannelAssign                  
20013441  PRCMHibernateWakeupSourceEnable    
20013489  SPIIntClear                        
200134d1  __aeabi_d2iz                       
2001355d  TimerConfigure                     
20013629  sl_Htonl                           
2001366d  PinModeSet                         
200136ad  _SlDrvSyncObjWaitTimeout           
2001372d  _c_int00                           
2001376d  SDHostCmdSend                      
200137e9  PRCMPeripheralClkEnable            
20013825  PinDirModeSet                      
20013861  simplelink_timerA2_start           
2001389d  sl_Htons                           
200138d9  uDMAChannelControlSet              
20013915  NwpPowerOff                        
2001394d  pvPortMalloc                       
2001396d  vPortFree                          
20013985  __aeabi_f2d                        
200139bd  __aeabi_f2iz                       
200139f5  __aeabi_i2f                        
20013a2d  GPIODirModeSet                     
20013a65  PRCMPeripheralStatusGet            
20013a99  SDHostRespGet                      
20013acd  SPIFIFOLevelSet                    
20013b01  strncpy                            
20013b35  strstr                             
20013b69  PinTypeGPIO                        
20013b99  UARTDisable                        
20013bf9  __aeabi_i2d                        
20013c29  DmaSpiSwIntHandler                 
20013c55  I2CMasterErr                       
20013c81  NwpPowerOn                         
20013cad  PRCMSysResetCauseGet               
20013cd9  SDHostIntStatus                    
20013d05  strncmp                            
20013d31  TimerLoadSet                       
20013d5b  TimerPrescaleSet                   
20013d85  PRCMPeripheralClkDisable           
20013dad  SDHostBlockSizeSet                 
20013dfd  _SlDrvProtectionObjLockWaitForever 
20013e25  NwpRegisterInterruptHandler        
20013e4b  SDHostBlockCountSet                
20013e71  IntUnregister                      
20013e95  SDHostIntClear                     
20013eb9  UARTEnable                         
20013edd  _SlDrvGlobalObjUnLock              
20013f01  _SlDrvProtectionObjUnLock          
20013f25  _SlDrvSyncObjWaitForever           
20013f49  memcmp                             
20013f6d  I2CMasterSlaveAddrSet              
20013f8f  SDHostCmdReset                     
20013fb1  SPIReset                           
20013fd3  SPIWordCountSet                    
20013ff5  _SlDrvObjLockWaitForever           
20014017  GPIOPinWrite                       
20014039  IntRegister                        
20014059  NwpPrePowerOffTimout0              
20014079  SDHostDataRead                     
20014099  TimerGetCurrentTimestamp           
200140b9  I2CMasterIntStatusEx               
200140d7  SDHostDataWrite                    
200140f5  TimerEnable                        
20014113  TimerIntStatus                     
20014131  UARTCharPut                        
2001414f  UARTIntRegister                    
2001416d  _SlDrvObjUnLock                    
2001418b  _SlDrvSyncObjSignal                
200141c7  PinTypeI2C                         
200141e3  TimerValueGet                      
200141ff  UARTCharGetNonBlocking             
2001421b  _SlDrvStartMeasureTimeout          
20014239  uDMAChannelEnable                  
20014255  PinTypeSDHost                      
2001426f  PinTypeUART                        
20014289  SPIDmaDisable                      
200142a3  SPIDmaEnable                       
200142bd  SPIFIFODisable                     
200142d7  SPIFIFOEnable                      
200142f1  strcat                             
2001430b  SPICSDisable                       
20014323  SPICSEnable                        
2001433b  SPIDisable                         
20014353  SPIEnable                          
2001436b  UARTIntEnable                      
2001439d  _args_main                         
200143b5  strcmp                             
200143cd  I2CMasterDataPut                   
200143e3  I2CMasterEnable                    
200143f9  PRCMHIBRegRead                     
2001440f  PRCMHIBRegWrite                    
20014425  UARTFIFODisable                    
2001443b  _SlDrvMemZero                      
20014451  strchr                             
20014467  CPUcpsie                           
2001447d  IntVTableBaseSet                   
20014491  PRCMHibernateEnter                 
200144a5  strcpy                             
200144b9  strlen                             
200144cd  I2CMasterControl                   
200144df  I2CMasterIntClearEx                
200144f1  I2CMasterTimeoutSet                
20014503  TimerIntClear                      
20014515  UARTIntClear                       
20014527  _SlDrvDispatchHttpServerEvents     
20014537  I2CMasterDataGet                   
20014545  _SlDrvResetCmdExt                  
20014553  __TI_decompress_none               
20014561  ResetISR                           
20014571  NwpMaskInterrupt                   
2001457d  NwpUnMaskInterrupt                 
20014589  __TI_zero_init                     
20014595  IntMasterEnable                    
2001459f  copysign                           
2001459f  copysignl                          
200145a7  UtilsDelay                         
200145ad  vApplicationStackOverflowHook      
200145af  vApplicationMallocFailedHook       
200145b1  vApplicationIdleHook               
200145b3  _system_pre_init                   
200145e4  g_acNumOfDaysPerMonth              
2001466e  g_acDaysOfWeek2017                 
200146e3  g_acSNTPserver                     
20014764  g_acMonthOfYear                    
20014788  _ctypes_                           
20014c04  OpcodeTranslateTable               
20014c40  _SlActionLookupTable               
20014d80  pcDigits                           
20014dc8  _SlNetAppSendTokenValueCmdCtrl     
20014e08  __TI_static_base__                 
20014e50  __TI_Handler_Table_Base            
20014e5c  __TI_Handler_Table_Limit           
20014e68  __TI_CINIT_Base                    
20014e78  __TI_CINIT_Limit                   
20017000  _sys_memory                        
2001c000  res                                
2001c001  ucHasPreviouslyConnectedToNetwork  
2001c003  bInitialConnectionFinished         
2001c006  g_usTimerInts                      
2001c008  Size                               
2001c00c  g_ulErrorCodes                     
2001c08c  dataPoint                          
2001c0bc  InfluxDBhttpClient                 
2001c188  OTAhttpClient                      
2001c254  fp                                 
2001c478  fs                                 
2001c6bc  g_ulStaIp                          
2001c6c0  g_ulGatewayIP                      
2001c6c4  g_ucConnectionBSSID                
2001c6d8  sAddr                              
2001c6e8  sLocalAddr                         
2001c70a  g_ucConnectionSSID                 
2001c72c  g_sSNTPData                        
2001cd38  GPGGA_data                         
2001cd74  g_ucGPSRingBuf                     
2001cf68  packet                             
2001d1a4  pxCurrentTCB                       
2001d1d8  g_ucLED1Pin                        
2001d1d9  g_ucLED2Pin                        
2001d1da  g_ucLED3Pin                        
2001d1db  g_ucJ9Pin                          
2001d1dc  g_uiLED1Port                       
2001d1e0  g_uiLED2Port                       
2001d1e4  g_uiLED3Port                       
2001d1e8  g_uiJ9Port                         
2001d210  g_ucpmsRingBuf                     
2001d250  g_SlDeviceStatus                   
2001d254  g_pCB                              
2001d258  pPingCallBackFunc                  
2001d260  __TI_cleanup_ptr                   
2001d264  __TI_dtors_ptr                     
2001d268  __TI_enable_exit_profile_output    
2001d278  xHigherPriorityTaskWoken           
2001d27c  xSimpleLinkSpawnQueue              
2001d280  xSimpleLinkSpawnTaskHndl           
2001d284  g_SpiFd                            
2001d288  g_pHostIntHdl                      
2001d28c  g_ucDMAEnabled                     
2001d290  _lock                              
2001d294  _unlock                            
2001d29c  g_ulStatus                         
2001d2a0  errno                              
2001d2a4  main_func_sp                       
2001d4e8  g_ucDinDout                        
2001d538  xQueueRegistry                     
2001d5fc  DMAMsgQ                            
2001d600  g_cDummy                           
2001d604  RxIrqCnt                           
2001d605  g_bDeviceRestartIsRequired         
2002e000  __stack                            
20030000  __STACK_END                        
ffffffff  __TI_pprof_out_hndl                
ffffffff  __TI_prof_data_size                
ffffffff  __TI_prof_data_start               
ffffffff  __binit__                          
ffffffff  __c_args__                         
ffffffff  binit                              
UNDEFED   SHT$$INIT_ARRAY$$Base              
UNDEFED   SHT$$INIT_ARRAY$$Limit             

[515 symbols]
